mkdir -p /data/gs/gs2/GraphScope//analytical_engine/build && \
cd /data/gs/gs2/GraphScope//analytical_engine/build && \
cmake -DCMAKE_INSTALL_PREFIX=/opt/graphscope \
	-DNETWORKX=ON \
	-DBUILD_TESTS=OFF \
	-DENABLE_JAVA_SDK=ON .. && \
make -j16
-- The C compiler identification is GNU 9.3.1
-- The CXX compiler identification is GNU 9.3.1
-- Detecting C compiler ABI info
-- Detecting C compiler ABI info - done
-- Check for working C compiler: /opt/rh/devtoolset-9/root/usr/bin/cc - skipped
-- Detecting C compile features
-- Detecting C compile features - done
-- Detecting CXX compiler ABI info
-- Detecting CXX compiler ABI info - done
-- Check for working CXX compiler: /opt/rh/devtoolset-9/root/usr/bin/c++ - skipped
-- Detecting CXX compile features
-- Detecting CXX compile features - done
CMake Warning at CMakeLists.txt:40 (message):
  Compiling with ENABLE_JAVA_SDK ON expects a minimum Clang-11 compiler,
  current compiler is /opt/rh/devtoolset-9/root/usr/bin/c++.  The build
  process will continue, BUT llvm4jni-based acceleration will be unavailable
  for generated libs.


-- Setting build type to 'Release' as none was specified.
-- Performing Test HAS_STDCXX_17
-- Performing Test HAS_STDCXX_17 - Success
-- Performing Test W_NO_CLASS_MEMACCESS
-- Performing Test W_NO_CLASS_MEMACCESS - Success
-- Performing Test W_NO_REDUNDANT_MOVE
-- Performing Test W_NO_REDUNDANT_MOVE - Success
-- Performing Test W_NO_UNDEF_PREFIX
-- Performing Test W_NO_UNDEF_PREFIX - Success
-- Performing Test CMAKE_HAVE_LIBC_PTHREAD
-- Performing Test CMAKE_HAVE_LIBC_PTHREAD - Failed
-- Looking for pthread_create in pthreads
-- Looking for pthread_create in pthreads - not found
-- Looking for pthread_create in pthread
-- Looking for pthread_create in pthread - found
-- Found Threads: TRUE  
-- Found MPI_C: /usr/lib64/mpich-3.2/lib/libmpi.so (found version "3.1") 
-- Found MPI_CXX: /usr/lib64/mpich-3.2/lib/libmpicxx.so (found version "3.1") 
-- Found MPI: TRUE (found version "3.1")  
-- Found OpenMP_C: -fopenmp (found version "4.5") 
-- Found OpenMP_CXX: -fopenmp (found version "4.5") 
-- Found OpenMP: TRUE (found version "4.5")  
-- Found OpenSSL: /usr/lib64/libcrypto.so (found version "1.0.2k")  
-- Found Boost: /usr/local/lib/cmake/Boost-1.84.0/BoostConfig.cmake (found version "1.84.0") found components: system filesystem context program_options regex thread 
-- Found GFlags: /usr/local/include  
-- Found gflags  (include: /usr/local/include, library: /usr/local/lib64/libgflags.so)
-- Found Glog: /usr/local/include  
-- Found glog    (include: /usr/local/include, library: /usr/local/lib64/libglog.so)
-- Performing Test GLOG_COMPILE_SUCCESS
-- Performing Test GLOG_COMPILE_SUCCESS - Failed
-- failed to find libunwind.h
-- failed to find unwind generic library
-- failed to find unwind-x86_64
-- Could NOT find LibUnwind (missing: LIBUNWIND_LIBRARIES LIBUNWIND_INCLUDE_DIR) 
-- Found libgrapelite: /usr/local/lib64/cmake/libgrapelite/libgrapelite-config.cmake (found version "0.3.4")
-- Check if compiler accepts -pthread
-- Check if compiler accepts -pthread - yes
-- Found Rdkafka: /usr/include  
-- Found rdkafka (include: /usr/include, library: /usr/lib64/librdkafka++.so;/usr/lib64/librdkafka.so)
-- failed to find libunwind.h
-- failed to find unwind generic library
-- failed to find unwind-x86_64
-- Found vineyard: /usr/local/lib/cmake/vineyard/vineyard-config.cmake (found version "0.21.1")
Generating cpp proto to: /data/gs/gs2/GraphScope/analytical_engine/proto
-- Configuring done
-- Generating done
-- Build files have been written to: /data/gs/gs2/GraphScope/analytical_engine/build
make[1]: 进入目录“/data/gs/gs2/GraphScope/analytical_engine/build”
make[2]: 进入目录“/data/gs/gs2/GraphScope/analytical_engine/build”
make[3]: 进入目录“/data/gs/gs2/GraphScope/analytical_engine/build”
make[3]: 进入目录“/data/gs/gs2/GraphScope/analytical_engine/build”
make[3]: 离开目录“/data/gs/gs2/GraphScope/analytical_engine/build”
make[3]: 离开目录“/data/gs/gs2/GraphScope/analytical_engine/build”
make[3]: 进入目录“/data/gs/gs2/GraphScope/analytical_engine/build”
make[3]: 进入目录“/data/gs/gs2/GraphScope/analytical_engine/build”
[  6%] Building CXX object CMakeFiles/gs_util.dir/core/flags.cc.o
[  6%] Building CXX object CMakeFiles/gs_util.dir/core/launcher.cc.o
[  9%] Building CXX object CMakeFiles/gs_util.dir/core/java/javasdk.cc.o
[ 12%] Building CXX object CMakeFiles/gs_proto.dir/proto/coordinator_service.grpc.pb.cc.o
[ 15%] Building CXX object CMakeFiles/gs_proto.dir/proto/attr_value.pb.cc.o
[ 21%] Building CXX object CMakeFiles/gs_proto.dir/proto/data_types.pb.cc.o
[ 21%] Building CXX object CMakeFiles/gs_proto.dir/proto/coordinator_service.pb.cc.o
[ 24%] Building CXX object CMakeFiles/gs_proto.dir/proto/ddl_service.grpc.pb.cc.o
[ 27%] Building CXX object CMakeFiles/gs_proto.dir/proto/ddl_service.pb.cc.o
[ 30%] Building CXX object CMakeFiles/gs_proto.dir/proto/engine_service.pb.cc.o
[ 33%] Building CXX object CMakeFiles/gs_proto.dir/proto/engine_service.grpc.pb.cc.o
[ 42%] Building CXX object CMakeFiles/gs_proto.dir/proto/message.pb.cc.o
[ 42%] Building CXX object CMakeFiles/gs_proto.dir/proto/error_codes.pb.cc.o
[ 42%] Building CXX object CMakeFiles/gs_proto.dir/proto/graph_def.pb.cc.o
[ 45%] Building CXX object CMakeFiles/gs_proto.dir/proto/op_def.pb.cc.o
[ 48%] Building CXX object CMakeFiles/gs_proto.dir/proto/schema_common.pb.cc.o
[ 51%] Building CXX object CMakeFiles/gs_proto.dir/proto/types.pb.cc.o
[ 54%] Building CXX object CMakeFiles/gs_proto.dir/proto/write_service.pb.cc.o
[ 57%] Building CXX object CMakeFiles/gs_proto.dir/proto/write_service.grpc.pb.cc.o
[ 60%] Linking CXX shared library libgs_proto.so
[ 63%] Linking CXX shared library libgs_util.so
make[3]: 离开目录“/data/gs/gs2/GraphScope/analytical_engine/build”
[ 63%] Built target gs_util
make[3]: 离开目录“/data/gs/gs2/GraphScope/analytical_engine/build”
[ 63%] Built target gs_proto
make[3]: 进入目录“/data/gs/gs2/GraphScope/analytical_engine/build”
make[3]: 进入目录“/data/gs/gs2/GraphScope/analytical_engine/build”
make[3]: 进入目录“/data/gs/gs2/GraphScope/analytical_engine/build”
make[3]: 离开目录“/data/gs/gs2/GraphScope/analytical_engine/build”
make[3]: 进入目录“/data/gs/gs2/GraphScope/analytical_engine/build”
make[3]: 离开目录“/data/gs/gs2/GraphScope/analytical_engine/build”
make[3]: 离开目录“/data/gs/gs2/GraphScope/analytical_engine/build”
make[3]: 进入目录“/data/gs/gs2/GraphScope/analytical_engine/build”
make[3]: 进入目录“/data/gs/gs2/GraphScope/analytical_engine/build”
[ 66%] Building GAE-java...
[ 69%] Building CXX object CMakeFiles/graphx_runner.dir/core/java/graphx_runner.cc.o
[ 72%] Building CXX object CMakeFiles/graphx_runner.dir/core/java/javasdk.cc.o
[ 75%] Building CXX object CMakeFiles/grape_engine.dir/core/object/dynamic.cc.o
[ 78%] Building CXX object CMakeFiles/grape_engine.dir/core/grape_engine.cc.o
[ 81%] Building CXX object CMakeFiles/grape_engine.dir/core/grape_instance.cc.o
[ 87%] Building CXX object CMakeFiles/grape_engine.dir/core/server/analytical_server.cc.o
[ 87%] Building CXX object CMakeFiles/grape_engine.dir/core/server/command_detail.cc.o
[ 93%] Building CXX object CMakeFiles/grape_engine.dir/core/server/dispatcher.cc.o
[ 93%] Building CXX object CMakeFiles/grape_engine.dir/core/server/graphscope_service.cc.o
[ 96%] Linking CXX executable grape_engine
In file included from [01m[K/data/gs/gs2/GraphScope/analytical_engine/core/context/java_pie_projected_context.h:39[m[K,
                 from [01m[K/data/gs/gs2/GraphScope/analytical_engine/apps/java_pie/java_pie_projected_default_app.h:28[m[K,
                 from [01m[K/data/gs/gs2/GraphScope/analytical_engine/core/java/graphx_runner.h:39[m[K,
                 from [01m[K/data/gs/gs2/GraphScope/analytical_engine/core/java/graphx_runner.cc:15[m[K:
/data/gs/gs2/GraphScope/analytical_engine/core/context/java_context_base.h: In instantiation of ‘[01m[Kstd::string gs::JavaContextBase<FRAG_T>::parseParamsAndSetupJVMEnv(const string&, std::string, std::string&, std::string&, std::string&, std::string&, int) [with FRAG_T = gs::ArrowProjectedFragment<long int, long unsigned int, long int, long int, vineyard::ArrowVertexMap<long int, long unsigned int>, false>; std::string = std::basic_string<char>][m[K’:
[01m[K/data/gs/gs2/GraphScope/analytical_engine/core/context/java_context_base.h:153:28:[m[K   required from ‘[01m[Kvoid gs::JavaContextBase<FRAG_T>::init(jlong, const char*, const string&, const string&, int) [with FRAG_T = gs::ArrowProjectedFragment<long int, long unsigned int, long int, long int, vineyard::ArrowVertexMap<long int, long unsigned int>, false>; jlong = long int; std::string = std::basic_string<char>][m[K’
[01m[K/data/gs/gs2/GraphScope/analytical_engine/core/context/java_pie_projected_context.h:69:34:[m[K   required from ‘[01m[Kvoid gs::JavaPIEProjectedContext<FRAG_T>::init(jlong, const char*, const string&, const string&, int) [with FRAG_T = gs::ArrowProjectedFragment<long int, long unsigned int, long int, long int, vineyard::ArrowVertexMap<long int, long unsigned int>, false>; jlong = long int; std::string = std::basic_string<char>][m[K’
[01m[K/data/gs/gs2/GraphScope/analytical_engine/core/context/java_pie_projected_context.h:250:42:[m[K   required from ‘[01m[Kvoid gs::JavaPIEProjectedParallelContext<FRAG_T>::Init(grape::ParallelMessageManager&, const string&, const string&) [with FRAG_T = gs::ArrowProjectedFragment<long int, long unsigned int, long int, long int, vineyard::ArrowVertexMap<long int, long unsigned int>, false>; std::string = std::basic_string<char>][m[K’
[01m[K/usr/local/include/grape/worker/worker.h:93:5:[m[K   required from ‘[01m[Kvoid grape::Worker<APP_T, MESSAGE_MANAGER_T>::Query(Args&& ...) [with Args = {const std::basic_string<char, std::char_traits<char>, std::allocator<char> >&, const std::basic_string<char, std::char_traits<char>, std::allocator<char> >&}; APP_T = gs::JavaPIEProjectedParallelApp<gs::ArrowProjectedFragment<long int, long unsigned int, long int, long int, vineyard::ArrowVertexMap<long int, long unsigned int>, false> >; MESSAGE_MANAGER_T = grape::ParallelMessageManager][m[K’
[01m[K/data/gs/gs2/GraphScope/analytical_engine/core/java/graphx_runner.h:207:3:[m[K   required from ‘[01m[Kvoid gs::Query(grape::CommSpec&, std::shared_ptr<_Tp>, const string&, const string&) [with FRAG_T = gs::ArrowProjectedFragment<long int, long unsigned int, long int, long int, vineyard::ArrowVertexMap<long int, long unsigned int>, false>; APP_TYPE = gs::JavaPIEProjectedParallelAppIE<gs::ArrowProjectedFragment<long int, long unsigned int, long int, long int, vineyard::ArrowVertexMap<long int, long unsigned int>, false> >; std::string = std::basic_string<char>][m[K’
[01m[K/data/gs/gs2/GraphScope/analytical_engine/core/java/graphx_runner.h:272:45:[m[K   required from ‘[01m[Kvoid gs::RunGraphX(vineyard::Client&, grape::CommSpec&, std::string&) [with OID_T = long int; VID_T = long unsigned int; VD_T = long int; ED_T = long int; std::string = std::basic_string<char>][m[K’
[01m[K/data/gs/gs2/GraphScope/analytical_engine/core/java/graphx_runner.h:300:46:[m[K   required from ‘[01m[Kvoid gs::Run() [with OID_T = long int; VID_T = long unsigned int; VD_T = long int; ED_T = long int][m[K’
[01m[K/data/gs/gs2/GraphScope/analytical_engine/core/java/graphx_runner.cc:64:52:[m[K   required from here
[01m[K/data/gs/gs2/GraphScope/analytical_engine/core/context/java_context_base.h:331:40:[m[K [01;35m[Kwarning: [m[K‘[01m[Kboost::filesystem::path boost::filesystem::path::branch_path() const[m[K’ is deprecated: Use path::parent_path() instead [[01;35m[K-Wdeprecated-declarations[m[K]
  331 |       lib_dir = [01;35m[Klib_path_fs.branch_path()[m[K;
      |                 [01;35m[K~~~~~~~~~~~~~~~~~~~~~~~^~[m[K
In file included from [01m[K/data/gs/gs2/GraphScope/analytical_engine/core/context/java_context_base.h:33[m[K,
                 from [01m[K/data/gs/gs2/GraphScope/analytical_engine/core/context/java_pie_projected_context.h:39[m[K,
                 from [01m[K/data/gs/gs2/GraphScope/analytical_engine/apps/java_pie/java_pie_projected_default_app.h:28[m[K,
                 from [01m[K/data/gs/gs2/GraphScope/analytical_engine/core/java/graphx_runner.h:39[m[K,
                 from [01m[K/data/gs/gs2/GraphScope/analytical_engine/core/java/graphx_runner.cc:15[m[K:
[01m[K/usr/local/include/boost/filesystem/path.hpp:1128:10:[m[K [01;36m[Knote: [m[Kdeclared here
 1128 |     path [01;36m[Kbranch_path[m[K() const { return parent_path(); }
      |          [01;36m[K^~~~~~~~~~~[m[K
In file included from [01m[K/data/gs/gs2/GraphScope/analytical_engine/core/context/java_pie_projected_context.h:39[m[K,
                 from [01m[K/data/gs/gs2/GraphScope/analytical_engine/apps/java_pie/java_pie_projected_default_app.h:28[m[K,
                 from [01m[K/data/gs/gs2/GraphScope/analytical_engine/core/java/graphx_runner.h:39[m[K,
                 from [01m[K/data/gs/gs2/GraphScope/analytical_engine/core/java/graphx_runner.cc:15[m[K:
[01m[K/data/gs/gs2/GraphScope/analytical_engine/core/context/java_context_base.h:331:40:[m[K [01;35m[Kwarning: [m[K‘[01m[Kboost::filesystem::path boost::filesystem::path::branch_path() const[m[K’ is deprecated: Use path::parent_path() instead [[01;35m[K-Wdeprecated-declarations[m[K]
  331 |       lib_dir = [01;35m[Klib_path_fs.branch_path()[m[K;
      |                 [01;35m[K~~~~~~~~~~~~~~~~~~~~~~~^~[m[K
In file included from [01m[K/data/gs/gs2/GraphScope/analytical_engine/core/context/java_context_base.h:33[m[K,
                 from [01m[K/data/gs/gs2/GraphScope/analytical_engine/core/context/java_pie_projected_context.h:39[m[K,
                 from [01m[K/data/gs/gs2/GraphScope/analytical_engine/apps/java_pie/java_pie_projected_default_app.h:28[m[K,
                 from [01m[K/data/gs/gs2/GraphScope/analytical_engine/core/java/graphx_runner.h:39[m[K,
                 from [01m[K/data/gs/gs2/GraphScope/analytical_engine/core/java/graphx_runner.cc:15[m[K:
[01m[K/usr/local/include/boost/filesystem/path.hpp:1128:10:[m[K [01;36m[Knote: [m[Kdeclared here
 1128 |     path [01;36m[Kbranch_path[m[K() const { return parent_path(); }
      |          [01;36m[K^~~~~~~~~~~[m[K
In file included from [01m[K/data/gs/gs2/GraphScope/analytical_engine/core/context/java_pie_projected_context.h:39[m[K,
                 from [01m[K/data/gs/gs2/GraphScope/analytical_engine/apps/java_pie/java_pie_projected_default_app.h:28[m[K,
                 from [01m[K/data/gs/gs2/GraphScope/analytical_engine/core/java/graphx_runner.h:39[m[K,
                 from [01m[K/data/gs/gs2/GraphScope/analytical_engine/core/java/graphx_runner.cc:15[m[K:
/data/gs/gs2/GraphScope/analytical_engine/core/context/java_context_base.h: In instantiation of ‘[01m[Kstd::string gs::JavaContextBase<FRAG_T>::parseParamsAndSetupJVMEnv(const string&, std::string, std::string&, std::string&, std::string&, std::string&, int) [with FRAG_T = gs::ArrowProjectedFragment<long int, long unsigned int, long int, int, vineyard::ArrowVertexMap<long int, long unsigned int>, false>; std::string = std::basic_string<char>][m[K’:
[01m[K/data/gs/gs2/GraphScope/analytical_engine/core/context/java_context_base.h:153:28:[m[K   required from ‘[01m[Kvoid gs::JavaContextBase<FRAG_T>::init(jlong, const char*, const string&, const string&, int) [with FRAG_T = gs::ArrowProjectedFragment<long int, long unsigned int, long int, int, vineyard::ArrowVertexMap<long int, long unsigned int>, false>; jlong = long int; std::string = std::basic_string<char>][m[K’
[01m[K/data/gs/gs2/GraphScope/analytical_engine/core/context/java_pie_projected_context.h:69:34:[m[K   required from ‘[01m[Kvoid gs::JavaPIEProjectedContext<FRAG_T>::init(jlong, const char*, const string&, const string&, int) [with FRAG_T = gs::ArrowProjectedFragment<long int, long unsigned int, long int, int, vineyard::ArrowVertexMap<long int, long unsigned int>, false>; jlong = long int; std::string = std::basic_string<char>][m[K’
[01m[K/data/gs/gs2/GraphScope/analytical_engine/core/context/java_pie_projected_context.h:250:42:[m[K   required from ‘[01m[Kvoid gs::JavaPIEProjectedParallelContext<FRAG_T>::Init(grape::ParallelMessageManager&, const string&, const string&) [with FRAG_T = gs::ArrowProjectedFragment<long int, long unsigned int, long int, int, vineyard::ArrowVertexMap<long int, long unsigned int>, false>; std::string = std::basic_string<char>][m[K’
[01m[K/usr/local/include/grape/worker/worker.h:93:5:[m[K   required from ‘[01m[Kvoid grape::Worker<APP_T, MESSAGE_MANAGER_T>::Query(Args&& ...) [with Args = {const std::basic_string<char, std::char_traits<char>, std::allocator<char> >&, const std::basic_string<char, std::char_traits<char>, std::allocator<char> >&}; APP_T = gs::JavaPIEProjectedParallelApp<gs::ArrowProjectedFragment<long int, long unsigned int, long int, int, vineyard::ArrowVertexMap<long int, long unsigned int>, false> >; MESSAGE_MANAGER_T = grape::ParallelMessageManager][m[K’
[01m[K/data/gs/gs2/GraphScope/analytical_engine/core/java/graphx_runner.h:207:3:[m[K   required from ‘[01m[Kvoid gs::Query(grape::CommSpec&, std::shared_ptr<_Tp>, const string&, const string&) [with FRAG_T = gs::ArrowProjectedFragment<long int, long unsigned int, long int, int, vineyard::ArrowVertexMap<long int, long unsigned int>, false>; APP_TYPE = gs::JavaPIEProjectedParallelAppIE<gs::ArrowProjectedFragment<long int, long unsigned int, long int, int, vineyard::ArrowVertexMap<long int, long unsigned int>, false> >; std::string = std::basic_string<char>][m[K’
[01m[K/data/gs/gs2/GraphScope/analytical_engine/core/java/graphx_runner.h:272:45:[m[K   required from ‘[01m[Kvoid gs::RunGraphX(vineyard::Client&, grape::CommSpec&, std::string&) [with OID_T = long int; VID_T = long unsigned int; VD_T = long int; ED_T = int; std::string = std::basic_string<char>][m[K’
[01m[K/data/gs/gs2/GraphScope/analytical_engine/core/java/graphx_runner.h:300:46:[m[K   required from ‘[01m[Kvoid gs::Run() [with OID_T = long int; VID_T = long unsigned int; VD_T = long int; ED_T = int][m[K’
[01m[K/data/gs/gs2/GraphScope/analytical_engine/core/java/graphx_runner.cc:66:52:[m[K   required from here
[01m[K/data/gs/gs2/GraphScope/analytical_engine/core/context/java_context_base.h:331:40:[m[K [01;35m[Kwarning: [m[K‘[01m[Kboost::filesystem::path boost::filesystem::path::branch_path() const[m[K’ is deprecated: Use path::parent_path() instead [[01;35m[K-Wdeprecated-declarations[m[K]
  331 |       lib_dir = [01;35m[Klib_path_fs.branch_path()[m[K;
      |                 [01;35m[K~~~~~~~~~~~~~~~~~~~~~~~^~[m[K
In file included from [01m[K/data/gs/gs2/GraphScope/analytical_engine/core/context/java_context_base.h:33[m[K,
                 from [01m[K/data/gs/gs2/GraphScope/analytical_engine/core/context/java_pie_projected_context.h:39[m[K,
                 from [01m[K/data/gs/gs2/GraphScope/analytical_engine/apps/java_pie/java_pie_projected_default_app.h:28[m[K,
                 from [01m[K/data/gs/gs2/GraphScope/analytical_engine/core/java/graphx_runner.h:39[m[K,
                 from [01m[K/data/gs/gs2/GraphScope/analytical_engine/core/java/graphx_runner.cc:15[m[K:
[01m[K/usr/local/include/boost/filesystem/path.hpp:1128:10:[m[K [01;36m[Knote: [m[Kdeclared here
 1128 |     path [01;36m[Kbranch_path[m[K() const { return parent_path(); }
      |          [01;36m[K^~~~~~~~~~~[m[K
In file included from [01m[K/data/gs/gs2/GraphScope/analytical_engine/core/context/java_pie_projected_context.h:39[m[K,
                 from [01m[K/data/gs/gs2/GraphScope/analytical_engine/apps/java_pie/java_pie_projected_default_app.h:28[m[K,
                 from [01m[K/data/gs/gs2/GraphScope/analytical_engine/core/java/graphx_runner.h:39[m[K,
                 from [01m[K/data/gs/gs2/GraphScope/analytical_engine/core/java/graphx_runner.cc:15[m[K:
[01m[K/data/gs/gs2/GraphScope/analytical_engine/core/context/java_context_base.h:331:40:[m[K [01;35m[Kwarning: [m[K‘[01m[Kboost::filesystem::path boost::filesystem::path::branch_path() const[m[K’ is deprecated: Use path::parent_path() instead [[01;35m[K-Wdeprecated-declarations[m[K]
  331 |       lib_dir = [01;35m[Klib_path_fs.branch_path()[m[K;
      |                 [01;35m[K~~~~~~~~~~~~~~~~~~~~~~~^~[m[K
In file included from [01m[K/data/gs/gs2/GraphScope/analytical_engine/core/context/java_context_base.h:33[m[K,
                 from [01m[K/data/gs/gs2/GraphScope/analytical_engine/core/context/java_pie_projected_context.h:39[m[K,
                 from [01m[K/data/gs/gs2/GraphScope/analytical_engine/apps/java_pie/java_pie_projected_default_app.h:28[m[K,
                 from [01m[K/data/gs/gs2/GraphScope/analytical_engine/core/java/graphx_runner.h:39[m[K,
                 from [01m[K/data/gs/gs2/GraphScope/analytical_engine/core/java/graphx_runner.cc:15[m[K:
[01m[K/usr/local/include/boost/filesystem/path.hpp:1128:10:[m[K [01;36m[Knote: [m[Kdeclared here
 1128 |     path [01;36m[Kbranch_path[m[K() const { return parent_path(); }
      |          [01;36m[K^~~~~~~~~~~[m[K
In file included from [01m[K/data/gs/gs2/GraphScope/analytical_engine/core/context/java_pie_projected_context.h:39[m[K,
                 from [01m[K/data/gs/gs2/GraphScope/analytical_engine/apps/java_pie/java_pie_projected_default_app.h:28[m[K,
                 from [01m[K/data/gs/gs2/GraphScope/analytical_engine/core/java/graphx_runner.h:39[m[K,
                 from [01m[K/data/gs/gs2/GraphScope/analytical_engine/core/java/graphx_runner.cc:15[m[K:
/data/gs/gs2/GraphScope/analytical_engine/core/context/java_context_base.h: In instantiation of ‘[01m[Kstd::string gs::JavaContextBase<FRAG_T>::parseParamsAndSetupJVMEnv(const string&, std::string, std::string&, std::string&, std::string&, std::string&, int) [with FRAG_T = gs::ArrowProjectedFragment<long int, long unsigned int, long int, double, vineyard::ArrowVertexMap<long int, long unsigned int>, false>; std::string = std::basic_string<char>][m[K’:
[01m[K/data/gs/gs2/GraphScope/analytical_engine/core/context/java_context_base.h:153:28:[m[K   required from ‘[01m[Kvoid gs::JavaContextBase<FRAG_T>::init(jlong, const char*, const string&, const string&, int) [with FRAG_T = gs::ArrowProjectedFragment<long int, long unsigned int, long int, double, vineyard::ArrowVertexMap<long int, long unsigned int>, false>; jlong = long int; std::string = std::basic_string<char>][m[K’
[01m[K/data/gs/gs2/GraphScope/analytical_engine/core/context/java_pie_projected_context.h:69:34:[m[K   required from ‘[01m[Kvoid gs::JavaPIEProjectedContext<FRAG_T>::init(jlong, const char*, const string&, const string&, int) [with FRAG_T = gs::ArrowProjectedFragment<long int, long unsigned int, long int, double, vineyard::ArrowVertexMap<long int, long unsigned int>, false>; jlong = long int; std::string = std::basic_string<char>][m[K’
[01m[K/data/gs/gs2/GraphScope/analytical_engine/core/context/java_pie_projected_context.h:250:42:[m[K   required from ‘[01m[Kvoid gs::JavaPIEProjectedParallelContext<FRAG_T>::Init(grape::ParallelMessageManager&, const string&, const string&) [with FRAG_T = gs::ArrowProjectedFragment<long int, long unsigned int, long int, double, vineyard::ArrowVertexMap<long int, long unsigned int>, false>; std::string = std::basic_string<char>][m[K’
[01m[K/usr/local/include/grape/worker/worker.h:93:5:[m[K   required from ‘[01m[Kvoid grape::Worker<APP_T, MESSAGE_MANAGER_T>::Query(Args&& ...) [with Args = {const std::basic_string<char, std::char_traits<char>, std::allocator<char> >&, const std::basic_string<char, std::char_traits<char>, std::allocator<char> >&}; APP_T = gs::JavaPIEProjectedParallelApp<gs::ArrowProjectedFragment<long int, long unsigned int, long int, double, vineyard::ArrowVertexMap<long int, long unsigned int>, false> >; MESSAGE_MANAGER_T = grape::ParallelMessageManager][m[K’
[01m[K/data/gs/gs2/GraphScope/analytical_engine/core/java/graphx_runner.h:207:3:[m[K   required from ‘[01m[Kvoid gs::Query(grape::CommSpec&, std::shared_ptr<_Tp>, const string&, const string&) [with FRAG_T = gs::ArrowProjectedFragment<long int, long unsigned int, long int, double, vineyard::ArrowVertexMap<long int, long unsigned int>, false>; APP_TYPE = gs::JavaPIEProjectedParallelAppIE<gs::ArrowProjectedFragment<long int, long unsigned int, long int, double, vineyard::ArrowVertexMap<long int, long unsigned int>, false> >; std::string = std::basic_string<char>][m[K’
[01m[K/data/gs/gs2/GraphScope/analytical_engine/core/java/graphx_runner.h:272:45:[m[K   required from ‘[01m[Kvoid gs::RunGraphX(vineyard::Client&, grape::CommSpec&, std::string&) [with OID_T = long int; VID_T = long unsigned int; VD_T = long int; ED_T = double; std::string = std::basic_string<char>][m[K’
[01m[K/data/gs/gs2/GraphScope/analytical_engine/core/java/graphx_runner.h:300:46:[m[K   required from ‘[01m[Kvoid gs::Run() [with OID_T = long int; VID_T = long unsigned int; VD_T = long int; ED_T = double][m[K’
[01m[K/data/gs/gs2/GraphScope/analytical_engine/core/java/graphx_runner.cc:68:51:[m[K   required from here
[01m[K/data/gs/gs2/GraphScope/analytical_engine/core/context/java_context_base.h:331:40:[m[K [01;35m[Kwarning: [m[K‘[01m[Kboost::filesystem::path boost::filesystem::path::branch_path() const[m[K’ is deprecated: Use path::parent_path() instead [[01;35m[K-Wdeprecated-declarations[m[K]
  331 |       lib_dir = [01;35m[Klib_path_fs.branch_path()[m[K;
      |                 [01;35m[K~~~~~~~~~~~~~~~~~~~~~~~^~[m[K
In file included from [01m[K/data/gs/gs2/GraphScope/analytical_engine/core/context/java_context_base.h:33[m[K,
                 from [01m[K/data/gs/gs2/GraphScope/analytical_engine/core/context/java_pie_projected_context.h:39[m[K,
                 from [01m[K/data/gs/gs2/GraphScope/analytical_engine/apps/java_pie/java_pie_projected_default_app.h:28[m[K,
                 from [01m[K/data/gs/gs2/GraphScope/analytical_engine/core/java/graphx_runner.h:39[m[K,
                 from [01m[K/data/gs/gs2/GraphScope/analytical_engine/core/java/graphx_runner.cc:15[m[K:
[01m[K/usr/local/include/boost/filesystem/path.hpp:1128:10:[m[K [01;36m[Knote: [m[Kdeclared here
 1128 |     path [01;36m[Kbranch_path[m[K() const { return parent_path(); }
      |          [01;36m[K^~~~~~~~~~~[m[K
In file included from [01m[K/data/gs/gs2/GraphScope/analytical_engine/core/context/java_pie_projected_context.h:39[m[K,
                 from [01m[K/data/gs/gs2/GraphScope/analytical_engine/apps/java_pie/java_pie_projected_default_app.h:28[m[K,
                 from [01m[K/data/gs/gs2/GraphScope/analytical_engine/core/java/graphx_runner.h:39[m[K,
                 from [01m[K/data/gs/gs2/GraphScope/analytical_engine/core/java/graphx_runner.cc:15[m[K:
[01m[K/data/gs/gs2/GraphScope/analytical_engine/core/context/java_context_base.h:331:40:[m[K [01;35m[Kwarning: [m[K‘[01m[Kboost::filesystem::path boost::filesystem::path::branch_path() const[m[K’ is deprecated: Use path::parent_path() instead [[01;35m[K-Wdeprecated-declarations[m[K]
  331 |       lib_dir = [01;35m[Klib_path_fs.branch_path()[m[K;
      |                 [01;35m[K~~~~~~~~~~~~~~~~~~~~~~~^~[m[K
In file included from [01m[K/data/gs/gs2/GraphScope/analytical_engine/core/context/java_context_base.h:33[m[K,
                 from [01m[K/data/gs/gs2/GraphScope/analytical_engine/core/context/java_pie_projected_context.h:39[m[K,
                 from [01m[K/data/gs/gs2/GraphScope/analytical_engine/apps/java_pie/java_pie_projected_default_app.h:28[m[K,
                 from [01m[K/data/gs/gs2/GraphScope/analytical_engine/core/java/graphx_runner.h:39[m[K,
                 from [01m[K/data/gs/gs2/GraphScope/analytical_engine/core/java/graphx_runner.cc:15[m[K:
[01m[K/usr/local/include/boost/filesystem/path.hpp:1128:10:[m[K [01;36m[Knote: [m[Kdeclared here
 1128 |     path [01;36m[Kbranch_path[m[K() const { return parent_path(); }
      |          [01;36m[K^~~~~~~~~~~[m[K
In file included from [01m[K/data/gs/gs2/GraphScope/analytical_engine/core/context/java_pie_projected_context.h:39[m[K,
                 from [01m[K/data/gs/gs2/GraphScope/analytical_engine/apps/java_pie/java_pie_projected_default_app.h:28[m[K,
                 from [01m[K/data/gs/gs2/GraphScope/analytical_engine/core/java/graphx_runner.h:39[m[K,
                 from [01m[K/data/gs/gs2/GraphScope/analytical_engine/core/java/graphx_runner.cc:15[m[K:
/data/gs/gs2/GraphScope/analytical_engine/core/context/java_context_base.h: In instantiation of ‘[01m[Kstd::string gs::JavaContextBase<FRAG_T>::parseParamsAndSetupJVMEnv(const string&, std::string, std::string&, std::string&, std::string&, std::string&, int) [with FRAG_T = gs::ArrowProjectedFragment<long int, long unsigned int, long int, std::basic_string<char>, vineyard::ArrowVertexMap<long int, long unsigned int>, false>; std::string = std::basic_string<char>][m[K’:
[01m[K/data/gs/gs2/GraphScope/analytical_engine/core/context/java_context_base.h:153:28:[m[K   required from ‘[01m[Kvoid gs::JavaContextBase<FRAG_T>::init(jlong, const char*, const string&, const string&, int) [with FRAG_T = gs::ArrowProjectedFragment<long int, long unsigned int, long int, std::basic_string<char>, vineyard::ArrowVertexMap<long int, long unsigned int>, false>; jlong = long int; std::string = std::basic_string<char>][m[K’
[01m[K/data/gs/gs2/GraphScope/analytical_engine/core/context/java_pie_projected_context.h:69:34:[m[K   required from ‘[01m[Kvoid gs::JavaPIEProjectedContext<FRAG_T>::init(jlong, const char*, const string&, const string&, int) [with FRAG_T = gs::ArrowProjectedFragment<long int, long unsigned int, long int, std::basic_string<char>, vineyard::ArrowVertexMap<long int, long unsigned int>, false>; jlong = long int; std::string = std::basic_string<char>][m[K’
[01m[K/data/gs/gs2/GraphScope/analytical_engine/core/context/java_pie_projected_context.h:250:42:[m[K   required from ‘[01m[Kvoid gs::JavaPIEProjectedParallelContext<FRAG_T>::Init(grape::ParallelMessageManager&, const string&, const string&) [with FRAG_T = gs::ArrowProjectedFragment<long int, long unsigned int, long int, std::basic_string<char>, vineyard::ArrowVertexMap<long int, long unsigned int>, false>; std::string = std::basic_string<char>][m[K’
[01m[K/usr/local/include/grape/worker/worker.h:93:5:[m[K   required from ‘[01m[Kvoid grape::Worker<APP_T, MESSAGE_MANAGER_T>::Query(Args&& ...) [with Args = {const std::basic_string<char, std::char_traits<char>, std::allocator<char> >&, const std::basic_string<char, std::char_traits<char>, std::allocator<char> >&}; APP_T = gs::JavaPIEProjectedParallelApp<gs::ArrowProjectedFragment<long int, long unsigned int, long int, std::basic_string<char>, vineyard::ArrowVertexMap<long int, long unsigned int>, false> >; MESSAGE_MANAGER_T = grape::ParallelMessageManager][m[K’
[01m[K/data/gs/gs2/GraphScope/analytical_engine/core/java/graphx_runner.h:207:3:[m[K   required from ‘[01m[Kvoid gs::Query(grape::CommSpec&, std::shared_ptr<_Tp>, const string&, const string&) [with FRAG_T = gs::ArrowProjectedFragment<long int, long unsigned int, long int, std::basic_string<char>, vineyard::ArrowVertexMap<long int, long unsigned int>, false>; APP_TYPE = gs::JavaPIEProjectedParallelAppIE<gs::ArrowProjectedFragment<long int, long unsigned int, long int, std::basic_string<char>, vineyard::ArrowVertexMap<long int, long unsigned int>, false> >; std::string = std::basic_string<char>][m[K’
[01m[K/data/gs/gs2/GraphScope/analytical_engine/core/java/graphx_runner.h:272:45:[m[K   required from ‘[01m[Kvoid gs::RunGraphX(vineyard::Client&, grape::CommSpec&, std::string&) [with OID_T = long int; VID_T = long unsigned int; VD_T = long int; ED_T = std::basic_string<char>; std::string = std::basic_string<char>][m[K’
[01m[K/data/gs/gs2/GraphScope/analytical_engine/core/java/graphx_runner.h:300:46:[m[K   required from ‘[01m[Kvoid gs::Run() [with OID_T = long int; VID_T = long unsigned int; VD_T = long int; ED_T = std::basic_string<char>][m[K’
[01m[K/data/gs/gs2/GraphScope/analytical_engine/core/java/graphx_runner.cc:70:56:[m[K   required from here
[01m[K/data/gs/gs2/GraphScope/analytical_engine/core/context/java_context_base.h:331:40:[m[K [01;35m[Kwarning: [m[K‘[01m[Kboost::filesystem::path boost::filesystem::path::branch_path() const[m[K’ is deprecated: Use path::parent_path() instead [[01;35m[K-Wdeprecated-declarations[m[K]
  331 |       lib_dir = [01;35m[Klib_path_fs.branch_path()[m[K;
      |                 [01;35m[K~~~~~~~~~~~~~~~~~~~~~~~^~[m[K
In file included from [01m[K/data/gs/gs2/GraphScope/analytical_engine/core/context/java_context_base.h:33[m[K,
                 from [01m[K/data/gs/gs2/GraphScope/analytical_engine/core/context/java_pie_projected_context.h:39[m[K,
                 from [01m[K/data/gs/gs2/GraphScope/analytical_engine/apps/java_pie/java_pie_projected_default_app.h:28[m[K,
                 from [01m[K/data/gs/gs2/GraphScope/analytical_engine/core/java/graphx_runner.h:39[m[K,
                 from [01m[K/data/gs/gs2/GraphScope/analytical_engine/core/java/graphx_runner.cc:15[m[K:
[01m[K/usr/local/include/boost/filesystem/path.hpp:1128:10:[m[K [01;36m[Knote: [m[Kdeclared here
 1128 |     path [01;36m[Kbranch_path[m[K() const { return parent_path(); }
      |          [01;36m[K^~~~~~~~~~~[m[K
In file included from [01m[K/data/gs/gs2/GraphScope/analytical_engine/core/context/java_pie_projected_context.h:39[m[K,
                 from [01m[K/data/gs/gs2/GraphScope/analytical_engine/apps/java_pie/java_pie_projected_default_app.h:28[m[K,
                 from [01m[K/data/gs/gs2/GraphScope/analytical_engine/core/java/graphx_runner.h:39[m[K,
                 from [01m[K/data/gs/gs2/GraphScope/analytical_engine/core/java/graphx_runner.cc:15[m[K:
[01m[K/data/gs/gs2/GraphScope/analytical_engine/core/context/java_context_base.h:331:40:[m[K [01;35m[Kwarning: [m[K‘[01m[Kboost::filesystem::path boost::filesystem::path::branch_path() const[m[K’ is deprecated: Use path::parent_path() instead [[01;35m[K-Wdeprecated-declarations[m[K]
  331 |       lib_dir = [01;35m[Klib_path_fs.branch_path()[m[K;
      |                 [01;35m[K~~~~~~~~~~~~~~~~~~~~~~~^~[m[K
In file included from [01m[K/data/gs/gs2/GraphScope/analytical_engine/core/context/java_context_base.h:33[m[K,
                 from [01m[K/data/gs/gs2/GraphScope/analytical_engine/core/context/java_pie_projected_context.h:39[m[K,
                 from [01m[K/data/gs/gs2/GraphScope/analytical_engine/apps/java_pie/java_pie_projected_default_app.h:28[m[K,
                 from [01m[K/data/gs/gs2/GraphScope/analytical_engine/core/java/graphx_runner.h:39[m[K,
                 from [01m[K/data/gs/gs2/GraphScope/analytical_engine/core/java/graphx_runner.cc:15[m[K:
[01m[K/usr/local/include/boost/filesystem/path.hpp:1128:10:[m[K [01;36m[Knote: [m[Kdeclared here
 1128 |     path [01;36m[Kbranch_path[m[K() const { return parent_path(); }
      |          [01;36m[K^~~~~~~~~~~[m[K
In file included from [01m[K/data/gs/gs2/GraphScope/analytical_engine/core/context/java_pie_projected_context.h:39[m[K,
                 from [01m[K/data/gs/gs2/GraphScope/analytical_engine/apps/java_pie/java_pie_projected_default_app.h:28[m[K,
                 from [01m[K/data/gs/gs2/GraphScope/analytical_engine/core/java/graphx_runner.h:39[m[K,
                 from [01m[K/data/gs/gs2/GraphScope/analytical_engine/core/java/graphx_runner.cc:15[m[K:
/data/gs/gs2/GraphScope/analytical_engine/core/context/java_context_base.h: In instantiation of ‘[01m[Kstd::string gs::JavaContextBase<FRAG_T>::parseParamsAndSetupJVMEnv(const string&, std::string, std::string&, std::string&, std::string&, std::string&, int) [with FRAG_T = gs::ArrowProjectedFragment<long int, long unsigned int, int, long int, vineyard::ArrowVertexMap<long int, long unsigned int>, false>; std::string = std::basic_string<char>][m[K’:
[01m[K/data/gs/gs2/GraphScope/analytical_engine/core/context/java_context_base.h:153:28:[m[K   required from ‘[01m[Kvoid gs::JavaContextBase<FRAG_T>::init(jlong, const char*, const string&, const string&, int) [with FRAG_T = gs::ArrowProjectedFragment<long int, long unsigned int, int, long int, vineyard::ArrowVertexMap<long int, long unsigned int>, false>; jlong = long int; std::string = std::basic_string<char>][m[K’
[01m[K/data/gs/gs2/GraphScope/analytical_engine/core/context/java_pie_projected_context.h:69:34:[m[K   required from ‘[01m[Kvoid gs::JavaPIEProjectedContext<FRAG_T>::init(jlong, const char*, const string&, const string&, int) [with FRAG_T = gs::ArrowProjectedFragment<long int, long unsigned int, int, long int, vineyard::ArrowVertexMap<long int, long unsigned int>, false>; jlong = long int; std::string = std::basic_string<char>][m[K’
[01m[K/data/gs/gs2/GraphScope/analytical_engine/core/context/java_pie_projected_context.h:250:42:[m[K   required from ‘[01m[Kvoid gs::JavaPIEProjectedParallelContext<FRAG_T>::Init(grape::ParallelMessageManager&, const string&, const string&) [with FRAG_T = gs::ArrowProjectedFragment<long int, long unsigned int, int, long int, vineyard::ArrowVertexMap<long int, long unsigned int>, false>; std::string = std::basic_string<char>][m[K’
[01m[K/usr/local/include/grape/worker/worker.h:93:5:[m[K   required from ‘[01m[Kvoid grape::Worker<APP_T, MESSAGE_MANAGER_T>::Query(Args&& ...) [with Args = {const std::basic_string<char, std::char_traits<char>, std::allocator<char> >&, const std::basic_string<char, std::char_traits<char>, std::allocator<char> >&}; APP_T = gs::JavaPIEProjectedParallelApp<gs::ArrowProjectedFragment<long int, long unsigned int, int, long int, vineyard::ArrowVertexMap<long int, long unsigned int>, false> >; MESSAGE_MANAGER_T = grape::ParallelMessageManager][m[K’
[01m[K/data/gs/gs2/GraphScope/analytical_engine/core/java/graphx_runner.h:207:3:[m[K   required from ‘[01m[Kvoid gs::Query(grape::CommSpec&, std::shared_ptr<_Tp>, const string&, const string&) [with FRAG_T = gs::ArrowProjectedFragment<long int, long unsigned int, int, long int, vineyard::ArrowVertexMap<long int, long unsigned int>, false>; APP_TYPE = gs::JavaPIEProjectedParallelAppIE<gs::ArrowProjectedFragment<long int, long unsigned int, int, long int, vineyard::ArrowVertexMap<long int, long unsigned int>, false> >; std::string = std::basic_string<char>][m[K’
[01m[K/data/gs/gs2/GraphScope/analytical_engine/core/java/graphx_runner.h:272:45:[m[K   required from ‘[01m[Kvoid gs::RunGraphX(vineyard::Client&, grape::CommSpec&, std::string&) [with OID_T = long int; VID_T = long unsigned int; VD_T = int; ED_T = long int; std::string = std::basic_string<char>][m[K’
[01m[K/data/gs/gs2/GraphScope/analytical_engine/core/java/graphx_runner.h:300:46:[m[K   required from ‘[01m[Kvoid gs::Run() [with OID_T = long int; VID_T = long unsigned int; VD_T = int; ED_T = long int][m[K’
[01m[K/data/gs/gs2/GraphScope/analytical_engine/core/java/graphx_runner.cc:76:52:[m[K   required from here
[01m[K/data/gs/gs2/GraphScope/analytical_engine/core/context/java_context_base.h:331:40:[m[K [01;35m[Kwarning: [m[K‘[01m[Kboost::filesystem::path boost::filesystem::path::branch_path() const[m[K’ is deprecated: Use path::parent_path() instead [[01;35m[K-Wdeprecated-declarations[m[K]
  331 |       lib_dir = [01;35m[Klib_path_fs.branch_path()[m[K;
      |                 [01;35m[K~~~~~~~~~~~~~~~~~~~~~~~^~[m[K
In file included from [01m[K/data/gs/gs2/GraphScope/analytical_engine/core/context/java_context_base.h:33[m[K,
                 from [01m[K/data/gs/gs2/GraphScope/analytical_engine/core/context/java_pie_projected_context.h:39[m[K,
                 from [01m[K/data/gs/gs2/GraphScope/analytical_engine/apps/java_pie/java_pie_projected_default_app.h:28[m[K,
                 from [01m[K/data/gs/gs2/GraphScope/analytical_engine/core/java/graphx_runner.h:39[m[K,
                 from [01m[K/data/gs/gs2/GraphScope/analytical_engine/core/java/graphx_runner.cc:15[m[K:
[01m[K/usr/local/include/boost/filesystem/path.hpp:1128:10:[m[K [01;36m[Knote: [m[Kdeclared here
 1128 |     path [01;36m[Kbranch_path[m[K() const { return parent_path(); }
      |          [01;36m[K^~~~~~~~~~~[m[K
In file included from [01m[K/data/gs/gs2/GraphScope/analytical_engine/core/context/java_pie_projected_context.h:39[m[K,
                 from [01m[K/data/gs/gs2/GraphScope/analytical_engine/apps/java_pie/java_pie_projected_default_app.h:28[m[K,
                 from [01m[K/data/gs/gs2/GraphScope/analytical_engine/core/java/graphx_runner.h:39[m[K,
                 from [01m[K/data/gs/gs2/GraphScope/analytical_engine/core/java/graphx_runner.cc:15[m[K:
[01m[K/data/gs/gs2/GraphScope/analytical_engine/core/context/java_context_base.h:331:40:[m[K [01;35m[Kwarning: [m[K‘[01m[Kboost::filesystem::path boost::filesystem::path::branch_path() const[m[K’ is deprecated: Use path::parent_path() instead [[01;35m[K-Wdeprecated-declarations[m[K]
  331 |       lib_dir = [01;35m[Klib_path_fs.branch_path()[m[K;
      |                 [01;35m[K~~~~~~~~~~~~~~~~~~~~~~~^~[m[K
In file included from [01m[K/data/gs/gs2/GraphScope/analytical_engine/core/context/java_context_base.h:33[m[K,
                 from [01m[K/data/gs/gs2/GraphScope/analytical_engine/core/context/java_pie_projected_context.h:39[m[K,
                 from [01m[K/data/gs/gs2/GraphScope/analytical_engine/apps/java_pie/java_pie_projected_default_app.h:28[m[K,
                 from [01m[K/data/gs/gs2/GraphScope/analytical_engine/core/java/graphx_runner.h:39[m[K,
                 from [01m[K/data/gs/gs2/GraphScope/analytical_engine/core/java/graphx_runner.cc:15[m[K:
[01m[K/usr/local/include/boost/filesystem/path.hpp:1128:10:[m[K [01;36m[Knote: [m[Kdeclared here
 1128 |     path [01;36m[Kbranch_path[m[K() const { return parent_path(); }
      |          [01;36m[K^~~~~~~~~~~[m[K
In file included from [01m[K/data/gs/gs2/GraphScope/analytical_engine/core/context/java_pie_projected_context.h:39[m[K,
                 from [01m[K/data/gs/gs2/GraphScope/analytical_engine/apps/java_pie/java_pie_projected_default_app.h:28[m[K,
                 from [01m[K/data/gs/gs2/GraphScope/analytical_engine/core/java/graphx_runner.h:39[m[K,
                 from [01m[K/data/gs/gs2/GraphScope/analytical_engine/core/java/graphx_runner.cc:15[m[K:
/data/gs/gs2/GraphScope/analytical_engine/core/context/java_context_base.h: In instantiation of ‘[01m[Kstd::string gs::JavaContextBase<FRAG_T>::parseParamsAndSetupJVMEnv(const string&, std::string, std::string&, std::string&, std::string&, std::string&, int) [with FRAG_T = gs::ArrowProjectedFragment<long int, long unsigned int, int, int, vineyard::ArrowVertexMap<long int, long unsigned int>, false>; std::string = std::basic_string<char>][m[K’:
[01m[K/data/gs/gs2/GraphScope/analytical_engine/core/context/java_context_base.h:153:28:[m[K   required from ‘[01m[Kvoid gs::JavaContextBase<FRAG_T>::init(jlong, const char*, const string&, const string&, int) [with FRAG_T = gs::ArrowProjectedFragment<long int, long unsigned int, int, int, vineyard::ArrowVertexMap<long int, long unsigned int>, false>; jlong = long int; std::string = std::basic_string<char>][m[K’
[01m[K/data/gs/gs2/GraphScope/analytical_engine/core/context/java_pie_projected_context.h:69:34:[m[K   required from ‘[01m[Kvoid gs::JavaPIEProjectedContext<FRAG_T>::init(jlong, const char*, const string&, const string&, int) [with FRAG_T = gs::ArrowProjectedFragment<long int, long unsigned int, int, int, vineyard::ArrowVertexMap<long int, long unsigned int>, false>; jlong = long int; std::string = std::basic_string<char>][m[K’
[01m[K/data/gs/gs2/GraphScope/analytical_engine/core/context/java_pie_projected_context.h:250:42:[m[K   required from ‘[01m[Kvoid gs::JavaPIEProjectedParallelContext<FRAG_T>::Init(grape::ParallelMessageManager&, const string&, const string&) [with FRAG_T = gs::ArrowProjectedFragment<long int, long unsigned int, int, int, vineyard::ArrowVertexMap<long int, long unsigned int>, false>; std::string = std::basic_string<char>][m[K’
[01m[K/usr/local/include/grape/worker/worker.h:93:5:[m[K   required from ‘[01m[Kvoid grape::Worker<APP_T, MESSAGE_MANAGER_T>::Query(Args&& ...) [with Args = {const std::basic_string<char, std::char_traits<char>, std::allocator<char> >&, const std::basic_string<char, std::char_traits<char>, std::allocator<char> >&}; APP_T = gs::JavaPIEProjectedParallelApp<gs::ArrowProjectedFragment<long int, long unsigned int, int, int, vineyard::ArrowVertexMap<long int, long unsigned int>, false> >; MESSAGE_MANAGER_T = grape::ParallelMessageManager][m[K’
[01m[K/data/gs/gs2/GraphScope/analytical_engine/core/java/graphx_runner.h:207:3:[m[K   required from ‘[01m[Kvoid gs::Query(grape::CommSpec&, std::shared_ptr<_Tp>, const string&, const string&) [with FRAG_T = gs::ArrowProjectedFragment<long int, long unsigned int, int, int, vineyard::ArrowVertexMap<long int, long unsigned int>, false>; APP_TYPE = gs::JavaPIEProjectedParallelAppIE<gs::ArrowProjectedFragment<long int, long unsigned int, int, int, vineyard::ArrowVertexMap<long int, long unsigned int>, false> >; std::string = std::basic_string<char>][m[K’
[01m[K/data/gs/gs2/GraphScope/analytical_engine/core/java/graphx_runner.h:272:45:[m[K   required from ‘[01m[Kvoid gs::RunGraphX(vineyard::Client&, grape::CommSpec&, std::string&) [with OID_T = long int; VID_T = long unsigned int; VD_T = int; ED_T = int; std::string = std::basic_string<char>][m[K’
[01m[K/data/gs/gs2/GraphScope/analytical_engine/core/java/graphx_runner.h:300:46:[m[K   required from ‘[01m[Kvoid gs::Run() [with OID_T = long int; VID_T = long unsigned int; VD_T = int; ED_T = int][m[K’
[01m[K/data/gs/gs2/GraphScope/analytical_engine/core/java/graphx_runner.cc:78:52:[m[K   required from here
[01m[K/data/gs/gs2/GraphScope/analytical_engine/core/context/java_context_base.h:331:40:[m[K [01;35m[Kwarning: [m[K‘[01m[Kboost::filesystem::path boost::filesystem::path::branch_path() const[m[K’ is deprecated: Use path::parent_path() instead [[01;35m[K-Wdeprecated-declarations[m[K]
  331 |       lib_dir = [01;35m[Klib_path_fs.branch_path()[m[K;
      |                 [01;35m[K~~~~~~~~~~~~~~~~~~~~~~~^~[m[K
In file included from [01m[K/data/gs/gs2/GraphScope/analytical_engine/core/context/java_context_base.h:33[m[K,
                 from [01m[K/data/gs/gs2/GraphScope/analytical_engine/core/context/java_pie_projected_context.h:39[m[K,
                 from [01m[K/data/gs/gs2/GraphScope/analytical_engine/apps/java_pie/java_pie_projected_default_app.h:28[m[K,
                 from [01m[K/data/gs/gs2/GraphScope/analytical_engine/core/java/graphx_runner.h:39[m[K,
                 from [01m[K/data/gs/gs2/GraphScope/analytical_engine/core/java/graphx_runner.cc:15[m[K:
[01m[K/usr/local/include/boost/filesystem/path.hpp:1128:10:[m[K [01;36m[Knote: [m[Kdeclared here
 1128 |     path [01;36m[Kbranch_path[m[K() const { return parent_path(); }
      |          [01;36m[K^~~~~~~~~~~[m[K
In file included from [01m[K/data/gs/gs2/GraphScope/analytical_engine/core/context/java_pie_projected_context.h:39[m[K,
                 from [01m[K/data/gs/gs2/GraphScope/analytical_engine/apps/java_pie/java_pie_projected_default_app.h:28[m[K,
                 from [01m[K/data/gs/gs2/GraphScope/analytical_engine/core/java/graphx_runner.h:39[m[K,
                 from [01m[K/data/gs/gs2/GraphScope/analytical_engine/core/java/graphx_runner.cc:15[m[K:
[01m[K/data/gs/gs2/GraphScope/analytical_engine/core/context/java_context_base.h:331:40:[m[K [01;35m[Kwarning: [m[K‘[01m[Kboost::filesystem::path boost::filesystem::path::branch_path() const[m[K’ is deprecated: Use path::parent_path() instead [[01;35m[K-Wdeprecated-declarations[m[K]
  331 |       lib_dir = [01;35m[Klib_path_fs.branch_path()[m[K;
      |                 [01;35m[K~~~~~~~~~~~~~~~~~~~~~~~^~[m[K
In file included from [01m[K/data/gs/gs2/GraphScope/analytical_engine/core/context/java_context_base.h:33[m[K,
                 from [01m[K/data/gs/gs2/GraphScope/analytical_engine/core/context/java_pie_projected_context.h:39[m[K,
                 from [01m[K/data/gs/gs2/GraphScope/analytical_engine/apps/java_pie/java_pie_projected_default_app.h:28[m[K,
                 from [01m[K/data/gs/gs2/GraphScope/analytical_engine/core/java/graphx_runner.h:39[m[K,
                 from [01m[K/data/gs/gs2/GraphScope/analytical_engine/core/java/graphx_runner.cc:15[m[K:
[01m[K/usr/local/include/boost/filesystem/path.hpp:1128:10:[m[K [01;36m[Knote: [m[Kdeclared here
 1128 |     path [01;36m[Kbranch_path[m[K() const { return parent_path(); }
      |          [01;36m[K^~~~~~~~~~~[m[K
In file included from [01m[K/data/gs/gs2/GraphScope/analytical_engine/core/context/java_pie_projected_context.h:39[m[K,
                 from [01m[K/data/gs/gs2/GraphScope/analytical_engine/apps/java_pie/java_pie_projected_default_app.h:28[m[K,
                 from [01m[K/data/gs/gs2/GraphScope/analytical_engine/core/java/graphx_runner.h:39[m[K,
                 from [01m[K/data/gs/gs2/GraphScope/analytical_engine/core/java/graphx_runner.cc:15[m[K:
/data/gs/gs2/GraphScope/analytical_engine/core/context/java_context_base.h: In instantiation of ‘[01m[Kstd::string gs::JavaContextBase<FRAG_T>::parseParamsAndSetupJVMEnv(const string&, std::string, std::string&, std::string&, std::string&, std::string&, int) [with FRAG_T = gs::ArrowProjectedFragment<long int, long unsigned int, int, double, vineyard::ArrowVertexMap<long int, long unsigned int>, false>; std::string = std::basic_string<char>][m[K’:
[01m[K/data/gs/gs2/GraphScope/analytical_engine/core/context/java_context_base.h:153:28:[m[K   required from ‘[01m[Kvoid gs::JavaContextBase<FRAG_T>::init(jlong, const char*, const string&, const string&, int) [with FRAG_T = gs::ArrowProjectedFragment<long int, long unsigned int, int, double, vineyard::ArrowVertexMap<long int, long unsigned int>, false>; jlong = long int; std::string = std::basic_string<char>][m[K’
[01m[K/data/gs/gs2/GraphScope/analytical_engine/core/context/java_pie_projected_context.h:69:34:[m[K   required from ‘[01m[Kvoid gs::JavaPIEProjectedContext<FRAG_T>::init(jlong, const char*, const string&, const string&, int) [with FRAG_T = gs::ArrowProjectedFragment<long int, long unsigned int, int, double, vineyard::ArrowVertexMap<long int, long unsigned int>, false>; jlong = long int; std::string = std::basic_string<char>][m[K’
[01m[K/data/gs/gs2/GraphScope/analytical_engine/core/context/java_pie_projected_context.h:250:42:[m[K   required from ‘[01m[Kvoid gs::JavaPIEProjectedParallelContext<FRAG_T>::Init(grape::ParallelMessageManager&, const string&, const string&) [with FRAG_T = gs::ArrowProjectedFragment<long int, long unsigned int, int, double, vineyard::ArrowVertexMap<long int, long unsigned int>, false>; std::string = std::basic_string<char>][m[K’
[01m[K/usr/local/include/grape/worker/worker.h:93:5:[m[K   required from ‘[01m[Kvoid grape::Worker<APP_T, MESSAGE_MANAGER_T>::Query(Args&& ...) [with Args = {const std::basic_string<char, std::char_traits<char>, std::allocator<char> >&, const std::basic_string<char, std::char_traits<char>, std::allocator<char> >&}; APP_T = gs::JavaPIEProjectedParallelApp<gs::ArrowProjectedFragment<long int, long unsigned int, int, double, vineyard::ArrowVertexMap<long int, long unsigned int>, false> >; MESSAGE_MANAGER_T = grape::ParallelMessageManager][m[K’
[01m[K/data/gs/gs2/GraphScope/analytical_engine/core/java/graphx_runner.h:207:3:[m[K   required from ‘[01m[Kvoid gs::Query(grape::CommSpec&, std::shared_ptr<_Tp>, const string&, const string&) [with FRAG_T = gs::ArrowProjectedFragment<long int, long unsigned int, int, double, vineyard::ArrowVertexMap<long int, long unsigned int>, false>; APP_TYPE = gs::JavaPIEProjectedParallelAppIE<gs::ArrowProjectedFragment<long int, long unsigned int, int, double, vineyard::ArrowVertexMap<long int, long unsigned int>, false> >; std::string = std::basic_string<char>][m[K’
[01m[K/data/gs/gs2/GraphScope/analytical_engine/core/java/graphx_runner.h:272:45:[m[K   required from ‘[01m[Kvoid gs::RunGraphX(vineyard::Client&, grape::CommSpec&, std::string&) [with OID_T = long int; VID_T = long unsigned int; VD_T = int; ED_T = double; std::string = std::basic_string<char>][m[K’
[01m[K/data/gs/gs2/GraphScope/analytical_engine/core/java/graphx_runner.h:300:46:[m[K   required from ‘[01m[Kvoid gs::Run() [with OID_T = long int; VID_T = long unsigned int; VD_T = int; ED_T = double][m[K’
[01m[K/data/gs/gs2/GraphScope/analytical_engine/core/java/graphx_runner.cc:80:51:[m[K   required from here
[01m[K/data/gs/gs2/GraphScope/analytical_engine/core/context/java_context_base.h:331:40:[m[K [01;35m[Kwarning: [m[K‘[01m[Kboost::filesystem::path boost::filesystem::path::branch_path() const[m[K’ is deprecated: Use path::parent_path() instead [[01;35m[K-Wdeprecated-declarations[m[K]
  331 |       lib_dir = [01;35m[Klib_path_fs.branch_path()[m[K;
      |                 [01;35m[K~~~~~~~~~~~~~~~~~~~~~~~^~[m[K
In file included from [01m[K/data/gs/gs2/GraphScope/analytical_engine/core/context/java_context_base.h:33[m[K,
                 from [01m[K/data/gs/gs2/GraphScope/analytical_engine/core/context/java_pie_projected_context.h:39[m[K,
                 from [01m[K/data/gs/gs2/GraphScope/analytical_engine/apps/java_pie/java_pie_projected_default_app.h:28[m[K,
                 from [01m[K/data/gs/gs2/GraphScope/analytical_engine/core/java/graphx_runner.h:39[m[K,
                 from [01m[K/data/gs/gs2/GraphScope/analytical_engine/core/java/graphx_runner.cc:15[m[K:
[01m[K/usr/local/include/boost/filesystem/path.hpp:1128:10:[m[K [01;36m[Knote: [m[Kdeclared here
 1128 |     path [01;36m[Kbranch_path[m[K() const { return parent_path(); }
      |          [01;36m[K^~~~~~~~~~~[m[K
In file included from [01m[K/data/gs/gs2/GraphScope/analytical_engine/core/context/java_pie_projected_context.h:39[m[K,
                 from [01m[K/data/gs/gs2/GraphScope/analytical_engine/apps/java_pie/java_pie_projected_default_app.h:28[m[K,
                 from [01m[K/data/gs/gs2/GraphScope/analytical_engine/core/java/graphx_runner.h:39[m[K,
                 from [01m[K/data/gs/gs2/GraphScope/analytical_engine/core/java/graphx_runner.cc:15[m[K:
[01m[K/data/gs/gs2/GraphScope/analytical_engine/core/context/java_context_base.h:331:40:[m[K [01;35m[Kwarning: [m[K‘[01m[Kboost::filesystem::path boost::filesystem::path::branch_path() const[m[K’ is deprecated: Use path::parent_path() instead [[01;35m[K-Wdeprecated-declarations[m[K]
  331 |       lib_dir = [01;35m[Klib_path_fs.branch_path()[m[K;
      |                 [01;35m[K~~~~~~~~~~~~~~~~~~~~~~~^~[m[K
In file included from [01m[K/data/gs/gs2/GraphScope/analytical_engine/core/context/java_context_base.h:33[m[K,
                 from [01m[K/data/gs/gs2/GraphScope/analytical_engine/core/context/java_pie_projected_context.h:39[m[K,
                 from [01m[K/data/gs/gs2/GraphScope/analytical_engine/apps/java_pie/java_pie_projected_default_app.h:28[m[K,
                 from [01m[K/data/gs/gs2/GraphScope/analytical_engine/core/java/graphx_runner.h:39[m[K,
                 from [01m[K/data/gs/gs2/GraphScope/analytical_engine/core/java/graphx_runner.cc:15[m[K:
[01m[K/usr/local/include/boost/filesystem/path.hpp:1128:10:[m[K [01;36m[Knote: [m[Kdeclared here
 1128 |     path [01;36m[Kbranch_path[m[K() const { return parent_path(); }
      |          [01;36m[K^~~~~~~~~~~[m[K
In file included from [01m[K/data/gs/gs2/GraphScope/analytical_engine/core/context/java_pie_projected_context.h:39[m[K,
                 from [01m[K/data/gs/gs2/GraphScope/analytical_engine/apps/java_pie/java_pie_projected_default_app.h:28[m[K,
                 from [01m[K/data/gs/gs2/GraphScope/analytical_engine/core/java/graphx_runner.h:39[m[K,
                 from [01m[K/data/gs/gs2/GraphScope/analytical_engine/core/java/graphx_runner.cc:15[m[K:
/data/gs/gs2/GraphScope/analytical_engine/core/context/java_context_base.h: In instantiation of ‘[01m[Kstd::string gs::JavaContextBase<FRAG_T>::parseParamsAndSetupJVMEnv(const string&, std::string, std::string&, std::string&, std::string&, std::string&, int) [with FRAG_T = gs::ArrowProjectedFragment<long int, long unsigned int, int, std::basic_string<char>, vineyard::ArrowVertexMap<long int, long unsigned int>, false>; std::string = std::basic_string<char>][m[K’:
[01m[K/data/gs/gs2/GraphScope/analytical_engine/core/context/java_context_base.h:153:28:[m[K   required from ‘[01m[Kvoid gs::JavaContextBase<FRAG_T>::init(jlong, const char*, const string&, const string&, int) [with FRAG_T = gs::ArrowProjectedFragment<long int, long unsigned int, int, std::basic_string<char>, vineyard::ArrowVertexMap<long int, long unsigned int>, false>; jlong = long int; std::string = std::basic_string<char>][m[K’
[01m[K/data/gs/gs2/GraphScope/analytical_engine/core/context/java_pie_projected_context.h:69:34:[m[K   required from ‘[01m[Kvoid gs::JavaPIEProjectedContext<FRAG_T>::init(jlong, const char*, const string&, const string&, int) [with FRAG_T = gs::ArrowProjectedFragment<long int, long unsigned int, int, std::basic_string<char>, vineyard::ArrowVertexMap<long int, long unsigned int>, false>; jlong = long int; std::string = std::basic_string<char>][m[K’
[01m[K/data/gs/gs2/GraphScope/analytical_engine/core/context/java_pie_projected_context.h:250:42:[m[K   required from ‘[01m[Kvoid gs::JavaPIEProjectedParallelContext<FRAG_T>::Init(grape::ParallelMessageManager&, const string&, const string&) [with FRAG_T = gs::ArrowProjectedFragment<long int, long unsigned int, int, std::basic_string<char>, vineyard::ArrowVertexMap<long int, long unsigned int>, false>; std::string = std::basic_string<char>][m[K’
[01m[K/usr/local/include/grape/worker/worker.h:93:5:[m[K   required from ‘[01m[Kvoid grape::Worker<APP_T, MESSAGE_MANAGER_T>::Query(Args&& ...) [with Args = {const std::basic_string<char, std::char_traits<char>, std::allocator<char> >&, const std::basic_string<char, std::char_traits<char>, std::allocator<char> >&}; APP_T = gs::JavaPIEProjectedParallelApp<gs::ArrowProjectedFragment<long int, long unsigned int, int, std::basic_string<char>, vineyard::ArrowVertexMap<long int, long unsigned int>, false> >; MESSAGE_MANAGER_T = grape::ParallelMessageManager][m[K’
[01m[K/data/gs/gs2/GraphScope/analytical_engine/core/java/graphx_runner.h:207:3:[m[K   required from ‘[01m[Kvoid gs::Query(grape::CommSpec&, std::shared_ptr<_Tp>, const string&, const string&) [with FRAG_T = gs::ArrowProjectedFragment<long int, long unsigned int, int, std::basic_string<char>, vineyard::ArrowVertexMap<long int, long unsigned int>, false>; APP_TYPE = gs::JavaPIEProjectedParallelAppIE<gs::ArrowProjectedFragment<long int, long unsigned int, int, std::basic_string<char>, vineyard::ArrowVertexMap<long int, long unsigned int>, false> >; std::string = std::basic_string<char>][m[K’
[01m[K/data/gs/gs2/GraphScope/analytical_engine/core/java/graphx_runner.h:272:45:[m[K   required from ‘[01m[Kvoid gs::RunGraphX(vineyard::Client&, grape::CommSpec&, std::string&) [with OID_T = long int; VID_T = long unsigned int; VD_T = int; ED_T = std::basic_string<char>; std::string = std::basic_string<char>][m[K’
[01m[K/data/gs/gs2/GraphScope/analytical_engine/core/java/graphx_runner.h:300:46:[m[K   required from ‘[01m[Kvoid gs::Run() [with OID_T = long int; VID_T = long unsigned int; VD_T = int; ED_T = std::basic_string<char>][m[K’
[01m[K/data/gs/gs2/GraphScope/analytical_engine/core/java/graphx_runner.cc:82:56:[m[K   required from here
[01m[K/data/gs/gs2/GraphScope/analytical_engine/core/context/java_context_base.h:331:40:[m[K [01;35m[Kwarning: [m[K‘[01m[Kboost::filesystem::path boost::filesystem::path::branch_path() const[m[K’ is deprecated: Use path::parent_path() instead [[01;35m[K-Wdeprecated-declarations[m[K]
  331 |       lib_dir = [01;35m[Klib_path_fs.branch_path()[m[K;
      |                 [01;35m[K~~~~~~~~~~~~~~~~~~~~~~~^~[m[K
In file included from [01m[K/data/gs/gs2/GraphScope/analytical_engine/core/context/java_context_base.h:33[m[K,
                 from [01m[K/data/gs/gs2/GraphScope/analytical_engine/core/context/java_pie_projected_context.h:39[m[K,
                 from [01m[K/data/gs/gs2/GraphScope/analytical_engine/apps/java_pie/java_pie_projected_default_app.h:28[m[K,
                 from [01m[K/data/gs/gs2/GraphScope/analytical_engine/core/java/graphx_runner.h:39[m[K,
                 from [01m[K/data/gs/gs2/GraphScope/analytical_engine/core/java/graphx_runner.cc:15[m[K:
[01m[K/usr/local/include/boost/filesystem/path.hpp:1128:10:[m[K [01;36m[Knote: [m[Kdeclared here
 1128 |     path [01;36m[Kbranch_path[m[K() const { return parent_path(); }
      |          [01;36m[K^~~~~~~~~~~[m[K
In file included from [01m[K/data/gs/gs2/GraphScope/analytical_engine/core/context/java_pie_projected_context.h:39[m[K,
                 from [01m[K/data/gs/gs2/GraphScope/analytical_engine/apps/java_pie/java_pie_projected_default_app.h:28[m[K,
                 from [01m[K/data/gs/gs2/GraphScope/analytical_engine/core/java/graphx_runner.h:39[m[K,
                 from [01m[K/data/gs/gs2/GraphScope/analytical_engine/core/java/graphx_runner.cc:15[m[K:
[01m[K/data/gs/gs2/GraphScope/analytical_engine/core/context/java_context_base.h:331:40:[m[K [01;35m[Kwarning: [m[K‘[01m[Kboost::filesystem::path boost::filesystem::path::branch_path() const[m[K’ is deprecated: Use path::parent_path() instead [[01;35m[K-Wdeprecated-declarations[m[K]
  331 |       lib_dir = [01;35m[Klib_path_fs.branch_path()[m[K;
      |                 [01;35m[K~~~~~~~~~~~~~~~~~~~~~~~^~[m[K
In file included from [01m[K/data/gs/gs2/GraphScope/analytical_engine/core/context/java_context_base.h:33[m[K,
                 from [01m[K/data/gs/gs2/GraphScope/analytical_engine/core/context/java_pie_projected_context.h:39[m[K,
                 from [01m[K/data/gs/gs2/GraphScope/analytical_engine/apps/java_pie/java_pie_projected_default_app.h:28[m[K,
                 from [01m[K/data/gs/gs2/GraphScope/analytical_engine/core/java/graphx_runner.h:39[m[K,
                 from [01m[K/data/gs/gs2/GraphScope/analytical_engine/core/java/graphx_runner.cc:15[m[K:
[01m[K/usr/local/include/boost/filesystem/path.hpp:1128:10:[m[K [01;36m[Knote: [m[Kdeclared here
 1128 |     path [01;36m[Kbranch_path[m[K() const { return parent_path(); }
      |          [01;36m[K^~~~~~~~~~~[m[K
In file included from [01m[K/data/gs/gs2/GraphScope/analytical_engine/core/context/java_pie_projected_context.h:39[m[K,
                 from [01m[K/data/gs/gs2/GraphScope/analytical_engine/apps/java_pie/java_pie_projected_default_app.h:28[m[K,
                 from [01m[K/data/gs/gs2/GraphScope/analytical_engine/core/java/graphx_runner.h:39[m[K,
                 from [01m[K/data/gs/gs2/GraphScope/analytical_engine/core/java/graphx_runner.cc:15[m[K:
/data/gs/gs2/GraphScope/analytical_engine/core/context/java_context_base.h: In instantiation of ‘[01m[Kstd::string gs::JavaContextBase<FRAG_T>::parseParamsAndSetupJVMEnv(const string&, std::string, std::string&, std::string&, std::string&, std::string&, int) [with FRAG_T = gs::ArrowProjectedFragment<long int, long unsigned int, double, long int, vineyard::ArrowVertexMap<long int, long unsigned int>, false>; std::string = std::basic_string<char>][m[K’:
[01m[K/data/gs/gs2/GraphScope/analytical_engine/core/context/java_context_base.h:153:28:[m[K   required from ‘[01m[Kvoid gs::JavaContextBase<FRAG_T>::init(jlong, const char*, const string&, const string&, int) [with FRAG_T = gs::ArrowProjectedFragment<long int, long unsigned int, double, long int, vineyard::ArrowVertexMap<long int, long unsigned int>, false>; jlong = long int; std::string = std::basic_string<char>][m[K’
[01m[K/data/gs/gs2/GraphScope/analytical_engine/core/context/java_pie_projected_context.h:69:34:[m[K   required from ‘[01m[Kvoid gs::JavaPIEProjectedContext<FRAG_T>::init(jlong, const char*, const string&, const string&, int) [with FRAG_T = gs::ArrowProjectedFragment<long int, long unsigned int, double, long int, vineyard::ArrowVertexMap<long int, long unsigned int>, false>; jlong = long int; std::string = std::basic_string<char>][m[K’
[01m[K/data/gs/gs2/GraphScope/analytical_engine/core/context/java_pie_projected_context.h:250:42:[m[K   required from ‘[01m[Kvoid gs::JavaPIEProjectedParallelContext<FRAG_T>::Init(grape::ParallelMessageManager&, const string&, const string&) [with FRAG_T = gs::ArrowProjectedFragment<long int, long unsigned int, double, long int, vineyard::ArrowVertexMap<long int, long unsigned int>, false>; std::string = std::basic_string<char>][m[K’
[01m[K/usr/local/include/grape/worker/worker.h:93:5:[m[K   required from ‘[01m[Kvoid grape::Worker<APP_T, MESSAGE_MANAGER_T>::Query(Args&& ...) [with Args = {const std::basic_string<char, std::char_traits<char>, std::allocator<char> >&, const std::basic_string<char, std::char_traits<char>, std::allocator<char> >&}; APP_T = gs::JavaPIEProjectedParallelApp<gs::ArrowProjectedFragment<long int, long unsigned int, double, long int, vineyard::ArrowVertexMap<long int, long unsigned int>, false> >; MESSAGE_MANAGER_T = grape::ParallelMessageManager][m[K’
[01m[K/data/gs/gs2/GraphScope/analytical_engine/core/java/graphx_runner.h:207:3:[m[K   required from ‘[01m[Kvoid gs::Query(grape::CommSpec&, std::shared_ptr<_Tp>, const string&, const string&) [with FRAG_T = gs::ArrowProjectedFragment<long int, long unsigned int, double, long int, vineyard::ArrowVertexMap<long int, long unsigned int>, false>; APP_TYPE = gs::JavaPIEProjectedParallelAppIE<gs::ArrowProjectedFragment<long int, long unsigned int, double, long int, vineyard::ArrowVertexMap<long int, long unsigned int>, false> >; std::string = std::basic_string<char>][m[K’
[01m[K/data/gs/gs2/GraphScope/analytical_engine/core/java/graphx_runner.h:272:45:[m[K   required from ‘[01m[Kvoid gs::RunGraphX(vineyard::Client&, grape::CommSpec&, std::string&) [with OID_T = long int; VID_T = long unsigned int; VD_T = double; ED_T = long int; std::string = std::basic_string<char>][m[K’
[01m[K/data/gs/gs2/GraphScope/analytical_engine/core/java/graphx_runner.h:300:46:[m[K   required from ‘[01m[Kvoid gs::Run() [with OID_T = long int; VID_T = long unsigned int; VD_T = double; ED_T = long int][m[K’
[01m[K/data/gs/gs2/GraphScope/analytical_engine/core/java/graphx_runner.cc:88:51:[m[K   required from here
[01m[K/data/gs/gs2/GraphScope/analytical_engine/core/context/java_context_base.h:331:40:[m[K [01;35m[Kwarning: [m[K‘[01m[Kboost::filesystem::path boost::filesystem::path::branch_path() const[m[K’ is deprecated: Use path::parent_path() instead [[01;35m[K-Wdeprecated-declarations[m[K]
  331 |       lib_dir = [01;35m[Klib_path_fs.branch_path()[m[K;
      |                 [01;35m[K~~~~~~~~~~~~~~~~~~~~~~~^~[m[K
In file included from [01m[K/data/gs/gs2/GraphScope/analytical_engine/core/context/java_context_base.h:33[m[K,
                 from [01m[K/data/gs/gs2/GraphScope/analytical_engine/core/context/java_pie_projected_context.h:39[m[K,
                 from [01m[K/data/gs/gs2/GraphScope/analytical_engine/apps/java_pie/java_pie_projected_default_app.h:28[m[K,
                 from [01m[K/data/gs/gs2/GraphScope/analytical_engine/core/java/graphx_runner.h:39[m[K,
                 from [01m[K/data/gs/gs2/GraphScope/analytical_engine/core/java/graphx_runner.cc:15[m[K:
[01m[K/usr/local/include/boost/filesystem/path.hpp:1128:10:[m[K [01;36m[Knote: [m[Kdeclared here
 1128 |     path [01;36m[Kbranch_path[m[K() const { return parent_path(); }
      |          [01;36m[K^~~~~~~~~~~[m[K
In file included from [01m[K/data/gs/gs2/GraphScope/analytical_engine/core/context/java_pie_projected_context.h:39[m[K,
                 from [01m[K/data/gs/gs2/GraphScope/analytical_engine/apps/java_pie/java_pie_projected_default_app.h:28[m[K,
                 from [01m[K/data/gs/gs2/GraphScope/analytical_engine/core/java/graphx_runner.h:39[m[K,
                 from [01m[K/data/gs/gs2/GraphScope/analytical_engine/core/java/graphx_runner.cc:15[m[K:
[01m[K/data/gs/gs2/GraphScope/analytical_engine/core/context/java_context_base.h:331:40:[m[K [01;35m[Kwarning: [m[K‘[01m[Kboost::filesystem::path boost::filesystem::path::branch_path() const[m[K’ is deprecated: Use path::parent_path() instead [[01;35m[K-Wdeprecated-declarations[m[K]
  331 |       lib_dir = [01;35m[Klib_path_fs.branch_path()[m[K;
      |                 [01;35m[K~~~~~~~~~~~~~~~~~~~~~~~^~[m[K
In file included from [01m[K/data/gs/gs2/GraphScope/analytical_engine/core/context/java_context_base.h:33[m[K,
                 from [01m[K/data/gs/gs2/GraphScope/analytical_engine/core/context/java_pie_projected_context.h:39[m[K,
                 from [01m[K/data/gs/gs2/GraphScope/analytical_engine/apps/java_pie/java_pie_projected_default_app.h:28[m[K,
                 from [01m[K/data/gs/gs2/GraphScope/analytical_engine/core/java/graphx_runner.h:39[m[K,
                 from [01m[K/data/gs/gs2/GraphScope/analytical_engine/core/java/graphx_runner.cc:15[m[K:
[01m[K/usr/local/include/boost/filesystem/path.hpp:1128:10:[m[K [01;36m[Knote: [m[Kdeclared here
 1128 |     path [01;36m[Kbranch_path[m[K() const { return parent_path(); }
      |          [01;36m[K^~~~~~~~~~~[m[K
In file included from [01m[K/data/gs/gs2/GraphScope/analytical_engine/core/context/java_pie_projected_context.h:39[m[K,
                 from [01m[K/data/gs/gs2/GraphScope/analytical_engine/apps/java_pie/java_pie_projected_default_app.h:28[m[K,
                 from [01m[K/data/gs/gs2/GraphScope/analytical_engine/core/java/graphx_runner.h:39[m[K,
                 from [01m[K/data/gs/gs2/GraphScope/analytical_engine/core/java/graphx_runner.cc:15[m[K:
/data/gs/gs2/GraphScope/analytical_engine/core/context/java_context_base.h: In instantiation of ‘[01m[Kstd::string gs::JavaContextBase<FRAG_T>::parseParamsAndSetupJVMEnv(const string&, std::string, std::string&, std::string&, std::string&, std::string&, int) [with FRAG_T = gs::ArrowProjectedFragment<long int, long unsigned int, double, int, vineyard::ArrowVertexMap<long int, long unsigned int>, false>; std::string = std::basic_string<char>][m[K’:
[01m[K/data/gs/gs2/GraphScope/analytical_engine/core/context/java_context_base.h:153:28:[m[K   required from ‘[01m[Kvoid gs::JavaContextBase<FRAG_T>::init(jlong, const char*, const string&, const string&, int) [with FRAG_T = gs::ArrowProjectedFragment<long int, long unsigned int, double, int, vineyard::ArrowVertexMap<long int, long unsigned int>, false>; jlong = long int; std::string = std::basic_string<char>][m[K’
[01m[K/data/gs/gs2/GraphScope/analytical_engine/core/context/java_pie_projected_context.h:69:34:[m[K   required from ‘[01m[Kvoid gs::JavaPIEProjectedContext<FRAG_T>::init(jlong, const char*, const string&, const string&, int) [with FRAG_T = gs::ArrowProjectedFragment<long int, long unsigned int, double, int, vineyard::ArrowVertexMap<long int, long unsigned int>, false>; jlong = long int; std::string = std::basic_string<char>][m[K’
[01m[K/data/gs/gs2/GraphScope/analytical_engine/core/context/java_pie_projected_context.h:250:42:[m[K   required from ‘[01m[Kvoid gs::JavaPIEProjectedParallelContext<FRAG_T>::Init(grape::ParallelMessageManager&, const string&, const string&) [with FRAG_T = gs::ArrowProjectedFragment<long int, long unsigned int, double, int, vineyard::ArrowVertexMap<long int, long unsigned int>, false>; std::string = std::basic_string<char>][m[K’
[01m[K/usr/local/include/grape/worker/worker.h:93:5:[m[K   required from ‘[01m[Kvoid grape::Worker<APP_T, MESSAGE_MANAGER_T>::Query(Args&& ...) [with Args = {const std::basic_string<char, std::char_traits<char>, std::allocator<char> >&, const std::basic_string<char, std::char_traits<char>, std::allocator<char> >&}; APP_T = gs::JavaPIEProjectedParallelApp<gs::ArrowProjectedFragment<long int, long unsigned int, double, int, vineyard::ArrowVertexMap<long int, long unsigned int>, false> >; MESSAGE_MANAGER_T = grape::ParallelMessageManager][m[K’
[01m[K/data/gs/gs2/GraphScope/analytical_engine/core/java/graphx_runner.h:207:3:[m[K   required from ‘[01m[Kvoid gs::Query(grape::CommSpec&, std::shared_ptr<_Tp>, const string&, const string&) [with FRAG_T = gs::ArrowProjectedFragment<long int, long unsigned int, double, int, vineyard::ArrowVertexMap<long int, long unsigned int>, false>; APP_TYPE = gs::JavaPIEProjectedParallelAppIE<gs::ArrowProjectedFragment<long int, long unsigned int, double, int, vineyard::ArrowVertexMap<long int, long unsigned int>, false> >; std::string = std::basic_string<char>][m[K’
[01m[K/data/gs/gs2/GraphScope/analytical_engine/core/java/graphx_runner.h:272:45:[m[K   required from ‘[01m[Kvoid gs::RunGraphX(vineyard::Client&, grape::CommSpec&, std::string&) [with OID_T = long int; VID_T = long unsigned int; VD_T = double; ED_T = int; std::string = std::basic_string<char>][m[K’
[01m[K/data/gs/gs2/GraphScope/analytical_engine/core/java/graphx_runner.h:300:46:[m[K   required from ‘[01m[Kvoid gs::Run() [with OID_T = long int; VID_T = long unsigned int; VD_T = double; ED_T = int][m[K’
[01m[K/data/gs/gs2/GraphScope/analytical_engine/core/java/graphx_runner.cc:90:51:[m[K   required from here
[01m[K/data/gs/gs2/GraphScope/analytical_engine/core/context/java_context_base.h:331:40:[m[K [01;35m[Kwarning: [m[K‘[01m[Kboost::filesystem::path boost::filesystem::path::branch_path() const[m[K’ is deprecated: Use path::parent_path() instead [[01;35m[K-Wdeprecated-declarations[m[K]
  331 |       lib_dir = [01;35m[Klib_path_fs.branch_path()[m[K;
      |                 [01;35m[K~~~~~~~~~~~~~~~~~~~~~~~^~[m[K
In file included from [01m[K/data/gs/gs2/GraphScope/analytical_engine/core/context/java_context_base.h:33[m[K,
                 from [01m[K/data/gs/gs2/GraphScope/analytical_engine/core/context/java_pie_projected_context.h:39[m[K,
                 from [01m[K/data/gs/gs2/GraphScope/analytical_engine/apps/java_pie/java_pie_projected_default_app.h:28[m[K,
                 from [01m[K/data/gs/gs2/GraphScope/analytical_engine/core/java/graphx_runner.h:39[m[K,
                 from [01m[K/data/gs/gs2/GraphScope/analytical_engine/core/java/graphx_runner.cc:15[m[K:
[01m[K/usr/local/include/boost/filesystem/path.hpp:1128:10:[m[K [01;36m[Knote: [m[Kdeclared here
 1128 |     path [01;36m[Kbranch_path[m[K() const { return parent_path(); }
      |          [01;36m[K^~~~~~~~~~~[m[K
In file included from [01m[K/data/gs/gs2/GraphScope/analytical_engine/core/context/java_pie_projected_context.h:39[m[K,
                 from [01m[K/data/gs/gs2/GraphScope/analytical_engine/apps/java_pie/java_pie_projected_default_app.h:28[m[K,
                 from [01m[K/data/gs/gs2/GraphScope/analytical_engine/core/java/graphx_runner.h:39[m[K,
                 from [01m[K/data/gs/gs2/GraphScope/analytical_engine/core/java/graphx_runner.cc:15[m[K:
[01m[K/data/gs/gs2/GraphScope/analytical_engine/core/context/java_context_base.h:331:40:[m[K [01;35m[Kwarning: [m[K‘[01m[Kboost::filesystem::path boost::filesystem::path::branch_path() const[m[K’ is deprecated: Use path::parent_path() instead [[01;35m[K-Wdeprecated-declarations[m[K]
  331 |       lib_dir = [01;35m[Klib_path_fs.branch_path()[m[K;
      |                 [01;35m[K~~~~~~~~~~~~~~~~~~~~~~~^~[m[K
In file included from [01m[K/data/gs/gs2/GraphScope/analytical_engine/core/context/java_context_base.h:33[m[K,
                 from [01m[K/data/gs/gs2/GraphScope/analytical_engine/core/context/java_pie_projected_context.h:39[m[K,
                 from [01m[K/data/gs/gs2/GraphScope/analytical_engine/apps/java_pie/java_pie_projected_default_app.h:28[m[K,
                 from [01m[K/data/gs/gs2/GraphScope/analytical_engine/core/java/graphx_runner.h:39[m[K,
                 from [01m[K/data/gs/gs2/GraphScope/analytical_engine/core/java/graphx_runner.cc:15[m[K:
[01m[K/usr/local/include/boost/filesystem/path.hpp:1128:10:[m[K [01;36m[Knote: [m[Kdeclared here
 1128 |     path [01;36m[Kbranch_path[m[K() const { return parent_path(); }
      |          [01;36m[K^~~~~~~~~~~[m[K
In file included from [01m[K/data/gs/gs2/GraphScope/analytical_engine/core/context/java_pie_projected_context.h:39[m[K,
                 from [01m[K/data/gs/gs2/GraphScope/analytical_engine/apps/java_pie/java_pie_projected_default_app.h:28[m[K,
                 from [01m[K/data/gs/gs2/GraphScope/analytical_engine/core/java/graphx_runner.h:39[m[K,
                 from [01m[K/data/gs/gs2/GraphScope/analytical_engine/core/java/graphx_runner.cc:15[m[K:
/data/gs/gs2/GraphScope/analytical_engine/core/context/java_context_base.h: In instantiation of ‘[01m[Kstd::string gs::JavaContextBase<FRAG_T>::parseParamsAndSetupJVMEnv(const string&, std::string, std::string&, std::string&, std::string&, std::string&, int) [with FRAG_T = gs::ArrowProjectedFragment<long int, long unsigned int, double, double, vineyard::ArrowVertexMap<long int, long unsigned int>, false>; std::string = std::basic_string<char>][m[K’:
[01m[K/data/gs/gs2/GraphScope/analytical_engine/core/context/java_context_base.h:153:28:[m[K   required from ‘[01m[Kvoid gs::JavaContextBase<FRAG_T>::init(jlong, const char*, const string&, const string&, int) [with FRAG_T = gs::ArrowProjectedFragment<long int, long unsigned int, double, double, vineyard::ArrowVertexMap<long int, long unsigned int>, false>; jlong = long int; std::string = std::basic_string<char>][m[K’
[01m[K/data/gs/gs2/GraphScope/analytical_engine/core/context/java_pie_projected_context.h:69:34:[m[K   required from ‘[01m[Kvoid gs::JavaPIEProjectedContext<FRAG_T>::init(jlong, const char*, const string&, const string&, int) [with FRAG_T = gs::ArrowProjectedFragment<long int, long unsigned int, double, double, vineyard::ArrowVertexMap<long int, long unsigned int>, false>; jlong = long int; std::string = std::basic_string<char>][m[K’
[01m[K/data/gs/gs2/GraphScope/analytical_engine/core/context/java_pie_projected_context.h:250:42:[m[K   required from ‘[01m[Kvoid gs::JavaPIEProjectedParallelContext<FRAG_T>::Init(grape::ParallelMessageManager&, const string&, const string&) [with FRAG_T = gs::ArrowProjectedFragment<long int, long unsigned int, double, double, vineyard::ArrowVertexMap<long int, long unsigned int>, false>; std::string = std::basic_string<char>][m[K’
[01m[K/usr/local/include/grape/worker/worker.h:93:5:[m[K   required from ‘[01m[Kvoid grape::Worker<APP_T, MESSAGE_MANAGER_T>::Query(Args&& ...) [with Args = {const std::basic_string<char, std::char_traits<char>, std::allocator<char> >&, const std::basic_string<char, std::char_traits<char>, std::allocator<char> >&}; APP_T = gs::JavaPIEProjectedParallelApp<gs::ArrowProjectedFragment<long int, long unsigned int, double, double, vineyard::ArrowVertexMap<long int, long unsigned int>, false> >; MESSAGE_MANAGER_T = grape::ParallelMessageManager][m[K’
[01m[K/data/gs/gs2/GraphScope/analytical_engine/core/java/graphx_runner.h:207:3:[m[K   required from ‘[01m[Kvoid gs::Query(grape::CommSpec&, std::shared_ptr<_Tp>, const string&, const string&) [with FRAG_T = gs::ArrowProjectedFragment<long int, long unsigned int, double, double, vineyard::ArrowVertexMap<long int, long unsigned int>, false>; APP_TYPE = gs::JavaPIEProjectedParallelAppIE<gs::ArrowProjectedFragment<long int, long unsigned int, double, double, vineyard::ArrowVertexMap<long int, long unsigned int>, false> >; std::string = std::basic_string<char>][m[K’
[01m[K/data/gs/gs2/GraphScope/analytical_engine/core/java/graphx_runner.h:272:45:[m[K   required from ‘[01m[Kvoid gs::RunGraphX(vineyard::Client&, grape::CommSpec&, std::string&) [with OID_T = long int; VID_T = long unsigned int; VD_T = double; ED_T = double; std::string = std::basic_string<char>][m[K’
[01m[K/data/gs/gs2/GraphScope/analytical_engine/core/java/graphx_runner.h:300:46:[m[K   required from ‘[01m[Kvoid gs::Run() [with OID_T = long int; VID_T = long unsigned int; VD_T = double; ED_T = double][m[K’
[01m[K/data/gs/gs2/GraphScope/analytical_engine/core/java/graphx_runner.cc:92:50:[m[K   required from here
[01m[K/data/gs/gs2/GraphScope/analytical_engine/core/context/java_context_base.h:331:40:[m[K [01;35m[Kwarning: [m[K‘[01m[Kboost::filesystem::path boost::filesystem::path::branch_path() const[m[K’ is deprecated: Use path::parent_path() instead [[01;35m[K-Wdeprecated-declarations[m[K]
  331 |       lib_dir = [01;35m[Klib_path_fs.branch_path()[m[K;
      |                 [01;35m[K~~~~~~~~~~~~~~~~~~~~~~~^~[m[K
In file included from [01m[K/data/gs/gs2/GraphScope/analytical_engine/core/context/java_context_base.h:33[m[K,
                 from [01m[K/data/gs/gs2/GraphScope/analytical_engine/core/context/java_pie_projected_context.h:39[m[K,
                 from [01m[K/data/gs/gs2/GraphScope/analytical_engine/apps/java_pie/java_pie_projected_default_app.h:28[m[K,
                 from [01m[K/data/gs/gs2/GraphScope/analytical_engine/core/java/graphx_runner.h:39[m[K,
                 from [01m[K/data/gs/gs2/GraphScope/analytical_engine/core/java/graphx_runner.cc:15[m[K:
[01m[K/usr/local/include/boost/filesystem/path.hpp:1128:10:[m[K [01;36m[Knote: [m[Kdeclared here
 1128 |     path [01;36m[Kbranch_path[m[K() const { return parent_path(); }
      |          [01;36m[K^~~~~~~~~~~[m[K
In file included from [01m[K/data/gs/gs2/GraphScope/analytical_engine/core/context/java_pie_projected_context.h:39[m[K,
                 from [01m[K/data/gs/gs2/GraphScope/analytical_engine/apps/java_pie/java_pie_projected_default_app.h:28[m[K,
                 from [01m[K/data/gs/gs2/GraphScope/analytical_engine/core/java/graphx_runner.h:39[m[K,
                 from [01m[K/data/gs/gs2/GraphScope/analytical_engine/core/java/graphx_runner.cc:15[m[K:
[01m[K/data/gs/gs2/GraphScope/analytical_engine/core/context/java_context_base.h:331:40:[m[K [01;35m[Kwarning: [m[K‘[01m[Kboost::filesystem::path boost::filesystem::path::branch_path() const[m[K’ is deprecated: Use path::parent_path() instead [[01;35m[K-Wdeprecated-declarations[m[K]
  331 |       lib_dir = [01;35m[Klib_path_fs.branch_path()[m[K;
      |                 [01;35m[K~~~~~~~~~~~~~~~~~~~~~~~^~[m[K
In file included from [01m[K/data/gs/gs2/GraphScope/analytical_engine/core/context/java_context_base.h:33[m[K,
                 from [01m[K/data/gs/gs2/GraphScope/analytical_engine/core/context/java_pie_projected_context.h:39[m[K,
                 from [01m[K/data/gs/gs2/GraphScope/analytical_engine/apps/java_pie/java_pie_projected_default_app.h:28[m[K,
                 from [01m[K/data/gs/gs2/GraphScope/analytical_engine/core/java/graphx_runner.h:39[m[K,
                 from [01m[K/data/gs/gs2/GraphScope/analytical_engine/core/java/graphx_runner.cc:15[m[K:
[01m[K/usr/local/include/boost/filesystem/path.hpp:1128:10:[m[K [01;36m[Knote: [m[Kdeclared here
 1128 |     path [01;36m[Kbranch_path[m[K() const { return parent_path(); }
      |          [01;36m[K^~~~~~~~~~~[m[K
In file included from [01m[K/data/gs/gs2/GraphScope/analytical_engine/core/context/java_pie_projected_context.h:39[m[K,
                 from [01m[K/data/gs/gs2/GraphScope/analytical_engine/apps/java_pie/java_pie_projected_default_app.h:28[m[K,
                 from [01m[K/data/gs/gs2/GraphScope/analytical_engine/core/java/graphx_runner.h:39[m[K,
                 from [01m[K/data/gs/gs2/GraphScope/analytical_engine/core/java/graphx_runner.cc:15[m[K:
/data/gs/gs2/GraphScope/analytical_engine/core/context/java_context_base.h: In instantiation of ‘[01m[Kstd::string gs::JavaContextBase<FRAG_T>::parseParamsAndSetupJVMEnv(const string&, std::string, std::string&, std::string&, std::string&, std::string&, int) [with FRAG_T = gs::ArrowProjectedFragment<long int, long unsigned int, double, std::basic_string<char>, vineyard::ArrowVertexMap<long int, long unsigned int>, false>; std::string = std::basic_string<char>][m[K’:
[01m[K/data/gs/gs2/GraphScope/analytical_engine/core/context/java_context_base.h:153:28:[m[K   required from ‘[01m[Kvoid gs::JavaContextBase<FRAG_T>::init(jlong, const char*, const string&, const string&, int) [with FRAG_T = gs::ArrowProjectedFragment<long int, long unsigned int, double, std::basic_string<char>, vineyard::ArrowVertexMap<long int, long unsigned int>, false>; jlong = long int; std::string = std::basic_string<char>][m[K’
[01m[K/data/gs/gs2/GraphScope/analytical_engine/core/context/java_pie_projected_context.h:69:34:[m[K   required from ‘[01m[Kvoid gs::JavaPIEProjectedContext<FRAG_T>::init(jlong, const char*, const string&, const string&, int) [with FRAG_T = gs::ArrowProjectedFragment<long int, long unsigned int, double, std::basic_string<char>, vineyard::ArrowVertexMap<long int, long unsigned int>, false>; jlong = long int; std::string = std::basic_string<char>][m[K’
[01m[K/data/gs/gs2/GraphScope/analytical_engine/core/context/java_pie_projected_context.h:250:42:[m[K   required from ‘[01m[Kvoid gs::JavaPIEProjectedParallelContext<FRAG_T>::Init(grape::ParallelMessageManager&, const string&, const string&) [with FRAG_T = gs::ArrowProjectedFragment<long int, long unsigned int, double, std::basic_string<char>, vineyard::ArrowVertexMap<long int, long unsigned int>, false>; std::string = std::basic_string<char>][m[K’
[01m[K/usr/local/include/grape/worker/worker.h:93:5:[m[K   required from ‘[01m[Kvoid grape::Worker<APP_T, MESSAGE_MANAGER_T>::Query(Args&& ...) [with Args = {const std::basic_string<char, std::char_traits<char>, std::allocator<char> >&, const std::basic_string<char, std::char_traits<char>, std::allocator<char> >&}; APP_T = gs::JavaPIEProjectedParallelApp<gs::ArrowProjectedFragment<long int, long unsigned int, double, std::basic_string<char>, vineyard::ArrowVertexMap<long int, long unsigned int>, false> >; MESSAGE_MANAGER_T = grape::ParallelMessageManager][m[K’
[01m[K/data/gs/gs2/GraphScope/analytical_engine/core/java/graphx_runner.h:207:3:[m[K   required from ‘[01m[Kvoid gs::Query(grape::CommSpec&, std::shared_ptr<_Tp>, const string&, const string&) [with FRAG_T = gs::ArrowProjectedFragment<long int, long unsigned int, double, std::basic_string<char>, vineyard::ArrowVertexMap<long int, long unsigned int>, false>; APP_TYPE = gs::JavaPIEProjectedParallelAppIE<gs::ArrowProjectedFragment<long int, long unsigned int, double, std::basic_string<char>, vineyard::ArrowVertexMap<long int, long unsigned int>, false> >; std::string = std::basic_string<char>][m[K’
[01m[K/data/gs/gs2/GraphScope/analytical_engine/core/java/graphx_runner.h:272:45:[m[K   required from ‘[01m[Kvoid gs::RunGraphX(vineyard::Client&, grape::CommSpec&, std::string&) [with OID_T = long int; VID_T = long unsigned int; VD_T = double; ED_T = std::basic_string<char>; std::string = std::basic_string<char>][m[K’
[01m[K/data/gs/gs2/GraphScope/analytical_engine/core/java/graphx_runner.h:300:46:[m[K   required from ‘[01m[Kvoid gs::Run() [with OID_T = long int; VID_T = long unsigned int; VD_T = double; ED_T = std::basic_string<char>][m[K’
[01m[K/data/gs/gs2/GraphScope/analytical_engine/core/java/graphx_runner.cc:94:55:[m[K   required from here
[01m[K/data/gs/gs2/GraphScope/analytical_engine/core/context/java_context_base.h:331:40:[m[K [01;35m[Kwarning: [m[K‘[01m[Kboost::filesystem::path boost::filesystem::path::branch_path() const[m[K’ is deprecated: Use path::parent_path() instead [[01;35m[K-Wdeprecated-declarations[m[K]
  331 |       lib_dir = [01;35m[Klib_path_fs.branch_path()[m[K;
      |                 [01;35m[K~~~~~~~~~~~~~~~~~~~~~~~^~[m[K
In file included from [01m[K/data/gs/gs2/GraphScope/analytical_engine/core/context/java_context_base.h:33[m[K,
                 from [01m[K/data/gs/gs2/GraphScope/analytical_engine/core/context/java_pie_projected_context.h:39[m[K,
                 from [01m[K/data/gs/gs2/GraphScope/analytical_engine/apps/java_pie/java_pie_projected_default_app.h:28[m[K,
                 from [01m[K/data/gs/gs2/GraphScope/analytical_engine/core/java/graphx_runner.h:39[m[K,
                 from [01m[K/data/gs/gs2/GraphScope/analytical_engine/core/java/graphx_runner.cc:15[m[K:
[01m[K/usr/local/include/boost/filesystem/path.hpp:1128:10:[m[K [01;36m[Knote: [m[Kdeclared here
 1128 |     path [01;36m[Kbranch_path[m[K() const { return parent_path(); }
      |          [01;36m[K^~~~~~~~~~~[m[K
In file included from [01m[K/data/gs/gs2/GraphScope/analytical_engine/core/context/java_pie_projected_context.h:39[m[K,
                 from [01m[K/data/gs/gs2/GraphScope/analytical_engine/apps/java_pie/java_pie_projected_default_app.h:28[m[K,
                 from [01m[K/data/gs/gs2/GraphScope/analytical_engine/core/java/graphx_runner.h:39[m[K,
                 from [01m[K/data/gs/gs2/GraphScope/analytical_engine/core/java/graphx_runner.cc:15[m[K:
[01m[K/data/gs/gs2/GraphScope/analytical_engine/core/context/java_context_base.h:331:40:[m[K [01;35m[Kwarning: [m[K‘[01m[Kboost::filesystem::path boost::filesystem::path::branch_path() const[m[K’ is deprecated: Use path::parent_path() instead [[01;35m[K-Wdeprecated-declarations[m[K]
  331 |       lib_dir = [01;35m[Klib_path_fs.branch_path()[m[K;
      |                 [01;35m[K~~~~~~~~~~~~~~~~~~~~~~~^~[m[K
In file included from [01m[K/data/gs/gs2/GraphScope/analytical_engine/core/context/java_context_base.h:33[m[K,
                 from [01m[K/data/gs/gs2/GraphScope/analytical_engine/core/context/java_pie_projected_context.h:39[m[K,
                 from [01m[K/data/gs/gs2/GraphScope/analytical_engine/apps/java_pie/java_pie_projected_default_app.h:28[m[K,
                 from [01m[K/data/gs/gs2/GraphScope/analytical_engine/core/java/graphx_runner.h:39[m[K,
                 from [01m[K/data/gs/gs2/GraphScope/analytical_engine/core/java/graphx_runner.cc:15[m[K:
[01m[K/usr/local/include/boost/filesystem/path.hpp:1128:10:[m[K [01;36m[Knote: [m[Kdeclared here
 1128 |     path [01;36m[Kbranch_path[m[K() const { return parent_path(); }
      |          [01;36m[K^~~~~~~~~~~[m[K
In file included from [01m[K/data/gs/gs2/GraphScope/analytical_engine/core/context/java_pie_projected_context.h:39[m[K,
                 from [01m[K/data/gs/gs2/GraphScope/analytical_engine/apps/java_pie/java_pie_projected_default_app.h:28[m[K,
                 from [01m[K/data/gs/gs2/GraphScope/analytical_engine/core/java/graphx_runner.h:39[m[K,
                 from [01m[K/data/gs/gs2/GraphScope/analytical_engine/core/java/graphx_runner.cc:15[m[K:
/data/gs/gs2/GraphScope/analytical_engine/core/context/java_context_base.h: In instantiation of ‘[01m[Kstd::string gs::JavaContextBase<FRAG_T>::parseParamsAndSetupJVMEnv(const string&, std::string, std::string&, std::string&, std::string&, std::string&, int) [with FRAG_T = gs::ArrowProjectedFragment<long int, long unsigned int, std::basic_string<char>, long int, vineyard::ArrowVertexMap<long int, long unsigned int>, false>; std::string = std::basic_string<char>][m[K’:
[01m[K/data/gs/gs2/GraphScope/analytical_engine/core/context/java_context_base.h:153:28:[m[K   required from ‘[01m[Kvoid gs::JavaContextBase<FRAG_T>::init(jlong, const char*, const string&, const string&, int) [with FRAG_T = gs::ArrowProjectedFragment<long int, long unsigned int, std::basic_string<char>, long int, vineyard::ArrowVertexMap<long int, long unsigned int>, false>; jlong = long int; std::string = std::basic_string<char>][m[K’
[01m[K/data/gs/gs2/GraphScope/analytical_engine/core/context/java_pie_projected_context.h:69:34:[m[K   required from ‘[01m[Kvoid gs::JavaPIEProjectedContext<FRAG_T>::init(jlong, const char*, const string&, const string&, int) [with FRAG_T = gs::ArrowProjectedFragment<long int, long unsigned int, std::basic_string<char>, long int, vineyard::ArrowVertexMap<long int, long unsigned int>, false>; jlong = long int; std::string = std::basic_string<char>][m[K’
[01m[K/data/gs/gs2/GraphScope/analytical_engine/core/context/java_pie_projected_context.h:250:42:[m[K   required from ‘[01m[Kvoid gs::JavaPIEProjectedParallelContext<FRAG_T>::Init(grape::ParallelMessageManager&, const string&, const string&) [with FRAG_T = gs::ArrowProjectedFragment<long int, long unsigned int, std::basic_string<char>, long int, vineyard::ArrowVertexMap<long int, long unsigned int>, false>; std::string = std::basic_string<char>][m[K’
[01m[K/usr/local/include/grape/worker/worker.h:93:5:[m[K   required from ‘[01m[Kvoid grape::Worker<APP_T, MESSAGE_MANAGER_T>::Query(Args&& ...) [with Args = {const std::basic_string<char, std::char_traits<char>, std::allocator<char> >&, const std::basic_string<char, std::char_traits<char>, std::allocator<char> >&}; APP_T = gs::JavaPIEProjectedParallelApp<gs::ArrowProjectedFragment<long int, long unsigned int, std::basic_string<char>, long int, vineyard::ArrowVertexMap<long int, long unsigned int>, false> >; MESSAGE_MANAGER_T = grape::ParallelMessageManager][m[K’
[01m[K/data/gs/gs2/GraphScope/analytical_engine/core/java/graphx_runner.h:207:3:[m[K   required from ‘[01m[Kvoid gs::Query(grape::CommSpec&, std::shared_ptr<_Tp>, const string&, const string&) [with FRAG_T = gs::ArrowProjectedFragment<long int, long unsigned int, std::basic_string<char>, long int, vineyard::ArrowVertexMap<long int, long unsigned int>, false>; APP_TYPE = gs::JavaPIEProjectedParallelAppIE<gs::ArrowProjectedFragment<long int, long unsigned int, std::basic_string<char>, long int, vineyard::ArrowVertexMap<long int, long unsigned int>, false> >; std::string = std::basic_string<char>][m[K’
[01m[K/data/gs/gs2/GraphScope/analytical_engine/core/java/graphx_runner.h:272:45:[m[K   required from ‘[01m[Kvoid gs::RunGraphX(vineyard::Client&, grape::CommSpec&, std::string&) [with OID_T = long int; VID_T = long unsigned int; VD_T = std::basic_string<char>; ED_T = long int; std::string = std::basic_string<char>][m[K’
[01m[K/data/gs/gs2/GraphScope/analytical_engine/core/java/graphx_runner.h:300:46:[m[K   required from ‘[01m[Kvoid gs::Run() [with OID_T = long int; VID_T = long unsigned int; VD_T = std::basic_string<char>; ED_T = long int][m[K’
[01m[K/data/gs/gs2/GraphScope/analytical_engine/core/java/graphx_runner.cc:100:56:[m[K   required from here
[01m[K/data/gs/gs2/GraphScope/analytical_engine/core/context/java_context_base.h:331:40:[m[K [01;35m[Kwarning: [m[K‘[01m[Kboost::filesystem::path boost::filesystem::path::branch_path() const[m[K’ is deprecated: Use path::parent_path() instead [[01;35m[K-Wdeprecated-declarations[m[K]
  331 |       lib_dir = [01;35m[Klib_path_fs.branch_path()[m[K;
      |                 [01;35m[K~~~~~~~~~~~~~~~~~~~~~~~^~[m[K
In file included from [01m[K/data/gs/gs2/GraphScope/analytical_engine/core/context/java_context_base.h:33[m[K,
                 from [01m[K/data/gs/gs2/GraphScope/analytical_engine/core/context/java_pie_projected_context.h:39[m[K,
                 from [01m[K/data/gs/gs2/GraphScope/analytical_engine/apps/java_pie/java_pie_projected_default_app.h:28[m[K,
                 from [01m[K/data/gs/gs2/GraphScope/analytical_engine/core/java/graphx_runner.h:39[m[K,
                 from [01m[K/data/gs/gs2/GraphScope/analytical_engine/core/java/graphx_runner.cc:15[m[K:
[01m[K/usr/local/include/boost/filesystem/path.hpp:1128:10:[m[K [01;36m[Knote: [m[Kdeclared here
 1128 |     path [01;36m[Kbranch_path[m[K() const { return parent_path(); }
      |          [01;36m[K^~~~~~~~~~~[m[K
In file included from [01m[K/data/gs/gs2/GraphScope/analytical_engine/core/context/java_pie_projected_context.h:39[m[K,
                 from [01m[K/data/gs/gs2/GraphScope/analytical_engine/apps/java_pie/java_pie_projected_default_app.h:28[m[K,
                 from [01m[K/data/gs/gs2/GraphScope/analytical_engine/core/java/graphx_runner.h:39[m[K,
                 from [01m[K/data/gs/gs2/GraphScope/analytical_engine/core/java/graphx_runner.cc:15[m[K:
[01m[K/data/gs/gs2/GraphScope/analytical_engine/core/context/java_context_base.h:331:40:[m[K [01;35m[Kwarning: [m[K‘[01m[Kboost::filesystem::path boost::filesystem::path::branch_path() const[m[K’ is deprecated: Use path::parent_path() instead [[01;35m[K-Wdeprecated-declarations[m[K]
  331 |       lib_dir = [01;35m[Klib_path_fs.branch_path()[m[K;
      |                 [01;35m[K~~~~~~~~~~~~~~~~~~~~~~~^~[m[K
In file included from [01m[K/data/gs/gs2/GraphScope/analytical_engine/core/context/java_context_base.h:33[m[K,
                 from [01m[K/data/gs/gs2/GraphScope/analytical_engine/core/context/java_pie_projected_context.h:39[m[K,
                 from [01m[K/data/gs/gs2/GraphScope/analytical_engine/apps/java_pie/java_pie_projected_default_app.h:28[m[K,
                 from [01m[K/data/gs/gs2/GraphScope/analytical_engine/core/java/graphx_runner.h:39[m[K,
                 from [01m[K/data/gs/gs2/GraphScope/analytical_engine/core/java/graphx_runner.cc:15[m[K:
[01m[K/usr/local/include/boost/filesystem/path.hpp:1128:10:[m[K [01;36m[Knote: [m[Kdeclared here
 1128 |     path [01;36m[Kbranch_path[m[K() const { return parent_path(); }
      |          [01;36m[K^~~~~~~~~~~[m[K
In file included from [01m[K/data/gs/gs2/GraphScope/analytical_engine/core/context/java_pie_projected_context.h:39[m[K,
                 from [01m[K/data/gs/gs2/GraphScope/analytical_engine/apps/java_pie/java_pie_projected_default_app.h:28[m[K,
                 from [01m[K/data/gs/gs2/GraphScope/analytical_engine/core/java/graphx_runner.h:39[m[K,
                 from [01m[K/data/gs/gs2/GraphScope/analytical_engine/core/java/graphx_runner.cc:15[m[K:
/data/gs/gs2/GraphScope/analytical_engine/core/context/java_context_base.h: In instantiation of ‘[01m[Kstd::string gs::JavaContextBase<FRAG_T>::parseParamsAndSetupJVMEnv(const string&, std::string, std::string&, std::string&, std::string&, std::string&, int) [with FRAG_T = gs::ArrowProjectedFragment<long int, long unsigned int, std::basic_string<char>, int, vineyard::ArrowVertexMap<long int, long unsigned int>, false>; std::string = std::basic_string<char>][m[K’:
[01m[K/data/gs/gs2/GraphScope/analytical_engine/core/context/java_context_base.h:153:28:[m[K   required from ‘[01m[Kvoid gs::JavaContextBase<FRAG_T>::init(jlong, const char*, const string&, const string&, int) [with FRAG_T = gs::ArrowProjectedFragment<long int, long unsigned int, std::basic_string<char>, int, vineyard::ArrowVertexMap<long int, long unsigned int>, false>; jlong = long int; std::string = std::basic_string<char>][m[K’
[01m[K/data/gs/gs2/GraphScope/analytical_engine/core/context/java_pie_projected_context.h:69:34:[m[K   required from ‘[01m[Kvoid gs::JavaPIEProjectedContext<FRAG_T>::init(jlong, const char*, const string&, const string&, int) [with FRAG_T = gs::ArrowProjectedFragment<long int, long unsigned int, std::basic_string<char>, int, vineyard::ArrowVertexMap<long int, long unsigned int>, false>; jlong = long int; std::string = std::basic_string<char>][m[K’
[01m[K/data/gs/gs2/GraphScope/analytical_engine/core/context/java_pie_projected_context.h:250:42:[m[K   required from ‘[01m[Kvoid gs::JavaPIEProjectedParallelContext<FRAG_T>::Init(grape::ParallelMessageManager&, const string&, const string&) [with FRAG_T = gs::ArrowProjectedFragment<long int, long unsigned int, std::basic_string<char>, int, vineyard::ArrowVertexMap<long int, long unsigned int>, false>; std::string = std::basic_string<char>][m[K’
[01m[K/usr/local/include/grape/worker/worker.h:93:5:[m[K   required from ‘[01m[Kvoid grape::Worker<APP_T, MESSAGE_MANAGER_T>::Query(Args&& ...) [with Args = {const std::basic_string<char, std::char_traits<char>, std::allocator<char> >&, const std::basic_string<char, std::char_traits<char>, std::allocator<char> >&}; APP_T = gs::JavaPIEProjectedParallelApp<gs::ArrowProjectedFragment<long int, long unsigned int, std::basic_string<char>, int, vineyard::ArrowVertexMap<long int, long unsigned int>, false> >; MESSAGE_MANAGER_T = grape::ParallelMessageManager][m[K’
[01m[K/data/gs/gs2/GraphScope/analytical_engine/core/java/graphx_runner.h:207:3:[m[K   required from ‘[01m[Kvoid gs::Query(grape::CommSpec&, std::shared_ptr<_Tp>, const string&, const string&) [with FRAG_T = gs::ArrowProjectedFragment<long int, long unsigned int, std::basic_string<char>, int, vineyard::ArrowVertexMap<long int, long unsigned int>, false>; APP_TYPE = gs::JavaPIEProjectedParallelAppIE<gs::ArrowProjectedFragment<long int, long unsigned int, std::basic_string<char>, int, vineyard::ArrowVertexMap<long int, long unsigned int>, false> >; std::string = std::basic_string<char>][m[K’
[01m[K/data/gs/gs2/GraphScope/analytical_engine/core/java/graphx_runner.h:272:45:[m[K   required from ‘[01m[Kvoid gs::RunGraphX(vineyard::Client&, grape::CommSpec&, std::string&) [with OID_T = long int; VID_T = long unsigned int; VD_T = std::basic_string<char>; ED_T = int; std::string = std::basic_string<char>][m[K’
[01m[K/data/gs/gs2/GraphScope/analytical_engine/core/java/graphx_runner.h:300:46:[m[K   required from ‘[01m[Kvoid gs::Run() [with OID_T = long int; VID_T = long unsigned int; VD_T = std::basic_string<char>; ED_T = int][m[K’
[01m[K/data/gs/gs2/GraphScope/analytical_engine/core/java/graphx_runner.cc:102:56:[m[K   required from here
[01m[K/data/gs/gs2/GraphScope/analytical_engine/core/context/java_context_base.h:331:40:[m[K [01;35m[Kwarning: [m[K‘[01m[Kboost::filesystem::path boost::filesystem::path::branch_path() const[m[K’ is deprecated: Use path::parent_path() instead [[01;35m[K-Wdeprecated-declarations[m[K]
  331 |       lib_dir = [01;35m[Klib_path_fs.branch_path()[m[K;
      |                 [01;35m[K~~~~~~~~~~~~~~~~~~~~~~~^~[m[K
In file included from [01m[K/data/gs/gs2/GraphScope/analytical_engine/core/context/java_context_base.h:33[m[K,
                 from [01m[K/data/gs/gs2/GraphScope/analytical_engine/core/context/java_pie_projected_context.h:39[m[K,
                 from [01m[K/data/gs/gs2/GraphScope/analytical_engine/apps/java_pie/java_pie_projected_default_app.h:28[m[K,
                 from [01m[K/data/gs/gs2/GraphScope/analytical_engine/core/java/graphx_runner.h:39[m[K,
                 from [01m[K/data/gs/gs2/GraphScope/analytical_engine/core/java/graphx_runner.cc:15[m[K:
[01m[K/usr/local/include/boost/filesystem/path.hpp:1128:10:[m[K [01;36m[Knote: [m[Kdeclared here
 1128 |     path [01;36m[Kbranch_path[m[K() const { return parent_path(); }
      |          [01;36m[K^~~~~~~~~~~[m[K
In file included from [01m[K/data/gs/gs2/GraphScope/analytical_engine/core/context/java_pie_projected_context.h:39[m[K,
                 from [01m[K/data/gs/gs2/GraphScope/analytical_engine/apps/java_pie/java_pie_projected_default_app.h:28[m[K,
                 from [01m[K/data/gs/gs2/GraphScope/analytical_engine/core/java/graphx_runner.h:39[m[K,
                 from [01m[K/data/gs/gs2/GraphScope/analytical_engine/core/java/graphx_runner.cc:15[m[K:
[01m[K/data/gs/gs2/GraphScope/analytical_engine/core/context/java_context_base.h:331:40:[m[K [01;35m[Kwarning: [m[K‘[01m[Kboost::filesystem::path boost::filesystem::path::branch_path() const[m[K’ is deprecated: Use path::parent_path() instead [[01;35m[K-Wdeprecated-declarations[m[K]
  331 |       lib_dir = [01;35m[Klib_path_fs.branch_path()[m[K;
      |                 [01;35m[K~~~~~~~~~~~~~~~~~~~~~~~^~[m[K
In file included from [01m[K/data/gs/gs2/GraphScope/analytical_engine/core/context/java_context_base.h:33[m[K,
                 from [01m[K/data/gs/gs2/GraphScope/analytical_engine/core/context/java_pie_projected_context.h:39[m[K,
                 from [01m[K/data/gs/gs2/GraphScope/analytical_engine/apps/java_pie/java_pie_projected_default_app.h:28[m[K,
                 from [01m[K/data/gs/gs2/GraphScope/analytical_engine/core/java/graphx_runner.h:39[m[K,
                 from [01m[K/data/gs/gs2/GraphScope/analytical_engine/core/java/graphx_runner.cc:15[m[K:
[01m[K/usr/local/include/boost/filesystem/path.hpp:1128:10:[m[K [01;36m[Knote: [m[Kdeclared here
 1128 |     path [01;36m[Kbranch_path[m[K() const { return parent_path(); }
      |          [01;36m[K^~~~~~~~~~~[m[K
In file included from [01m[K/data/gs/gs2/GraphScope/analytical_engine/core/context/java_pie_projected_context.h:39[m[K,
                 from [01m[K/data/gs/gs2/GraphScope/analytical_engine/apps/java_pie/java_pie_projected_default_app.h:28[m[K,
                 from [01m[K/data/gs/gs2/GraphScope/analytical_engine/core/java/graphx_runner.h:39[m[K,
                 from [01m[K/data/gs/gs2/GraphScope/analytical_engine/core/java/graphx_runner.cc:15[m[K:
/data/gs/gs2/GraphScope/analytical_engine/core/context/java_context_base.h: In instantiation of ‘[01m[Kstd::string gs::JavaContextBase<FRAG_T>::parseParamsAndSetupJVMEnv(const string&, std::string, std::string&, std::string&, std::string&, std::string&, int) [with FRAG_T = gs::ArrowProjectedFragment<long int, long unsigned int, std::basic_string<char>, double, vineyard::ArrowVertexMap<long int, long unsigned int>, false>; std::string = std::basic_string<char>][m[K’:
[01m[K/data/gs/gs2/GraphScope/analytical_engine/core/context/java_context_base.h:153:28:[m[K   required from ‘[01m[Kvoid gs::JavaContextBase<FRAG_T>::init(jlong, const char*, const string&, const string&, int) [with FRAG_T = gs::ArrowProjectedFragment<long int, long unsigned int, std::basic_string<char>, double, vineyard::ArrowVertexMap<long int, long unsigned int>, false>; jlong = long int; std::string = std::basic_string<char>][m[K’
[01m[K/data/gs/gs2/GraphScope/analytical_engine/core/context/java_pie_projected_context.h:69:34:[m[K   required from ‘[01m[Kvoid gs::JavaPIEProjectedContext<FRAG_T>::init(jlong, const char*, const string&, const string&, int) [with FRAG_T = gs::ArrowProjectedFragment<long int, long unsigned int, std::basic_string<char>, double, vineyard::ArrowVertexMap<long int, long unsigned int>, false>; jlong = long int; std::string = std::basic_string<char>][m[K’
[01m[K/data/gs/gs2/GraphScope/analytical_engine/core/context/java_pie_projected_context.h:250:42:[m[K   required from ‘[01m[Kvoid gs::JavaPIEProjectedParallelContext<FRAG_T>::Init(grape::ParallelMessageManager&, const string&, const string&) [with FRAG_T = gs::ArrowProjectedFragment<long int, long unsigned int, std::basic_string<char>, double, vineyard::ArrowVertexMap<long int, long unsigned int>, false>; std::string = std::basic_string<char>][m[K’
[01m[K/usr/local/include/grape/worker/worker.h:93:5:[m[K   required from ‘[01m[Kvoid grape::Worker<APP_T, MESSAGE_MANAGER_T>::Query(Args&& ...) [with Args = {const std::basic_string<char, std::char_traits<char>, std::allocator<char> >&, const std::basic_string<char, std::char_traits<char>, std::allocator<char> >&}; APP_T = gs::JavaPIEProjectedParallelApp<gs::ArrowProjectedFragment<long int, long unsigned int, std::basic_string<char>, double, vineyard::ArrowVertexMap<long int, long unsigned int>, false> >; MESSAGE_MANAGER_T = grape::ParallelMessageManager][m[K’
[01m[K/data/gs/gs2/GraphScope/analytical_engine/core/java/graphx_runner.h:207:3:[m[K   required from ‘[01m[Kvoid gs::Query(grape::CommSpec&, std::shared_ptr<_Tp>, const string&, const string&) [with FRAG_T = gs::ArrowProjectedFragment<long int, long unsigned int, std::basic_string<char>, double, vineyard::ArrowVertexMap<long int, long unsigned int>, false>; APP_TYPE = gs::JavaPIEProjectedParallelAppIE<gs::ArrowProjectedFragment<long int, long unsigned int, std::basic_string<char>, double, vineyard::ArrowVertexMap<long int, long unsigned int>, false> >; std::string = std::basic_string<char>][m[K’
[01m[K/data/gs/gs2/GraphScope/analytical_engine/core/java/graphx_runner.h:272:45:[m[K   required from ‘[01m[Kvoid gs::RunGraphX(vineyard::Client&, grape::CommSpec&, std::string&) [with OID_T = long int; VID_T = long unsigned int; VD_T = std::basic_string<char>; ED_T = double; std::string = std::basic_string<char>][m[K’
[01m[K/data/gs/gs2/GraphScope/analytical_engine/core/java/graphx_runner.h:300:46:[m[K   required from ‘[01m[Kvoid gs::Run() [with OID_T = long int; VID_T = long unsigned int; VD_T = std::basic_string<char>; ED_T = double][m[K’
[01m[K/data/gs/gs2/GraphScope/analytical_engine/core/java/graphx_runner.cc:104:55:[m[K   required from here
[01m[K/data/gs/gs2/GraphScope/analytical_engine/core/context/java_context_base.h:331:40:[m[K [01;35m[Kwarning: [m[K‘[01m[Kboost::filesystem::path boost::filesystem::path::branch_path() const[m[K’ is deprecated: Use path::parent_path() instead [[01;35m[K-Wdeprecated-declarations[m[K]
  331 |       lib_dir = [01;35m[Klib_path_fs.branch_path()[m[K;
      |                 [01;35m[K~~~~~~~~~~~~~~~~~~~~~~~^~[m[K
In file included from [01m[K/data/gs/gs2/GraphScope/analytical_engine/core/context/java_context_base.h:33[m[K,
                 from [01m[K/data/gs/gs2/GraphScope/analytical_engine/core/context/java_pie_projected_context.h:39[m[K,
                 from [01m[K/data/gs/gs2/GraphScope/analytical_engine/apps/java_pie/java_pie_projected_default_app.h:28[m[K,
                 from [01m[K/data/gs/gs2/GraphScope/analytical_engine/core/java/graphx_runner.h:39[m[K,
                 from [01m[K/data/gs/gs2/GraphScope/analytical_engine/core/java/graphx_runner.cc:15[m[K:
[01m[K/usr/local/include/boost/filesystem/path.hpp:1128:10:[m[K [01;36m[Knote: [m[Kdeclared here
 1128 |     path [01;36m[Kbranch_path[m[K() const { return parent_path(); }
      |          [01;36m[K^~~~~~~~~~~[m[K
In file included from [01m[K/data/gs/gs2/GraphScope/analytical_engine/core/context/java_pie_projected_context.h:39[m[K,
                 from [01m[K/data/gs/gs2/GraphScope/analytical_engine/apps/java_pie/java_pie_projected_default_app.h:28[m[K,
                 from [01m[K/data/gs/gs2/GraphScope/analytical_engine/core/java/graphx_runner.h:39[m[K,
                 from [01m[K/data/gs/gs2/GraphScope/analytical_engine/core/java/graphx_runner.cc:15[m[K:
[01m[K/data/gs/gs2/GraphScope/analytical_engine/core/context/java_context_base.h:331:40:[m[K [01;35m[Kwarning: [m[K‘[01m[Kboost::filesystem::path boost::filesystem::path::branch_path() const[m[K’ is deprecated: Use path::parent_path() instead [[01;35m[K-Wdeprecated-declarations[m[K]
  331 |       lib_dir = [01;35m[Klib_path_fs.branch_path()[m[K;
      |                 [01;35m[K~~~~~~~~~~~~~~~~~~~~~~~^~[m[K
In file included from [01m[K/data/gs/gs2/GraphScope/analytical_engine/core/context/java_context_base.h:33[m[K,
                 from [01m[K/data/gs/gs2/GraphScope/analytical_engine/core/context/java_pie_projected_context.h:39[m[K,
                 from [01m[K/data/gs/gs2/GraphScope/analytical_engine/apps/java_pie/java_pie_projected_default_app.h:28[m[K,
                 from [01m[K/data/gs/gs2/GraphScope/analytical_engine/core/java/graphx_runner.h:39[m[K,
                 from [01m[K/data/gs/gs2/GraphScope/analytical_engine/core/java/graphx_runner.cc:15[m[K:
[01m[K/usr/local/include/boost/filesystem/path.hpp:1128:10:[m[K [01;36m[Knote: [m[Kdeclared here
 1128 |     path [01;36m[Kbranch_path[m[K() const { return parent_path(); }
      |          [01;36m[K^~~~~~~~~~~[m[K
In file included from [01m[K/data/gs/gs2/GraphScope/analytical_engine/core/context/java_pie_projected_context.h:39[m[K,
                 from [01m[K/data/gs/gs2/GraphScope/analytical_engine/apps/java_pie/java_pie_projected_default_app.h:28[m[K,
                 from [01m[K/data/gs/gs2/GraphScope/analytical_engine/core/java/graphx_runner.h:39[m[K,
                 from [01m[K/data/gs/gs2/GraphScope/analytical_engine/core/java/graphx_runner.cc:15[m[K:
/data/gs/gs2/GraphScope/analytical_engine/core/context/java_context_base.h: In instantiation of ‘[01m[Kstd::string gs::JavaContextBase<FRAG_T>::parseParamsAndSetupJVMEnv(const string&, std::string, std::string&, std::string&, std::string&, std::string&, int) [with FRAG_T = gs::ArrowProjectedFragment<long int, long unsigned int, std::basic_string<char>, std::basic_string<char>, vineyard::ArrowVertexMap<long int, long unsigned int>, false>; std::string = std::basic_string<char>][m[K’:
[01m[K/data/gs/gs2/GraphScope/analytical_engine/core/context/java_context_base.h:153:28:[m[K   required from ‘[01m[Kvoid gs::JavaContextBase<FRAG_T>::init(jlong, const char*, const string&, const string&, int) [with FRAG_T = gs::ArrowProjectedFragment<long int, long unsigned int, std::basic_string<char>, std::basic_string<char>, vineyard::ArrowVertexMap<long int, long unsigned int>, false>; jlong = long int; std::string = std::basic_string<char>][m[K’
[01m[K/data/gs/gs2/GraphScope/analytical_engine/core/context/java_pie_projected_context.h:69:34:[m[K   required from ‘[01m[Kvoid gs::JavaPIEProjectedContext<FRAG_T>::init(jlong, const char*, const string&, const string&, int) [with FRAG_T = gs::ArrowProjectedFragment<long int, long unsigned int, std::basic_string<char>, std::basic_string<char>, vineyard::ArrowVertexMap<long int, long unsigned int>, false>; jlong = long int; std::string = std::basic_string<char>][m[K’
[01m[K/data/gs/gs2/GraphScope/analytical_engine/core/context/java_pie_projected_context.h:250:42:[m[K   required from ‘[01m[Kvoid gs::JavaPIEProjectedParallelContext<FRAG_T>::Init(grape::ParallelMessageManager&, const string&, const string&) [with FRAG_T = gs::ArrowProjectedFragment<long int, long unsigned int, std::basic_string<char>, std::basic_string<char>, vineyard::ArrowVertexMap<long int, long unsigned int>, false>; std::string = std::basic_string<char>][m[K’
[01m[K/usr/local/include/grape/worker/worker.h:93:5:[m[K   required from ‘[01m[Kvoid grape::Worker<APP_T, MESSAGE_MANAGER_T>::Query(Args&& ...) [with Args = {const std::basic_string<char, std::char_traits<char>, std::allocator<char> >&, const std::basic_string<char, std::char_traits<char>, std::allocator<char> >&}; APP_T = gs::JavaPIEProjectedParallelApp<gs::ArrowProjectedFragment<long int, long unsigned int, std::basic_string<char>, std::basic_string<char>, vineyard::ArrowVertexMap<long int, long unsigned int>, false> >; MESSAGE_MANAGER_T = grape::ParallelMessageManager][m[K’
[01m[K/data/gs/gs2/GraphScope/analytical_engine/core/java/graphx_runner.h:207:3:[m[K   required from ‘[01m[Kvoid gs::Query(grape::CommSpec&, std::shared_ptr<_Tp>, const string&, const string&) [with FRAG_T = gs::ArrowProjectedFragment<long int, long unsigned int, std::basic_string<char>, std::basic_string<char>, vineyard::ArrowVertexMap<long int, long unsigned int>, false>; APP_TYPE = gs::JavaPIEProjectedParallelAppIE<gs::ArrowProjectedFragment<long int, long unsigned int, std::basic_string<char>, std::basic_string<char>, vineyard::ArrowVertexMap<long int, long unsigned int>, false> >; std::string = std::basic_string<char>][m[K’
[01m[K/data/gs/gs2/GraphScope/analytical_engine/core/java/graphx_runner.h:272:45:[m[K   required from ‘[01m[Kvoid gs::RunGraphX(vineyard::Client&, grape::CommSpec&, std::string&) [with OID_T = long int; VID_T = long unsigned int; VD_T = std::basic_string<char>; ED_T = std::basic_string<char>; std::string = std::basic_string<char>][m[K’
[01m[K/data/gs/gs2/GraphScope/analytical_engine/core/java/graphx_runner.h:300:46:[m[K   required from ‘[01m[Kvoid gs::Run() [with OID_T = long int; VID_T = long unsigned int; VD_T = std::basic_string<char>; ED_T = std::basic_string<char>][m[K’
[01m[K/data/gs/gs2/GraphScope/analytical_engine/core/java/graphx_runner.cc:106:60:[m[K   required from here
[01m[K/data/gs/gs2/GraphScope/analytical_engine/core/context/java_context_base.h:331:40:[m[K [01;35m[Kwarning: [m[K‘[01m[Kboost::filesystem::path boost::filesystem::path::branch_path() const[m[K’ is deprecated: Use path::parent_path() instead [[01;35m[K-Wdeprecated-declarations[m[K]
  331 |       lib_dir = [01;35m[Klib_path_fs.branch_path()[m[K;
      |                 [01;35m[K~~~~~~~~~~~~~~~~~~~~~~~^~[m[K
In file included from [01m[K/data/gs/gs2/GraphScope/analytical_engine/core/context/java_context_base.h:33[m[K,
                 from [01m[K/data/gs/gs2/GraphScope/analytical_engine/core/context/java_pie_projected_context.h:39[m[K,
                 from [01m[K/data/gs/gs2/GraphScope/analytical_engine/apps/java_pie/java_pie_projected_default_app.h:28[m[K,
                 from [01m[K/data/gs/gs2/GraphScope/analytical_engine/core/java/graphx_runner.h:39[m[K,
                 from [01m[K/data/gs/gs2/GraphScope/analytical_engine/core/java/graphx_runner.cc:15[m[K:
[01m[K/usr/local/include/boost/filesystem/path.hpp:1128:10:[m[K [01;36m[Knote: [m[Kdeclared here
 1128 |     path [01;36m[Kbranch_path[m[K() const { return parent_path(); }
      |          [01;36m[K^~~~~~~~~~~[m[K
In file included from [01m[K/data/gs/gs2/GraphScope/analytical_engine/core/context/java_pie_projected_context.h:39[m[K,
                 from [01m[K/data/gs/gs2/GraphScope/analytical_engine/apps/java_pie/java_pie_projected_default_app.h:28[m[K,
                 from [01m[K/data/gs/gs2/GraphScope/analytical_engine/core/java/graphx_runner.h:39[m[K,
                 from [01m[K/data/gs/gs2/GraphScope/analytical_engine/core/java/graphx_runner.cc:15[m[K:
[01m[K/data/gs/gs2/GraphScope/analytical_engine/core/context/java_context_base.h:331:40:[m[K [01;35m[Kwarning: [m[K‘[01m[Kboost::filesystem::path boost::filesystem::path::branch_path() const[m[K’ is deprecated: Use path::parent_path() instead [[01;35m[K-Wdeprecated-declarations[m[K]
  331 |       lib_dir = [01;35m[Klib_path_fs.branch_path()[m[K;
      |                 [01;35m[K~~~~~~~~~~~~~~~~~~~~~~~^~[m[K
In file included from [01m[K/data/gs/gs2/GraphScope/analytical_engine/core/context/java_context_base.h:33[m[K,
                 from [01m[K/data/gs/gs2/GraphScope/analytical_engine/core/context/java_pie_projected_context.h:39[m[K,
                 from [01m[K/data/gs/gs2/GraphScope/analytical_engine/apps/java_pie/java_pie_projected_default_app.h:28[m[K,
                 from [01m[K/data/gs/gs2/GraphScope/analytical_engine/core/java/graphx_runner.h:39[m[K,
                 from [01m[K/data/gs/gs2/GraphScope/analytical_engine/core/java/graphx_runner.cc:15[m[K:
[01m[K/usr/local/include/boost/filesystem/path.hpp:1128:10:[m[K [01;36m[Knote: [m[Kdeclared here
 1128 |     path [01;36m[Kbranch_path[m[K() const { return parent_path(); }
      |          [01;36m[K^~~~~~~~~~~[m[K
In file included from [01m[K/data/gs/gs2/GraphScope/analytical_engine/core/context/java_pie_projected_context.h:39[m[K,
                 from [01m[K/data/gs/gs2/GraphScope/analytical_engine/apps/java_pie/java_pie_projected_default_app.h:28[m[K,
                 from [01m[K/data/gs/gs2/GraphScope/analytical_engine/core/java/graphx_runner.h:39[m[K,
                 from [01m[K/data/gs/gs2/GraphScope/analytical_engine/core/java/graphx_runner.cc:15[m[K:
/data/gs/gs2/GraphScope/analytical_engine/core/context/java_context_base.h: In instantiation of ‘[01m[Kstd::string gs::JavaContextBase<FRAG_T>::libPath2UserClassPath(const boost::filesystem::path&, const boost::filesystem::path&, const string&) [with FRAG_T = gs::ArrowProjectedFragment<long int, long unsigned int, long int, long int, vineyard::ArrowVertexMap<long int, long unsigned int>, false>; std::string = std::basic_string<char>][m[K’:
[01m[K/data/gs/gs2/GraphScope/analytical_engine/core/context/java_context_base.h:338:23:[m[K   required from ‘[01m[Kstd::string gs::JavaContextBase<FRAG_T>::parseParamsAndSetupJVMEnv(const string&, std::string, std::string&, std::string&, std::string&, std::string&, int) [with FRAG_T = gs::ArrowProjectedFragment<long int, long unsigned int, long int, long int, vineyard::ArrowVertexMap<long int, long unsigned int>, false>; std::string = std::basic_string<char>][m[K’
[01m[K/data/gs/gs2/GraphScope/analytical_engine/core/context/java_context_base.h:153:28:[m[K   required from ‘[01m[Kvoid gs::JavaContextBase<FRAG_T>::init(jlong, const char*, const string&, const string&, int) [with FRAG_T = gs::ArrowProjectedFragment<long int, long unsigned int, long int, long int, vineyard::ArrowVertexMap<long int, long unsigned int>, false>; jlong = long int; std::string = std::basic_string<char>][m[K’
[01m[K/data/gs/gs2/GraphScope/analytical_engine/core/context/java_pie_projected_context.h:69:34:[m[K   required from ‘[01m[Kvoid gs::JavaPIEProjectedContext<FRAG_T>::init(jlong, const char*, const string&, const string&, int) [with FRAG_T = gs::ArrowProjectedFragment<long int, long unsigned int, long int, long int, vineyard::ArrowVertexMap<long int, long unsigned int>, false>; jlong = long int; std::string = std::basic_string<char>][m[K’
[01m[K/data/gs/gs2/GraphScope/analytical_engine/core/context/java_pie_projected_context.h:250:42:[m[K   required from ‘[01m[Kvoid gs::JavaPIEProjectedParallelContext<FRAG_T>::Init(grape::ParallelMessageManager&, const string&, const string&) [with FRAG_T = gs::ArrowProjectedFragment<long int, long unsigned int, long int, long int, vineyard::ArrowVertexMap<long int, long unsigned int>, false>; std::string = std::basic_string<char>][m[K’
[01m[K/usr/local/include/grape/worker/worker.h:93:5:[m[K   required from ‘[01m[Kvoid grape::Worker<APP_T, MESSAGE_MANAGER_T>::Query(Args&& ...) [with Args = {const std::basic_string<char, std::char_traits<char>, std::allocator<char> >&, const std::basic_string<char, std::char_traits<char>, std::allocator<char> >&}; APP_T = gs::JavaPIEProjectedParallelApp<gs::ArrowProjectedFragment<long int, long unsigned int, long int, long int, vineyard::ArrowVertexMap<long int, long unsigned int>, false> >; MESSAGE_MANAGER_T = grape::ParallelMessageManager][m[K’
[01m[K/data/gs/gs2/GraphScope/analytical_engine/core/java/graphx_runner.h:207:3:[m[K   required from ‘[01m[Kvoid gs::Query(grape::CommSpec&, std::shared_ptr<_Tp>, const string&, const string&) [with FRAG_T = gs::ArrowProjectedFragment<long int, long unsigned int, long int, long int, vineyard::ArrowVertexMap<long int, long unsigned int>, false>; APP_TYPE = gs::JavaPIEProjectedParallelAppIE<gs::ArrowProjectedFragment<long int, long unsigned int, long int, long int, vineyard::ArrowVertexMap<long int, long unsigned int>, false> >; std::string = std::basic_string<char>][m[K’
[01m[K/data/gs/gs2/GraphScope/analytical_engine/core/java/graphx_runner.h:272:45:[m[K   required from ‘[01m[Kvoid gs::RunGraphX(vineyard::Client&, grape::CommSpec&, std::string&) [with OID_T = long int; VID_T = long unsigned int; VD_T = long int; ED_T = long int; std::string = std::basic_string<char>][m[K’
[01m[K/data/gs/gs2/GraphScope/analytical_engine/core/java/graphx_runner.h:300:46:[m[K   required from ‘[01m[Kvoid gs::Run() [with OID_T = long int; VID_T = long unsigned int; VD_T = long int; ED_T = long int][m[K’
[01m[K/data/gs/gs2/GraphScope/analytical_engine/core/java/graphx_runner.cc:64:52:[m[K   required from here
[01m[K/data/gs/gs2/GraphScope/analytical_engine/core/context/java_context_base.h:255:55:[m[K [01;35m[Kwarning: [m[K‘[01m[Kboost::filesystem::path boost::filesystem::path::branch_path() const[m[K’ is deprecated: Use path::parent_path() instead [[01;35m[K-Wdeprecated-declarations[m[K]
  255 |       std::string udf_work_space = [01;35m[Klib_dir.branch_path()[m[K.string();
      |                                    [01;35m[K~~~~~~~~~~~~~~~~~~~^~[m[K
In file included from [01m[K/data/gs/gs2/GraphScope/analytical_engine/core/context/java_context_base.h:33[m[K,
                 from [01m[K/data/gs/gs2/GraphScope/analytical_engine/core/context/java_pie_projected_context.h:39[m[K,
                 from [01m[K/data/gs/gs2/GraphScope/analytical_engine/apps/java_pie/java_pie_projected_default_app.h:28[m[K,
                 from [01m[K/data/gs/gs2/GraphScope/analytical_engine/core/java/graphx_runner.h:39[m[K,
                 from [01m[K/data/gs/gs2/GraphScope/analytical_engine/core/java/graphx_runner.cc:15[m[K:
[01m[K/usr/local/include/boost/filesystem/path.hpp:1128:10:[m[K [01;36m[Knote: [m[Kdeclared here
 1128 |     path [01;36m[Kbranch_path[m[K() const { return parent_path(); }
      |          [01;36m[K^~~~~~~~~~~[m[K
In file included from [01m[K/data/gs/gs2/GraphScope/analytical_engine/core/context/java_pie_projected_context.h:39[m[K,
                 from [01m[K/data/gs/gs2/GraphScope/analytical_engine/apps/java_pie/java_pie_projected_default_app.h:28[m[K,
                 from [01m[K/data/gs/gs2/GraphScope/analytical_engine/core/java/graphx_runner.h:39[m[K,
                 from [01m[K/data/gs/gs2/GraphScope/analytical_engine/core/java/graphx_runner.cc:15[m[K:
[01m[K/data/gs/gs2/GraphScope/analytical_engine/core/context/java_context_base.h:255:55:[m[K [01;35m[Kwarning: [m[K‘[01m[Kboost::filesystem::path boost::filesystem::path::branch_path() const[m[K’ is deprecated: Use path::parent_path() instead [[01;35m[K-Wdeprecated-declarations[m[K]
  255 |       std::string udf_work_space = [01;35m[Klib_dir.branch_path()[m[K.string();
      |                                    [01;35m[K~~~~~~~~~~~~~~~~~~~^~[m[K
In file included from [01m[K/data/gs/gs2/GraphScope/analytical_engine/core/context/java_context_base.h:33[m[K,
                 from [01m[K/data/gs/gs2/GraphScope/analytical_engine/core/context/java_pie_projected_context.h:39[m[K,
                 from [01m[K/data/gs/gs2/GraphScope/analytical_engine/apps/java_pie/java_pie_projected_default_app.h:28[m[K,
                 from [01m[K/data/gs/gs2/GraphScope/analytical_engine/core/java/graphx_runner.h:39[m[K,
                 from [01m[K/data/gs/gs2/GraphScope/analytical_engine/core/java/graphx_runner.cc:15[m[K:
[01m[K/usr/local/include/boost/filesystem/path.hpp:1128:10:[m[K [01;36m[Knote: [m[Kdeclared here
 1128 |     path [01;36m[Kbranch_path[m[K() const { return parent_path(); }
      |          [01;36m[K^~~~~~~~~~~[m[K
In file included from [01m[K/data/gs/gs2/GraphScope/analytical_engine/core/context/java_pie_projected_context.h:39[m[K,
                 from [01m[K/data/gs/gs2/GraphScope/analytical_engine/apps/java_pie/java_pie_projected_default_app.h:28[m[K,
                 from [01m[K/data/gs/gs2/GraphScope/analytical_engine/core/java/graphx_runner.h:39[m[K,
                 from [01m[K/data/gs/gs2/GraphScope/analytical_engine/core/java/graphx_runner.cc:15[m[K:
/data/gs/gs2/GraphScope/analytical_engine/core/context/java_context_base.h: In instantiation of ‘[01m[Kstd::string gs::JavaContextBase<FRAG_T>::libPath2UserClassPath(const boost::filesystem::path&, const boost::filesystem::path&, const string&) [with FRAG_T = gs::ArrowProjectedFragment<long int, long unsigned int, long int, int, vineyard::ArrowVertexMap<long int, long unsigned int>, false>; std::string = std::basic_string<char>][m[K’:
[01m[K/data/gs/gs2/GraphScope/analytical_engine/core/context/java_context_base.h:338:23:[m[K   required from ‘[01m[Kstd::string gs::JavaContextBase<FRAG_T>::parseParamsAndSetupJVMEnv(const string&, std::string, std::string&, std::string&, std::string&, std::string&, int) [with FRAG_T = gs::ArrowProjectedFragment<long int, long unsigned int, long int, int, vineyard::ArrowVertexMap<long int, long unsigned int>, false>; std::string = std::basic_string<char>][m[K’
[01m[K/data/gs/gs2/GraphScope/analytical_engine/core/context/java_context_base.h:153:28:[m[K   required from ‘[01m[Kvoid gs::JavaContextBase<FRAG_T>::init(jlong, const char*, const string&, const string&, int) [with FRAG_T = gs::ArrowProjectedFragment<long int, long unsigned int, long int, int, vineyard::ArrowVertexMap<long int, long unsigned int>, false>; jlong = long int; std::string = std::basic_string<char>][m[K’
[01m[K/data/gs/gs2/GraphScope/analytical_engine/core/context/java_pie_projected_context.h:69:34:[m[K   required from ‘[01m[Kvoid gs::JavaPIEProjectedContext<FRAG_T>::init(jlong, const char*, const string&, const string&, int) [with FRAG_T = gs::ArrowProjectedFragment<long int, long unsigned int, long int, int, vineyard::ArrowVertexMap<long int, long unsigned int>, false>; jlong = long int; std::string = std::basic_string<char>][m[K’
[01m[K/data/gs/gs2/GraphScope/analytical_engine/core/context/java_pie_projected_context.h:250:42:[m[K   required from ‘[01m[Kvoid gs::JavaPIEProjectedParallelContext<FRAG_T>::Init(grape::ParallelMessageManager&, const string&, const string&) [with FRAG_T = gs::ArrowProjectedFragment<long int, long unsigned int, long int, int, vineyard::ArrowVertexMap<long int, long unsigned int>, false>; std::string = std::basic_string<char>][m[K’
[01m[K/usr/local/include/grape/worker/worker.h:93:5:[m[K   required from ‘[01m[Kvoid grape::Worker<APP_T, MESSAGE_MANAGER_T>::Query(Args&& ...) [with Args = {const std::basic_string<char, std::char_traits<char>, std::allocator<char> >&, const std::basic_string<char, std::char_traits<char>, std::allocator<char> >&}; APP_T = gs::JavaPIEProjectedParallelApp<gs::ArrowProjectedFragment<long int, long unsigned int, long int, int, vineyard::ArrowVertexMap<long int, long unsigned int>, false> >; MESSAGE_MANAGER_T = grape::ParallelMessageManager][m[K’
[01m[K/data/gs/gs2/GraphScope/analytical_engine/core/java/graphx_runner.h:207:3:[m[K   required from ‘[01m[Kvoid gs::Query(grape::CommSpec&, std::shared_ptr<_Tp>, const string&, const string&) [with FRAG_T = gs::ArrowProjectedFragment<long int, long unsigned int, long int, int, vineyard::ArrowVertexMap<long int, long unsigned int>, false>; APP_TYPE = gs::JavaPIEProjectedParallelAppIE<gs::ArrowProjectedFragment<long int, long unsigned int, long int, int, vineyard::ArrowVertexMap<long int, long unsigned int>, false> >; std::string = std::basic_string<char>][m[K’
[01m[K/data/gs/gs2/GraphScope/analytical_engine/core/java/graphx_runner.h:272:45:[m[K   required from ‘[01m[Kvoid gs::RunGraphX(vineyard::Client&, grape::CommSpec&, std::string&) [with OID_T = long int; VID_T = long unsigned int; VD_T = long int; ED_T = int; std::string = std::basic_string<char>][m[K’
[01m[K/data/gs/gs2/GraphScope/analytical_engine/core/java/graphx_runner.h:300:46:[m[K   required from ‘[01m[Kvoid gs::Run() [with OID_T = long int; VID_T = long unsigned int; VD_T = long int; ED_T = int][m[K’
[01m[K/data/gs/gs2/GraphScope/analytical_engine/core/java/graphx_runner.cc:66:52:[m[K   required from here
[01m[K/data/gs/gs2/GraphScope/analytical_engine/core/context/java_context_base.h:255:55:[m[K [01;35m[Kwarning: [m[K‘[01m[Kboost::filesystem::path boost::filesystem::path::branch_path() const[m[K’ is deprecated: Use path::parent_path() instead [[01;35m[K-Wdeprecated-declarations[m[K]
  255 |       std::string udf_work_space = [01;35m[Klib_dir.branch_path()[m[K.string();
      |                                    [01;35m[K~~~~~~~~~~~~~~~~~~~^~[m[K
In file included from [01m[K/data/gs/gs2/GraphScope/analytical_engine/core/context/java_context_base.h:33[m[K,
                 from [01m[K/data/gs/gs2/GraphScope/analytical_engine/core/context/java_pie_projected_context.h:39[m[K,
                 from [01m[K/data/gs/gs2/GraphScope/analytical_engine/apps/java_pie/java_pie_projected_default_app.h:28[m[K,
                 from [01m[K/data/gs/gs2/GraphScope/analytical_engine/core/java/graphx_runner.h:39[m[K,
                 from [01m[K/data/gs/gs2/GraphScope/analytical_engine/core/java/graphx_runner.cc:15[m[K:
[01m[K/usr/local/include/boost/filesystem/path.hpp:1128:10:[m[K [01;36m[Knote: [m[Kdeclared here
 1128 |     path [01;36m[Kbranch_path[m[K() const { return parent_path(); }
      |          [01;36m[K^~~~~~~~~~~[m[K
In file included from [01m[K/data/gs/gs2/GraphScope/analytical_engine/core/context/java_pie_projected_context.h:39[m[K,
                 from [01m[K/data/gs/gs2/GraphScope/analytical_engine/apps/java_pie/java_pie_projected_default_app.h:28[m[K,
                 from [01m[K/data/gs/gs2/GraphScope/analytical_engine/core/java/graphx_runner.h:39[m[K,
                 from [01m[K/data/gs/gs2/GraphScope/analytical_engine/core/java/graphx_runner.cc:15[m[K:
[01m[K/data/gs/gs2/GraphScope/analytical_engine/core/context/java_context_base.h:255:55:[m[K [01;35m[Kwarning: [m[K‘[01m[Kboost::filesystem::path boost::filesystem::path::branch_path() const[m[K’ is deprecated: Use path::parent_path() instead [[01;35m[K-Wdeprecated-declarations[m[K]
  255 |       std::string udf_work_space = [01;35m[Klib_dir.branch_path()[m[K.string();
      |                                    [01;35m[K~~~~~~~~~~~~~~~~~~~^~[m[K
In file included from [01m[K/data/gs/gs2/GraphScope/analytical_engine/core/context/java_context_base.h:33[m[K,
                 from [01m[K/data/gs/gs2/GraphScope/analytical_engine/core/context/java_pie_projected_context.h:39[m[K,
                 from [01m[K/data/gs/gs2/GraphScope/analytical_engine/apps/java_pie/java_pie_projected_default_app.h:28[m[K,
                 from [01m[K/data/gs/gs2/GraphScope/analytical_engine/core/java/graphx_runner.h:39[m[K,
                 from [01m[K/data/gs/gs2/GraphScope/analytical_engine/core/java/graphx_runner.cc:15[m[K:
[01m[K/usr/local/include/boost/filesystem/path.hpp:1128:10:[m[K [01;36m[Knote: [m[Kdeclared here
 1128 |     path [01;36m[Kbranch_path[m[K() const { return parent_path(); }
      |          [01;36m[K^~~~~~~~~~~[m[K
In file included from [01m[K/data/gs/gs2/GraphScope/analytical_engine/core/context/java_pie_projected_context.h:39[m[K,
                 from [01m[K/data/gs/gs2/GraphScope/analytical_engine/apps/java_pie/java_pie_projected_default_app.h:28[m[K,
                 from [01m[K/data/gs/gs2/GraphScope/analytical_engine/core/java/graphx_runner.h:39[m[K,
                 from [01m[K/data/gs/gs2/GraphScope/analytical_engine/core/java/graphx_runner.cc:15[m[K:
/data/gs/gs2/GraphScope/analytical_engine/core/context/java_context_base.h: In instantiation of ‘[01m[Kstd::string gs::JavaContextBase<FRAG_T>::libPath2UserClassPath(const boost::filesystem::path&, const boost::filesystem::path&, const string&) [with FRAG_T = gs::ArrowProjectedFragment<long int, long unsigned int, long int, double, vineyard::ArrowVertexMap<long int, long unsigned int>, false>; std::string = std::basic_string<char>][m[K’:
[01m[K/data/gs/gs2/GraphScope/analytical_engine/core/context/java_context_base.h:338:23:[m[K   required from ‘[01m[Kstd::string gs::JavaContextBase<FRAG_T>::parseParamsAndSetupJVMEnv(const string&, std::string, std::string&, std::string&, std::string&, std::string&, int) [with FRAG_T = gs::ArrowProjectedFragment<long int, long unsigned int, long int, double, vineyard::ArrowVertexMap<long int, long unsigned int>, false>; std::string = std::basic_string<char>][m[K’
[01m[K/data/gs/gs2/GraphScope/analytical_engine/core/context/java_context_base.h:153:28:[m[K   required from ‘[01m[Kvoid gs::JavaContextBase<FRAG_T>::init(jlong, const char*, const string&, const string&, int) [with FRAG_T = gs::ArrowProjectedFragment<long int, long unsigned int, long int, double, vineyard::ArrowVertexMap<long int, long unsigned int>, false>; jlong = long int; std::string = std::basic_string<char>][m[K’
[01m[K/data/gs/gs2/GraphScope/analytical_engine/core/context/java_pie_projected_context.h:69:34:[m[K   required from ‘[01m[Kvoid gs::JavaPIEProjectedContext<FRAG_T>::init(jlong, const char*, const string&, const string&, int) [with FRAG_T = gs::ArrowProjectedFragment<long int, long unsigned int, long int, double, vineyard::ArrowVertexMap<long int, long unsigned int>, false>; jlong = long int; std::string = std::basic_string<char>][m[K’
[01m[K/data/gs/gs2/GraphScope/analytical_engine/core/context/java_pie_projected_context.h:250:42:[m[K   required from ‘[01m[Kvoid gs::JavaPIEProjectedParallelContext<FRAG_T>::Init(grape::ParallelMessageManager&, const string&, const string&) [with FRAG_T = gs::ArrowProjectedFragment<long int, long unsigned int, long int, double, vineyard::ArrowVertexMap<long int, long unsigned int>, false>; std::string = std::basic_string<char>][m[K’
[01m[K/usr/local/include/grape/worker/worker.h:93:5:[m[K   required from ‘[01m[Kvoid grape::Worker<APP_T, MESSAGE_MANAGER_T>::Query(Args&& ...) [with Args = {const std::basic_string<char, std::char_traits<char>, std::allocator<char> >&, const std::basic_string<char, std::char_traits<char>, std::allocator<char> >&}; APP_T = gs::JavaPIEProjectedParallelApp<gs::ArrowProjectedFragment<long int, long unsigned int, long int, double, vineyard::ArrowVertexMap<long int, long unsigned int>, false> >; MESSAGE_MANAGER_T = grape::ParallelMessageManager][m[K’
[01m[K/data/gs/gs2/GraphScope/analytical_engine/core/java/graphx_runner.h:207:3:[m[K   required from ‘[01m[Kvoid gs::Query(grape::CommSpec&, std::shared_ptr<_Tp>, const string&, const string&) [with FRAG_T = gs::ArrowProjectedFragment<long int, long unsigned int, long int, double, vineyard::ArrowVertexMap<long int, long unsigned int>, false>; APP_TYPE = gs::JavaPIEProjectedParallelAppIE<gs::ArrowProjectedFragment<long int, long unsigned int, long int, double, vineyard::ArrowVertexMap<long int, long unsigned int>, false> >; std::string = std::basic_string<char>][m[K’
[01m[K/data/gs/gs2/GraphScope/analytical_engine/core/java/graphx_runner.h:272:45:[m[K   required from ‘[01m[Kvoid gs::RunGraphX(vineyard::Client&, grape::CommSpec&, std::string&) [with OID_T = long int; VID_T = long unsigned int; VD_T = long int; ED_T = double; std::string = std::basic_string<char>][m[K’
[01m[K/data/gs/gs2/GraphScope/analytical_engine/core/java/graphx_runner.h:300:46:[m[K   required from ‘[01m[Kvoid gs::Run() [with OID_T = long int; VID_T = long unsigned int; VD_T = long int; ED_T = double][m[K’
[01m[K/data/gs/gs2/GraphScope/analytical_engine/core/java/graphx_runner.cc:68:51:[m[K   required from here
[01m[K/data/gs/gs2/GraphScope/analytical_engine/core/context/java_context_base.h:255:55:[m[K [01;35m[Kwarning: [m[K‘[01m[Kboost::filesystem::path boost::filesystem::path::branch_path() const[m[K’ is deprecated: Use path::parent_path() instead [[01;35m[K-Wdeprecated-declarations[m[K]
  255 |       std::string udf_work_space = [01;35m[Klib_dir.branch_path()[m[K.string();
      |                                    [01;35m[K~~~~~~~~~~~~~~~~~~~^~[m[K
In file included from [01m[K/data/gs/gs2/GraphScope/analytical_engine/core/context/java_context_base.h:33[m[K,
                 from [01m[K/data/gs/gs2/GraphScope/analytical_engine/core/context/java_pie_projected_context.h:39[m[K,
                 from [01m[K/data/gs/gs2/GraphScope/analytical_engine/apps/java_pie/java_pie_projected_default_app.h:28[m[K,
                 from [01m[K/data/gs/gs2/GraphScope/analytical_engine/core/java/graphx_runner.h:39[m[K,
                 from [01m[K/data/gs/gs2/GraphScope/analytical_engine/core/java/graphx_runner.cc:15[m[K:
[01m[K/usr/local/include/boost/filesystem/path.hpp:1128:10:[m[K [01;36m[Knote: [m[Kdeclared here
 1128 |     path [01;36m[Kbranch_path[m[K() const { return parent_path(); }
      |          [01;36m[K^~~~~~~~~~~[m[K
In file included from [01m[K/data/gs/gs2/GraphScope/analytical_engine/core/context/java_pie_projected_context.h:39[m[K,
                 from [01m[K/data/gs/gs2/GraphScope/analytical_engine/apps/java_pie/java_pie_projected_default_app.h:28[m[K,
                 from [01m[K/data/gs/gs2/GraphScope/analytical_engine/core/java/graphx_runner.h:39[m[K,
                 from [01m[K/data/gs/gs2/GraphScope/analytical_engine/core/java/graphx_runner.cc:15[m[K:
[01m[K/data/gs/gs2/GraphScope/analytical_engine/core/context/java_context_base.h:255:55:[m[K [01;35m[Kwarning: [m[K‘[01m[Kboost::filesystem::path boost::filesystem::path::branch_path() const[m[K’ is deprecated: Use path::parent_path() instead [[01;35m[K-Wdeprecated-declarations[m[K]
  255 |       std::string udf_work_space = [01;35m[Klib_dir.branch_path()[m[K.string();
      |                                    [01;35m[K~~~~~~~~~~~~~~~~~~~^~[m[K
In file included from [01m[K/data/gs/gs2/GraphScope/analytical_engine/core/context/java_context_base.h:33[m[K,
                 from [01m[K/data/gs/gs2/GraphScope/analytical_engine/core/context/java_pie_projected_context.h:39[m[K,
                 from [01m[K/data/gs/gs2/GraphScope/analytical_engine/apps/java_pie/java_pie_projected_default_app.h:28[m[K,
                 from [01m[K/data/gs/gs2/GraphScope/analytical_engine/core/java/graphx_runner.h:39[m[K,
                 from [01m[K/data/gs/gs2/GraphScope/analytical_engine/core/java/graphx_runner.cc:15[m[K:
[01m[K/usr/local/include/boost/filesystem/path.hpp:1128:10:[m[K [01;36m[Knote: [m[Kdeclared here
 1128 |     path [01;36m[Kbranch_path[m[K() const { return parent_path(); }
      |          [01;36m[K^~~~~~~~~~~[m[K
In file included from [01m[K/data/gs/gs2/GraphScope/analytical_engine/core/context/java_pie_projected_context.h:39[m[K,
                 from [01m[K/data/gs/gs2/GraphScope/analytical_engine/apps/java_pie/java_pie_projected_default_app.h:28[m[K,
                 from [01m[K/data/gs/gs2/GraphScope/analytical_engine/core/java/graphx_runner.h:39[m[K,
                 from [01m[K/data/gs/gs2/GraphScope/analytical_engine/core/java/graphx_runner.cc:15[m[K:
/data/gs/gs2/GraphScope/analytical_engine/core/context/java_context_base.h: In instantiation of ‘[01m[Kstd::string gs::JavaContextBase<FRAG_T>::libPath2UserClassPath(const boost::filesystem::path&, const boost::filesystem::path&, const string&) [with FRAG_T = gs::ArrowProjectedFragment<long int, long unsigned int, long int, std::basic_string<char>, vineyard::ArrowVertexMap<long int, long unsigned int>, false>; std::string = std::basic_string<char>][m[K’:
[01m[K/data/gs/gs2/GraphScope/analytical_engine/core/context/java_context_base.h:338:23:[m[K   required from ‘[01m[Kstd::string gs::JavaContextBase<FRAG_T>::parseParamsAndSetupJVMEnv(const string&, std::string, std::string&, std::string&, std::string&, std::string&, int) [with FRAG_T = gs::ArrowProjectedFragment<long int, long unsigned int, long int, std::basic_string<char>, vineyard::ArrowVertexMap<long int, long unsigned int>, false>; std::string = std::basic_string<char>][m[K’
[01m[K/data/gs/gs2/GraphScope/analytical_engine/core/context/java_context_base.h:153:28:[m[K   required from ‘[01m[Kvoid gs::JavaContextBase<FRAG_T>::init(jlong, const char*, const string&, const string&, int) [with FRAG_T = gs::ArrowProjectedFragment<long int, long unsigned int, long int, std::basic_string<char>, vineyard::ArrowVertexMap<long int, long unsigned int>, false>; jlong = long int; std::string = std::basic_string<char>][m[K’
[01m[K/data/gs/gs2/GraphScope/analytical_engine/core/context/java_pie_projected_context.h:69:34:[m[K   required from ‘[01m[Kvoid gs::JavaPIEProjectedContext<FRAG_T>::init(jlong, const char*, const string&, const string&, int) [with FRAG_T = gs::ArrowProjectedFragment<long int, long unsigned int, long int, std::basic_string<char>, vineyard::ArrowVertexMap<long int, long unsigned int>, false>; jlong = long int; std::string = std::basic_string<char>][m[K’
[01m[K/data/gs/gs2/GraphScope/analytical_engine/core/context/java_pie_projected_context.h:250:42:[m[K   required from ‘[01m[Kvoid gs::JavaPIEProjectedParallelContext<FRAG_T>::Init(grape::ParallelMessageManager&, const string&, const string&) [with FRAG_T = gs::ArrowProjectedFragment<long int, long unsigned int, long int, std::basic_string<char>, vineyard::ArrowVertexMap<long int, long unsigned int>, false>; std::string = std::basic_string<char>][m[K’
[01m[K/usr/local/include/grape/worker/worker.h:93:5:[m[K   required from ‘[01m[Kvoid grape::Worker<APP_T, MESSAGE_MANAGER_T>::Query(Args&& ...) [with Args = {const std::basic_string<char, std::char_traits<char>, std::allocator<char> >&, const std::basic_string<char, std::char_traits<char>, std::allocator<char> >&}; APP_T = gs::JavaPIEProjectedParallelApp<gs::ArrowProjectedFragment<long int, long unsigned int, long int, std::basic_string<char>, vineyard::ArrowVertexMap<long int, long unsigned int>, false> >; MESSAGE_MANAGER_T = grape::ParallelMessageManager][m[K’
[01m[K/data/gs/gs2/GraphScope/analytical_engine/core/java/graphx_runner.h:207:3:[m[K   required from ‘[01m[Kvoid gs::Query(grape::CommSpec&, std::shared_ptr<_Tp>, const string&, const string&) [with FRAG_T = gs::ArrowProjectedFragment<long int, long unsigned int, long int, std::basic_string<char>, vineyard::ArrowVertexMap<long int, long unsigned int>, false>; APP_TYPE = gs::JavaPIEProjectedParallelAppIE<gs::ArrowProjectedFragment<long int, long unsigned int, long int, std::basic_string<char>, vineyard::ArrowVertexMap<long int, long unsigned int>, false> >; std::string = std::basic_string<char>][m[K’
[01m[K/data/gs/gs2/GraphScope/analytical_engine/core/java/graphx_runner.h:272:45:[m[K   required from ‘[01m[Kvoid gs::RunGraphX(vineyard::Client&, grape::CommSpec&, std::string&) [with OID_T = long int; VID_T = long unsigned int; VD_T = long int; ED_T = std::basic_string<char>; std::string = std::basic_string<char>][m[K’
[01m[K/data/gs/gs2/GraphScope/analytical_engine/core/java/graphx_runner.h:300:46:[m[K   required from ‘[01m[Kvoid gs::Run() [with OID_T = long int; VID_T = long unsigned int; VD_T = long int; ED_T = std::basic_string<char>][m[K’
[01m[K/data/gs/gs2/GraphScope/analytical_engine/core/java/graphx_runner.cc:70:56:[m[K   required from here
[01m[K/data/gs/gs2/GraphScope/analytical_engine/core/context/java_context_base.h:255:55:[m[K [01;35m[Kwarning: [m[K‘[01m[Kboost::filesystem::path boost::filesystem::path::branch_path() const[m[K’ is deprecated: Use path::parent_path() instead [[01;35m[K-Wdeprecated-declarations[m[K]
  255 |       std::string udf_work_space = [01;35m[Klib_dir.branch_path()[m[K.string();
      |                                    [01;35m[K~~~~~~~~~~~~~~~~~~~^~[m[K
In file included from [01m[K/data/gs/gs2/GraphScope/analytical_engine/core/context/java_context_base.h:33[m[K,
                 from [01m[K/data/gs/gs2/GraphScope/analytical_engine/core/context/java_pie_projected_context.h:39[m[K,
                 from [01m[K/data/gs/gs2/GraphScope/analytical_engine/apps/java_pie/java_pie_projected_default_app.h:28[m[K,
                 from [01m[K/data/gs/gs2/GraphScope/analytical_engine/core/java/graphx_runner.h:39[m[K,
                 from [01m[K/data/gs/gs2/GraphScope/analytical_engine/core/java/graphx_runner.cc:15[m[K:
[01m[K/usr/local/include/boost/filesystem/path.hpp:1128:10:[m[K [01;36m[Knote: [m[Kdeclared here
 1128 |     path [01;36m[Kbranch_path[m[K() const { return parent_path(); }
      |          [01;36m[K^~~~~~~~~~~[m[K
In file included from [01m[K/data/gs/gs2/GraphScope/analytical_engine/core/context/java_pie_projected_context.h:39[m[K,
                 from [01m[K/data/gs/gs2/GraphScope/analytical_engine/apps/java_pie/java_pie_projected_default_app.h:28[m[K,
                 from [01m[K/data/gs/gs2/GraphScope/analytical_engine/core/java/graphx_runner.h:39[m[K,
                 from [01m[K/data/gs/gs2/GraphScope/analytical_engine/core/java/graphx_runner.cc:15[m[K:
[01m[K/data/gs/gs2/GraphScope/analytical_engine/core/context/java_context_base.h:255:55:[m[K [01;35m[Kwarning: [m[K‘[01m[Kboost::filesystem::path boost::filesystem::path::branch_path() const[m[K’ is deprecated: Use path::parent_path() instead [[01;35m[K-Wdeprecated-declarations[m[K]
  255 |       std::string udf_work_space = [01;35m[Klib_dir.branch_path()[m[K.string();
      |                                    [01;35m[K~~~~~~~~~~~~~~~~~~~^~[m[K
In file included from [01m[K/data/gs/gs2/GraphScope/analytical_engine/core/context/java_context_base.h:33[m[K,
                 from [01m[K/data/gs/gs2/GraphScope/analytical_engine/core/context/java_pie_projected_context.h:39[m[K,
                 from [01m[K/data/gs/gs2/GraphScope/analytical_engine/apps/java_pie/java_pie_projected_default_app.h:28[m[K,
                 from [01m[K/data/gs/gs2/GraphScope/analytical_engine/core/java/graphx_runner.h:39[m[K,
                 from [01m[K/data/gs/gs2/GraphScope/analytical_engine/core/java/graphx_runner.cc:15[m[K:
[01m[K/usr/local/include/boost/filesystem/path.hpp:1128:10:[m[K [01;36m[Knote: [m[Kdeclared here
 1128 |     path [01;36m[Kbranch_path[m[K() const { return parent_path(); }
      |          [01;36m[K^~~~~~~~~~~[m[K
In file included from [01m[K/data/gs/gs2/GraphScope/analytical_engine/core/context/java_pie_projected_context.h:39[m[K,
                 from [01m[K/data/gs/gs2/GraphScope/analytical_engine/apps/java_pie/java_pie_projected_default_app.h:28[m[K,
                 from [01m[K/data/gs/gs2/GraphScope/analytical_engine/core/java/graphx_runner.h:39[m[K,
                 from [01m[K/data/gs/gs2/GraphScope/analytical_engine/core/java/graphx_runner.cc:15[m[K:
/data/gs/gs2/GraphScope/analytical_engine/core/context/java_context_base.h: In instantiation of ‘[01m[Kstd::string gs::JavaContextBase<FRAG_T>::libPath2UserClassPath(const boost::filesystem::path&, const boost::filesystem::path&, const string&) [with FRAG_T = gs::ArrowProjectedFragment<long int, long unsigned int, int, long int, vineyard::ArrowVertexMap<long int, long unsigned int>, false>; std::string = std::basic_string<char>][m[K’:
[01m[K/data/gs/gs2/GraphScope/analytical_engine/core/context/java_context_base.h:338:23:[m[K   required from ‘[01m[Kstd::string gs::JavaContextBase<FRAG_T>::parseParamsAndSetupJVMEnv(const string&, std::string, std::string&, std::string&, std::string&, std::string&, int) [with FRAG_T = gs::ArrowProjectedFragment<long int, long unsigned int, int, long int, vineyard::ArrowVertexMap<long int, long unsigned int>, false>; std::string = std::basic_string<char>][m[K’
[01m[K/data/gs/gs2/GraphScope/analytical_engine/core/context/java_context_base.h:153:28:[m[K   required from ‘[01m[Kvoid gs::JavaContextBase<FRAG_T>::init(jlong, const char*, const string&, const string&, int) [with FRAG_T = gs::ArrowProjectedFragment<long int, long unsigned int, int, long int, vineyard::ArrowVertexMap<long int, long unsigned int>, false>; jlong = long int; std::string = std::basic_string<char>][m[K’
[01m[K/data/gs/gs2/GraphScope/analytical_engine/core/context/java_pie_projected_context.h:69:34:[m[K   required from ‘[01m[Kvoid gs::JavaPIEProjectedContext<FRAG_T>::init(jlong, const char*, const string&, const string&, int) [with FRAG_T = gs::ArrowProjectedFragment<long int, long unsigned int, int, long int, vineyard::ArrowVertexMap<long int, long unsigned int>, false>; jlong = long int; std::string = std::basic_string<char>][m[K’
[01m[K/data/gs/gs2/GraphScope/analytical_engine/core/context/java_pie_projected_context.h:250:42:[m[K   required from ‘[01m[Kvoid gs::JavaPIEProjectedParallelContext<FRAG_T>::Init(grape::ParallelMessageManager&, const string&, const string&) [with FRAG_T = gs::ArrowProjectedFragment<long int, long unsigned int, int, long int, vineyard::ArrowVertexMap<long int, long unsigned int>, false>; std::string = std::basic_string<char>][m[K’
[01m[K/usr/local/include/grape/worker/worker.h:93:5:[m[K   required from ‘[01m[Kvoid grape::Worker<APP_T, MESSAGE_MANAGER_T>::Query(Args&& ...) [with Args = {const std::basic_string<char, std::char_traits<char>, std::allocator<char> >&, const std::basic_string<char, std::char_traits<char>, std::allocator<char> >&}; APP_T = gs::JavaPIEProjectedParallelApp<gs::ArrowProjectedFragment<long int, long unsigned int, int, long int, vineyard::ArrowVertexMap<long int, long unsigned int>, false> >; MESSAGE_MANAGER_T = grape::ParallelMessageManager][m[K’
[01m[K/data/gs/gs2/GraphScope/analytical_engine/core/java/graphx_runner.h:207:3:[m[K   required from ‘[01m[Kvoid gs::Query(grape::CommSpec&, std::shared_ptr<_Tp>, const string&, const string&) [with FRAG_T = gs::ArrowProjectedFragment<long int, long unsigned int, int, long int, vineyard::ArrowVertexMap<long int, long unsigned int>, false>; APP_TYPE = gs::JavaPIEProjectedParallelAppIE<gs::ArrowProjectedFragment<long int, long unsigned int, int, long int, vineyard::ArrowVertexMap<long int, long unsigned int>, false> >; std::string = std::basic_string<char>][m[K’
[01m[K/data/gs/gs2/GraphScope/analytical_engine/core/java/graphx_runner.h:272:45:[m[K   required from ‘[01m[Kvoid gs::RunGraphX(vineyard::Client&, grape::CommSpec&, std::string&) [with OID_T = long int; VID_T = long unsigned int; VD_T = int; ED_T = long int; std::string = std::basic_string<char>][m[K’
[01m[K/data/gs/gs2/GraphScope/analytical_engine/core/java/graphx_runner.h:300:46:[m[K   required from ‘[01m[Kvoid gs::Run() [with OID_T = long int; VID_T = long unsigned int; VD_T = int; ED_T = long int][m[K’
[01m[K/data/gs/gs2/GraphScope/analytical_engine/core/java/graphx_runner.cc:76:52:[m[K   required from here
[01m[K/data/gs/gs2/GraphScope/analytical_engine/core/context/java_context_base.h:255:55:[m[K [01;35m[Kwarning: [m[K‘[01m[Kboost::filesystem::path boost::filesystem::path::branch_path() const[m[K’ is deprecated: Use path::parent_path() instead [[01;35m[K-Wdeprecated-declarations[m[K]
  255 |       std::string udf_work_space = [01;35m[Klib_dir.branch_path()[m[K.string();
      |                                    [01;35m[K~~~~~~~~~~~~~~~~~~~^~[m[K
In file included from [01m[K/data/gs/gs2/GraphScope/analytical_engine/core/context/java_context_base.h:33[m[K,
                 from [01m[K/data/gs/gs2/GraphScope/analytical_engine/core/context/java_pie_projected_context.h:39[m[K,
                 from [01m[K/data/gs/gs2/GraphScope/analytical_engine/apps/java_pie/java_pie_projected_default_app.h:28[m[K,
                 from [01m[K/data/gs/gs2/GraphScope/analytical_engine/core/java/graphx_runner.h:39[m[K,
                 from [01m[K/data/gs/gs2/GraphScope/analytical_engine/core/java/graphx_runner.cc:15[m[K:
[01m[K/usr/local/include/boost/filesystem/path.hpp:1128:10:[m[K [01;36m[Knote: [m[Kdeclared here
 1128 |     path [01;36m[Kbranch_path[m[K() const { return parent_path(); }
      |          [01;36m[K^~~~~~~~~~~[m[K
In file included from [01m[K/data/gs/gs2/GraphScope/analytical_engine/core/context/java_pie_projected_context.h:39[m[K,
                 from [01m[K/data/gs/gs2/GraphScope/analytical_engine/apps/java_pie/java_pie_projected_default_app.h:28[m[K,
                 from [01m[K/data/gs/gs2/GraphScope/analytical_engine/core/java/graphx_runner.h:39[m[K,
                 from [01m[K/data/gs/gs2/GraphScope/analytical_engine/core/java/graphx_runner.cc:15[m[K:
[01m[K/data/gs/gs2/GraphScope/analytical_engine/core/context/java_context_base.h:255:55:[m[K [01;35m[Kwarning: [m[K‘[01m[Kboost::filesystem::path boost::filesystem::path::branch_path() const[m[K’ is deprecated: Use path::parent_path() instead [[01;35m[K-Wdeprecated-declarations[m[K]
  255 |       std::string udf_work_space = [01;35m[Klib_dir.branch_path()[m[K.string();
      |                                    [01;35m[K~~~~~~~~~~~~~~~~~~~^~[m[K
In file included from [01m[K/data/gs/gs2/GraphScope/analytical_engine/core/context/java_context_base.h:33[m[K,
                 from [01m[K/data/gs/gs2/GraphScope/analytical_engine/core/context/java_pie_projected_context.h:39[m[K,
                 from [01m[K/data/gs/gs2/GraphScope/analytical_engine/apps/java_pie/java_pie_projected_default_app.h:28[m[K,
                 from [01m[K/data/gs/gs2/GraphScope/analytical_engine/core/java/graphx_runner.h:39[m[K,
                 from [01m[K/data/gs/gs2/GraphScope/analytical_engine/core/java/graphx_runner.cc:15[m[K:
[01m[K/usr/local/include/boost/filesystem/path.hpp:1128:10:[m[K [01;36m[Knote: [m[Kdeclared here
 1128 |     path [01;36m[Kbranch_path[m[K() const { return parent_path(); }
      |          [01;36m[K^~~~~~~~~~~[m[K
In file included from [01m[K/data/gs/gs2/GraphScope/analytical_engine/core/context/java_pie_projected_context.h:39[m[K,
                 from [01m[K/data/gs/gs2/GraphScope/analytical_engine/apps/java_pie/java_pie_projected_default_app.h:28[m[K,
                 from [01m[K/data/gs/gs2/GraphScope/analytical_engine/core/java/graphx_runner.h:39[m[K,
                 from [01m[K/data/gs/gs2/GraphScope/analytical_engine/core/java/graphx_runner.cc:15[m[K:
/data/gs/gs2/GraphScope/analytical_engine/core/context/java_context_base.h: In instantiation of ‘[01m[Kstd::string gs::JavaContextBase<FRAG_T>::libPath2UserClassPath(const boost::filesystem::path&, const boost::filesystem::path&, const string&) [with FRAG_T = gs::ArrowProjectedFragment<long int, long unsigned int, int, int, vineyard::ArrowVertexMap<long int, long unsigned int>, false>; std::string = std::basic_string<char>][m[K’:
[01m[K/data/gs/gs2/GraphScope/analytical_engine/core/context/java_context_base.h:338:23:[m[K   required from ‘[01m[Kstd::string gs::JavaContextBase<FRAG_T>::parseParamsAndSetupJVMEnv(const string&, std::string, std::string&, std::string&, std::string&, std::string&, int) [with FRAG_T = gs::ArrowProjectedFragment<long int, long unsigned int, int, int, vineyard::ArrowVertexMap<long int, long unsigned int>, false>; std::string = std::basic_string<char>][m[K’
[01m[K/data/gs/gs2/GraphScope/analytical_engine/core/context/java_context_base.h:153:28:[m[K   required from ‘[01m[Kvoid gs::JavaContextBase<FRAG_T>::init(jlong, const char*, const string&, const string&, int) [with FRAG_T = gs::ArrowProjectedFragment<long int, long unsigned int, int, int, vineyard::ArrowVertexMap<long int, long unsigned int>, false>; jlong = long int; std::string = std::basic_string<char>][m[K’
[01m[K/data/gs/gs2/GraphScope/analytical_engine/core/context/java_pie_projected_context.h:69:34:[m[K   required from ‘[01m[Kvoid gs::JavaPIEProjectedContext<FRAG_T>::init(jlong, const char*, const string&, const string&, int) [with FRAG_T = gs::ArrowProjectedFragment<long int, long unsigned int, int, int, vineyard::ArrowVertexMap<long int, long unsigned int>, false>; jlong = long int; std::string = std::basic_string<char>][m[K’
[01m[K/data/gs/gs2/GraphScope/analytical_engine/core/context/java_pie_projected_context.h:250:42:[m[K   required from ‘[01m[Kvoid gs::JavaPIEProjectedParallelContext<FRAG_T>::Init(grape::ParallelMessageManager&, const string&, const string&) [with FRAG_T = gs::ArrowProjectedFragment<long int, long unsigned int, int, int, vineyard::ArrowVertexMap<long int, long unsigned int>, false>; std::string = std::basic_string<char>][m[K’
[01m[K/usr/local/include/grape/worker/worker.h:93:5:[m[K   required from ‘[01m[Kvoid grape::Worker<APP_T, MESSAGE_MANAGER_T>::Query(Args&& ...) [with Args = {const std::basic_string<char, std::char_traits<char>, std::allocator<char> >&, const std::basic_string<char, std::char_traits<char>, std::allocator<char> >&}; APP_T = gs::JavaPIEProjectedParallelApp<gs::ArrowProjectedFragment<long int, long unsigned int, int, int, vineyard::ArrowVertexMap<long int, long unsigned int>, false> >; MESSAGE_MANAGER_T = grape::ParallelMessageManager][m[K’
[01m[K/data/gs/gs2/GraphScope/analytical_engine/core/java/graphx_runner.h:207:3:[m[K   required from ‘[01m[Kvoid gs::Query(grape::CommSpec&, std::shared_ptr<_Tp>, const string&, const string&) [with FRAG_T = gs::ArrowProjectedFragment<long int, long unsigned int, int, int, vineyard::ArrowVertexMap<long int, long unsigned int>, false>; APP_TYPE = gs::JavaPIEProjectedParallelAppIE<gs::ArrowProjectedFragment<long int, long unsigned int, int, int, vineyard::ArrowVertexMap<long int, long unsigned int>, false> >; std::string = std::basic_string<char>][m[K’
[01m[K/data/gs/gs2/GraphScope/analytical_engine/core/java/graphx_runner.h:272:45:[m[K   required from ‘[01m[Kvoid gs::RunGraphX(vineyard::Client&, grape::CommSpec&, std::string&) [with OID_T = long int; VID_T = long unsigned int; VD_T = int; ED_T = int; std::string = std::basic_string<char>][m[K’
[01m[K/data/gs/gs2/GraphScope/analytical_engine/core/java/graphx_runner.h:300:46:[m[K   required from ‘[01m[Kvoid gs::Run() [with OID_T = long int; VID_T = long unsigned int; VD_T = int; ED_T = int][m[K’
[01m[K/data/gs/gs2/GraphScope/analytical_engine/core/java/graphx_runner.cc:78:52:[m[K   required from here
[01m[K/data/gs/gs2/GraphScope/analytical_engine/core/context/java_context_base.h:255:55:[m[K [01;35m[Kwarning: [m[K‘[01m[Kboost::filesystem::path boost::filesystem::path::branch_path() const[m[K’ is deprecated: Use path::parent_path() instead [[01;35m[K-Wdeprecated-declarations[m[K]
  255 |       std::string udf_work_space = [01;35m[Klib_dir.branch_path()[m[K.string();
      |                                    [01;35m[K~~~~~~~~~~~~~~~~~~~^~[m[K
In file included from [01m[K/data/gs/gs2/GraphScope/analytical_engine/core/context/java_context_base.h:33[m[K,
                 from [01m[K/data/gs/gs2/GraphScope/analytical_engine/core/context/java_pie_projected_context.h:39[m[K,
                 from [01m[K/data/gs/gs2/GraphScope/analytical_engine/apps/java_pie/java_pie_projected_default_app.h:28[m[K,
                 from [01m[K/data/gs/gs2/GraphScope/analytical_engine/core/java/graphx_runner.h:39[m[K,
                 from [01m[K/data/gs/gs2/GraphScope/analytical_engine/core/java/graphx_runner.cc:15[m[K:
[01m[K/usr/local/include/boost/filesystem/path.hpp:1128:10:[m[K [01;36m[Knote: [m[Kdeclared here
 1128 |     path [01;36m[Kbranch_path[m[K() const { return parent_path(); }
      |          [01;36m[K^~~~~~~~~~~[m[K
In file included from [01m[K/data/gs/gs2/GraphScope/analytical_engine/core/context/java_pie_projected_context.h:39[m[K,
                 from [01m[K/data/gs/gs2/GraphScope/analytical_engine/apps/java_pie/java_pie_projected_default_app.h:28[m[K,
                 from [01m[K/data/gs/gs2/GraphScope/analytical_engine/core/java/graphx_runner.h:39[m[K,
                 from [01m[K/data/gs/gs2/GraphScope/analytical_engine/core/java/graphx_runner.cc:15[m[K:
[01m[K/data/gs/gs2/GraphScope/analytical_engine/core/context/java_context_base.h:255:55:[m[K [01;35m[Kwarning: [m[K‘[01m[Kboost::filesystem::path boost::filesystem::path::branch_path() const[m[K’ is deprecated: Use path::parent_path() instead [[01;35m[K-Wdeprecated-declarations[m[K]
  255 |       std::string udf_work_space = [01;35m[Klib_dir.branch_path()[m[K.string();
      |                                    [01;35m[K~~~~~~~~~~~~~~~~~~~^~[m[K
In file included from [01m[K/data/gs/gs2/GraphScope/analytical_engine/core/context/java_context_base.h:33[m[K,
                 from [01m[K/data/gs/gs2/GraphScope/analytical_engine/core/context/java_pie_projected_context.h:39[m[K,
                 from [01m[K/data/gs/gs2/GraphScope/analytical_engine/apps/java_pie/java_pie_projected_default_app.h:28[m[K,
                 from [01m[K/data/gs/gs2/GraphScope/analytical_engine/core/java/graphx_runner.h:39[m[K,
                 from [01m[K/data/gs/gs2/GraphScope/analytical_engine/core/java/graphx_runner.cc:15[m[K:
[01m[K/usr/local/include/boost/filesystem/path.hpp:1128:10:[m[K [01;36m[Knote: [m[Kdeclared here
 1128 |     path [01;36m[Kbranch_path[m[K() const { return parent_path(); }
      |          [01;36m[K^~~~~~~~~~~[m[K
In file included from [01m[K/data/gs/gs2/GraphScope/analytical_engine/core/context/java_pie_projected_context.h:39[m[K,
                 from [01m[K/data/gs/gs2/GraphScope/analytical_engine/apps/java_pie/java_pie_projected_default_app.h:28[m[K,
                 from [01m[K/data/gs/gs2/GraphScope/analytical_engine/core/java/graphx_runner.h:39[m[K,
                 from [01m[K/data/gs/gs2/GraphScope/analytical_engine/core/java/graphx_runner.cc:15[m[K:
/data/gs/gs2/GraphScope/analytical_engine/core/context/java_context_base.h: In instantiation of ‘[01m[Kstd::string gs::JavaContextBase<FRAG_T>::libPath2UserClassPath(const boost::filesystem::path&, const boost::filesystem::path&, const string&) [with FRAG_T = gs::ArrowProjectedFragment<long int, long unsigned int, int, double, vineyard::ArrowVertexMap<long int, long unsigned int>, false>; std::string = std::basic_string<char>][m[K’:
[01m[K/data/gs/gs2/GraphScope/analytical_engine/core/context/java_context_base.h:338:23:[m[K   required from ‘[01m[Kstd::string gs::JavaContextBase<FRAG_T>::parseParamsAndSetupJVMEnv(const string&, std::string, std::string&, std::string&, std::string&, std::string&, int) [with FRAG_T = gs::ArrowProjectedFragment<long int, long unsigned int, int, double, vineyard::ArrowVertexMap<long int, long unsigned int>, false>; std::string = std::basic_string<char>][m[K’
[01m[K/data/gs/gs2/GraphScope/analytical_engine/core/context/java_context_base.h:153:28:[m[K   required from ‘[01m[Kvoid gs::JavaContextBase<FRAG_T>::init(jlong, const char*, const string&, const string&, int) [with FRAG_T = gs::ArrowProjectedFragment<long int, long unsigned int, int, double, vineyard::ArrowVertexMap<long int, long unsigned int>, false>; jlong = long int; std::string = std::basic_string<char>][m[K’
[01m[K/data/gs/gs2/GraphScope/analytical_engine/core/context/java_pie_projected_context.h:69:34:[m[K   required from ‘[01m[Kvoid gs::JavaPIEProjectedContext<FRAG_T>::init(jlong, const char*, const string&, const string&, int) [with FRAG_T = gs::ArrowProjectedFragment<long int, long unsigned int, int, double, vineyard::ArrowVertexMap<long int, long unsigned int>, false>; jlong = long int; std::string = std::basic_string<char>][m[K’
[01m[K/data/gs/gs2/GraphScope/analytical_engine/core/context/java_pie_projected_context.h:250:42:[m[K   required from ‘[01m[Kvoid gs::JavaPIEProjectedParallelContext<FRAG_T>::Init(grape::ParallelMessageManager&, const string&, const string&) [with FRAG_T = gs::ArrowProjectedFragment<long int, long unsigned int, int, double, vineyard::ArrowVertexMap<long int, long unsigned int>, false>; std::string = std::basic_string<char>][m[K’
[01m[K/usr/local/include/grape/worker/worker.h:93:5:[m[K   required from ‘[01m[Kvoid grape::Worker<APP_T, MESSAGE_MANAGER_T>::Query(Args&& ...) [with Args = {const std::basic_string<char, std::char_traits<char>, std::allocator<char> >&, const std::basic_string<char, std::char_traits<char>, std::allocator<char> >&}; APP_T = gs::JavaPIEProjectedParallelApp<gs::ArrowProjectedFragment<long int, long unsigned int, int, double, vineyard::ArrowVertexMap<long int, long unsigned int>, false> >; MESSAGE_MANAGER_T = grape::ParallelMessageManager][m[K’
[01m[K/data/gs/gs2/GraphScope/analytical_engine/core/java/graphx_runner.h:207:3:[m[K   required from ‘[01m[Kvoid gs::Query(grape::CommSpec&, std::shared_ptr<_Tp>, const string&, const string&) [with FRAG_T = gs::ArrowProjectedFragment<long int, long unsigned int, int, double, vineyard::ArrowVertexMap<long int, long unsigned int>, false>; APP_TYPE = gs::JavaPIEProjectedParallelAppIE<gs::ArrowProjectedFragment<long int, long unsigned int, int, double, vineyard::ArrowVertexMap<long int, long unsigned int>, false> >; std::string = std::basic_string<char>][m[K’
[01m[K/data/gs/gs2/GraphScope/analytical_engine/core/java/graphx_runner.h:272:45:[m[K   required from ‘[01m[Kvoid gs::RunGraphX(vineyard::Client&, grape::CommSpec&, std::string&) [with OID_T = long int; VID_T = long unsigned int; VD_T = int; ED_T = double; std::string = std::basic_string<char>][m[K’
[01m[K/data/gs/gs2/GraphScope/analytical_engine/core/java/graphx_runner.h:300:46:[m[K   required from ‘[01m[Kvoid gs::Run() [with OID_T = long int; VID_T = long unsigned int; VD_T = int; ED_T = double][m[K’
[01m[K/data/gs/gs2/GraphScope/analytical_engine/core/java/graphx_runner.cc:80:51:[m[K   required from here
[01m[K/data/gs/gs2/GraphScope/analytical_engine/core/context/java_context_base.h:255:55:[m[K [01;35m[Kwarning: [m[K‘[01m[Kboost::filesystem::path boost::filesystem::path::branch_path() const[m[K’ is deprecated: Use path::parent_path() instead [[01;35m[K-Wdeprecated-declarations[m[K]
  255 |       std::string udf_work_space = [01;35m[Klib_dir.branch_path()[m[K.string();
      |                                    [01;35m[K~~~~~~~~~~~~~~~~~~~^~[m[K
In file included from [01m[K/data/gs/gs2/GraphScope/analytical_engine/core/context/java_context_base.h:33[m[K,
                 from [01m[K/data/gs/gs2/GraphScope/analytical_engine/core/context/java_pie_projected_context.h:39[m[K,
                 from [01m[K/data/gs/gs2/GraphScope/analytical_engine/apps/java_pie/java_pie_projected_default_app.h:28[m[K,
                 from [01m[K/data/gs/gs2/GraphScope/analytical_engine/core/java/graphx_runner.h:39[m[K,
                 from [01m[K/data/gs/gs2/GraphScope/analytical_engine/core/java/graphx_runner.cc:15[m[K:
[01m[K/usr/local/include/boost/filesystem/path.hpp:1128:10:[m[K [01;36m[Knote: [m[Kdeclared here
 1128 |     path [01;36m[Kbranch_path[m[K() const { return parent_path(); }
      |          [01;36m[K^~~~~~~~~~~[m[K
In file included from [01m[K/data/gs/gs2/GraphScope/analytical_engine/core/context/java_pie_projected_context.h:39[m[K,
                 from [01m[K/data/gs/gs2/GraphScope/analytical_engine/apps/java_pie/java_pie_projected_default_app.h:28[m[K,
                 from [01m[K/data/gs/gs2/GraphScope/analytical_engine/core/java/graphx_runner.h:39[m[K,
                 from [01m[K/data/gs/gs2/GraphScope/analytical_engine/core/java/graphx_runner.cc:15[m[K:
[01m[K/data/gs/gs2/GraphScope/analytical_engine/core/context/java_context_base.h:255:55:[m[K [01;35m[Kwarning: [m[K‘[01m[Kboost::filesystem::path boost::filesystem::path::branch_path() const[m[K’ is deprecated: Use path::parent_path() instead [[01;35m[K-Wdeprecated-declarations[m[K]
  255 |       std::string udf_work_space = [01;35m[Klib_dir.branch_path()[m[K.string();
      |                                    [01;35m[K~~~~~~~~~~~~~~~~~~~^~[m[K
In file included from [01m[K/data/gs/gs2/GraphScope/analytical_engine/core/context/java_context_base.h:33[m[K,
                 from [01m[K/data/gs/gs2/GraphScope/analytical_engine/core/context/java_pie_projected_context.h:39[m[K,
                 from [01m[K/data/gs/gs2/GraphScope/analytical_engine/apps/java_pie/java_pie_projected_default_app.h:28[m[K,
                 from [01m[K/data/gs/gs2/GraphScope/analytical_engine/core/java/graphx_runner.h:39[m[K,
                 from [01m[K/data/gs/gs2/GraphScope/analytical_engine/core/java/graphx_runner.cc:15[m[K:
[01m[K/usr/local/include/boost/filesystem/path.hpp:1128:10:[m[K [01;36m[Knote: [m[Kdeclared here
 1128 |     path [01;36m[Kbranch_path[m[K() const { return parent_path(); }
      |          [01;36m[K^~~~~~~~~~~[m[K
In file included from [01m[K/data/gs/gs2/GraphScope/analytical_engine/core/context/java_pie_projected_context.h:39[m[K,
                 from [01m[K/data/gs/gs2/GraphScope/analytical_engine/apps/java_pie/java_pie_projected_default_app.h:28[m[K,
                 from [01m[K/data/gs/gs2/GraphScope/analytical_engine/core/java/graphx_runner.h:39[m[K,
                 from [01m[K/data/gs/gs2/GraphScope/analytical_engine/core/java/graphx_runner.cc:15[m[K:
/data/gs/gs2/GraphScope/analytical_engine/core/context/java_context_base.h: In instantiation of ‘[01m[Kstd::string gs::JavaContextBase<FRAG_T>::libPath2UserClassPath(const boost::filesystem::path&, const boost::filesystem::path&, const string&) [with FRAG_T = gs::ArrowProjectedFragment<long int, long unsigned int, int, std::basic_string<char>, vineyard::ArrowVertexMap<long int, long unsigned int>, false>; std::string = std::basic_string<char>][m[K’:
[01m[K/data/gs/gs2/GraphScope/analytical_engine/core/context/java_context_base.h:338:23:[m[K   required from ‘[01m[Kstd::string gs::JavaContextBase<FRAG_T>::parseParamsAndSetupJVMEnv(const string&, std::string, std::string&, std::string&, std::string&, std::string&, int) [with FRAG_T = gs::ArrowProjectedFragment<long int, long unsigned int, int, std::basic_string<char>, vineyard::ArrowVertexMap<long int, long unsigned int>, false>; std::string = std::basic_string<char>][m[K’
[01m[K/data/gs/gs2/GraphScope/analytical_engine/core/context/java_context_base.h:153:28:[m[K   required from ‘[01m[Kvoid gs::JavaContextBase<FRAG_T>::init(jlong, const char*, const string&, const string&, int) [with FRAG_T = gs::ArrowProjectedFragment<long int, long unsigned int, int, std::basic_string<char>, vineyard::ArrowVertexMap<long int, long unsigned int>, false>; jlong = long int; std::string = std::basic_string<char>][m[K’
[01m[K/data/gs/gs2/GraphScope/analytical_engine/core/context/java_pie_projected_context.h:69:34:[m[K   required from ‘[01m[Kvoid gs::JavaPIEProjectedContext<FRAG_T>::init(jlong, const char*, const string&, const string&, int) [with FRAG_T = gs::ArrowProjectedFragment<long int, long unsigned int, int, std::basic_string<char>, vineyard::ArrowVertexMap<long int, long unsigned int>, false>; jlong = long int; std::string = std::basic_string<char>][m[K’
[01m[K/data/gs/gs2/GraphScope/analytical_engine/core/context/java_pie_projected_context.h:250:42:[m[K   required from ‘[01m[Kvoid gs::JavaPIEProjectedParallelContext<FRAG_T>::Init(grape::ParallelMessageManager&, const string&, const string&) [with FRAG_T = gs::ArrowProjectedFragment<long int, long unsigned int, int, std::basic_string<char>, vineyard::ArrowVertexMap<long int, long unsigned int>, false>; std::string = std::basic_string<char>][m[K’
[01m[K/usr/local/include/grape/worker/worker.h:93:5:[m[K   required from ‘[01m[Kvoid grape::Worker<APP_T, MESSAGE_MANAGER_T>::Query(Args&& ...) [with Args = {const std::basic_string<char, std::char_traits<char>, std::allocator<char> >&, const std::basic_string<char, std::char_traits<char>, std::allocator<char> >&}; APP_T = gs::JavaPIEProjectedParallelApp<gs::ArrowProjectedFragment<long int, long unsigned int, int, std::basic_string<char>, vineyard::ArrowVertexMap<long int, long unsigned int>, false> >; MESSAGE_MANAGER_T = grape::ParallelMessageManager][m[K’
[01m[K/data/gs/gs2/GraphScope/analytical_engine/core/java/graphx_runner.h:207:3:[m[K   required from ‘[01m[Kvoid gs::Query(grape::CommSpec&, std::shared_ptr<_Tp>, const string&, const string&) [with FRAG_T = gs::ArrowProjectedFragment<long int, long unsigned int, int, std::basic_string<char>, vineyard::ArrowVertexMap<long int, long unsigned int>, false>; APP_TYPE = gs::JavaPIEProjectedParallelAppIE<gs::ArrowProjectedFragment<long int, long unsigned int, int, std::basic_string<char>, vineyard::ArrowVertexMap<long int, long unsigned int>, false> >; std::string = std::basic_string<char>][m[K’
[01m[K/data/gs/gs2/GraphScope/analytical_engine/core/java/graphx_runner.h:272:45:[m[K   required from ‘[01m[Kvoid gs::RunGraphX(vineyard::Client&, grape::CommSpec&, std::string&) [with OID_T = long int; VID_T = long unsigned int; VD_T = int; ED_T = std::basic_string<char>; std::string = std::basic_string<char>][m[K’
[01m[K/data/gs/gs2/GraphScope/analytical_engine/core/java/graphx_runner.h:300:46:[m[K   required from ‘[01m[Kvoid gs::Run() [with OID_T = long int; VID_T = long unsigned int; VD_T = int; ED_T = std::basic_string<char>][m[K’
[01m[K/data/gs/gs2/GraphScope/analytical_engine/core/java/graphx_runner.cc:82:56:[m[K   required from here
[01m[K/data/gs/gs2/GraphScope/analytical_engine/core/context/java_context_base.h:255:55:[m[K [01;35m[Kwarning: [m[K‘[01m[Kboost::filesystem::path boost::filesystem::path::branch_path() const[m[K’ is deprecated: Use path::parent_path() instead [[01;35m[K-Wdeprecated-declarations[m[K]
  255 |       std::string udf_work_space = [01;35m[Klib_dir.branch_path()[m[K.string();
      |                                    [01;35m[K~~~~~~~~~~~~~~~~~~~^~[m[K
In file included from [01m[K/data/gs/gs2/GraphScope/analytical_engine/core/context/java_context_base.h:33[m[K,
                 from [01m[K/data/gs/gs2/GraphScope/analytical_engine/core/context/java_pie_projected_context.h:39[m[K,
                 from [01m[K/data/gs/gs2/GraphScope/analytical_engine/apps/java_pie/java_pie_projected_default_app.h:28[m[K,
                 from [01m[K/data/gs/gs2/GraphScope/analytical_engine/core/java/graphx_runner.h:39[m[K,
                 from [01m[K/data/gs/gs2/GraphScope/analytical_engine/core/java/graphx_runner.cc:15[m[K:
[01m[K/usr/local/include/boost/filesystem/path.hpp:1128:10:[m[K [01;36m[Knote: [m[Kdeclared here
 1128 |     path [01;36m[Kbranch_path[m[K() const { return parent_path(); }
      |          [01;36m[K^~~~~~~~~~~[m[K
In file included from [01m[K/data/gs/gs2/GraphScope/analytical_engine/core/context/java_pie_projected_context.h:39[m[K,
                 from [01m[K/data/gs/gs2/GraphScope/analytical_engine/apps/java_pie/java_pie_projected_default_app.h:28[m[K,
                 from [01m[K/data/gs/gs2/GraphScope/analytical_engine/core/java/graphx_runner.h:39[m[K,
                 from [01m[K/data/gs/gs2/GraphScope/analytical_engine/core/java/graphx_runner.cc:15[m[K:
[01m[K/data/gs/gs2/GraphScope/analytical_engine/core/context/java_context_base.h:255:55:[m[K [01;35m[Kwarning: [m[K‘[01m[Kboost::filesystem::path boost::filesystem::path::branch_path() const[m[K’ is deprecated: Use path::parent_path() instead [[01;35m[K-Wdeprecated-declarations[m[K]
  255 |       std::string udf_work_space = [01;35m[Klib_dir.branch_path()[m[K.string();
      |                                    [01;35m[K~~~~~~~~~~~~~~~~~~~^~[m[K
In file included from [01m[K/data/gs/gs2/GraphScope/analytical_engine/core/context/java_context_base.h:33[m[K,
                 from [01m[K/data/gs/gs2/GraphScope/analytical_engine/core/context/java_pie_projected_context.h:39[m[K,
                 from [01m[K/data/gs/gs2/GraphScope/analytical_engine/apps/java_pie/java_pie_projected_default_app.h:28[m[K,
                 from [01m[K/data/gs/gs2/GraphScope/analytical_engine/core/java/graphx_runner.h:39[m[K,
                 from [01m[K/data/gs/gs2/GraphScope/analytical_engine/core/java/graphx_runner.cc:15[m[K:
[01m[K/usr/local/include/boost/filesystem/path.hpp:1128:10:[m[K [01;36m[Knote: [m[Kdeclared here
 1128 |     path [01;36m[Kbranch_path[m[K() const { return parent_path(); }
      |          [01;36m[K^~~~~~~~~~~[m[K
In file included from [01m[K/data/gs/gs2/GraphScope/analytical_engine/core/context/java_pie_projected_context.h:39[m[K,
                 from [01m[K/data/gs/gs2/GraphScope/analytical_engine/apps/java_pie/java_pie_projected_default_app.h:28[m[K,
                 from [01m[K/data/gs/gs2/GraphScope/analytical_engine/core/java/graphx_runner.h:39[m[K,
                 from [01m[K/data/gs/gs2/GraphScope/analytical_engine/core/java/graphx_runner.cc:15[m[K:
/data/gs/gs2/GraphScope/analytical_engine/core/context/java_context_base.h: In instantiation of ‘[01m[Kstd::string gs::JavaContextBase<FRAG_T>::libPath2UserClassPath(const boost::filesystem::path&, const boost::filesystem::path&, const string&) [with FRAG_T = gs::ArrowProjectedFragment<long int, long unsigned int, double, long int, vineyard::ArrowVertexMap<long int, long unsigned int>, false>; std::string = std::basic_string<char>][m[K’:
[01m[K/data/gs/gs2/GraphScope/analytical_engine/core/context/java_context_base.h:338:23:[m[K   required from ‘[01m[Kstd::string gs::JavaContextBase<FRAG_T>::parseParamsAndSetupJVMEnv(const string&, std::string, std::string&, std::string&, std::string&, std::string&, int) [with FRAG_T = gs::ArrowProjectedFragment<long int, long unsigned int, double, long int, vineyard::ArrowVertexMap<long int, long unsigned int>, false>; std::string = std::basic_string<char>][m[K’
[01m[K/data/gs/gs2/GraphScope/analytical_engine/core/context/java_context_base.h:153:28:[m[K   required from ‘[01m[Kvoid gs::JavaContextBase<FRAG_T>::init(jlong, const char*, const string&, const string&, int) [with FRAG_T = gs::ArrowProjectedFragment<long int, long unsigned int, double, long int, vineyard::ArrowVertexMap<long int, long unsigned int>, false>; jlong = long int; std::string = std::basic_string<char>][m[K’
[01m[K/data/gs/gs2/GraphScope/analytical_engine/core/context/java_pie_projected_context.h:69:34:[m[K   required from ‘[01m[Kvoid gs::JavaPIEProjectedContext<FRAG_T>::init(jlong, const char*, const string&, const string&, int) [with FRAG_T = gs::ArrowProjectedFragment<long int, long unsigned int, double, long int, vineyard::ArrowVertexMap<long int, long unsigned int>, false>; jlong = long int; std::string = std::basic_string<char>][m[K’
[01m[K/data/gs/gs2/GraphScope/analytical_engine/core/context/java_pie_projected_context.h:250:42:[m[K   required from ‘[01m[Kvoid gs::JavaPIEProjectedParallelContext<FRAG_T>::Init(grape::ParallelMessageManager&, const string&, const string&) [with FRAG_T = gs::ArrowProjectedFragment<long int, long unsigned int, double, long int, vineyard::ArrowVertexMap<long int, long unsigned int>, false>; std::string = std::basic_string<char>][m[K’
[01m[K/usr/local/include/grape/worker/worker.h:93:5:[m[K   required from ‘[01m[Kvoid grape::Worker<APP_T, MESSAGE_MANAGER_T>::Query(Args&& ...) [with Args = {const std::basic_string<char, std::char_traits<char>, std::allocator<char> >&, const std::basic_string<char, std::char_traits<char>, std::allocator<char> >&}; APP_T = gs::JavaPIEProjectedParallelApp<gs::ArrowProjectedFragment<long int, long unsigned int, double, long int, vineyard::ArrowVertexMap<long int, long unsigned int>, false> >; MESSAGE_MANAGER_T = grape::ParallelMessageManager][m[K’
[01m[K/data/gs/gs2/GraphScope/analytical_engine/core/java/graphx_runner.h:207:3:[m[K   required from ‘[01m[Kvoid gs::Query(grape::CommSpec&, std::shared_ptr<_Tp>, const string&, const string&) [with FRAG_T = gs::ArrowProjectedFragment<long int, long unsigned int, double, long int, vineyard::ArrowVertexMap<long int, long unsigned int>, false>; APP_TYPE = gs::JavaPIEProjectedParallelAppIE<gs::ArrowProjectedFragment<long int, long unsigned int, double, long int, vineyard::ArrowVertexMap<long int, long unsigned int>, false> >; std::string = std::basic_string<char>][m[K’
[01m[K/data/gs/gs2/GraphScope/analytical_engine/core/java/graphx_runner.h:272:45:[m[K   required from ‘[01m[Kvoid gs::RunGraphX(vineyard::Client&, grape::CommSpec&, std::string&) [with OID_T = long int; VID_T = long unsigned int; VD_T = double; ED_T = long int; std::string = std::basic_string<char>][m[K’
[01m[K/data/gs/gs2/GraphScope/analytical_engine/core/java/graphx_runner.h:300:46:[m[K   required from ‘[01m[Kvoid gs::Run() [with OID_T = long int; VID_T = long unsigned int; VD_T = double; ED_T = long int][m[K’
[01m[K/data/gs/gs2/GraphScope/analytical_engine/core/java/graphx_runner.cc:88:51:[m[K   required from here
[01m[K/data/gs/gs2/GraphScope/analytical_engine/core/context/java_context_base.h:255:55:[m[K [01;35m[Kwarning: [m[K‘[01m[Kboost::filesystem::path boost::filesystem::path::branch_path() const[m[K’ is deprecated: Use path::parent_path() instead [[01;35m[K-Wdeprecated-declarations[m[K]
  255 |       std::string udf_work_space = [01;35m[Klib_dir.branch_path()[m[K.string();
      |                                    [01;35m[K~~~~~~~~~~~~~~~~~~~^~[m[K
In file included from [01m[K/data/gs/gs2/GraphScope/analytical_engine/core/context/java_context_base.h:33[m[K,
                 from [01m[K/data/gs/gs2/GraphScope/analytical_engine/core/context/java_pie_projected_context.h:39[m[K,
                 from [01m[K/data/gs/gs2/GraphScope/analytical_engine/apps/java_pie/java_pie_projected_default_app.h:28[m[K,
                 from [01m[K/data/gs/gs2/GraphScope/analytical_engine/core/java/graphx_runner.h:39[m[K,
                 from [01m[K/data/gs/gs2/GraphScope/analytical_engine/core/java/graphx_runner.cc:15[m[K:
[01m[K/usr/local/include/boost/filesystem/path.hpp:1128:10:[m[K [01;36m[Knote: [m[Kdeclared here
 1128 |     path [01;36m[Kbranch_path[m[K() const { return parent_path(); }
      |          [01;36m[K^~~~~~~~~~~[m[K
In file included from [01m[K/data/gs/gs2/GraphScope/analytical_engine/core/context/java_pie_projected_context.h:39[m[K,
                 from [01m[K/data/gs/gs2/GraphScope/analytical_engine/apps/java_pie/java_pie_projected_default_app.h:28[m[K,
                 from [01m[K/data/gs/gs2/GraphScope/analytical_engine/core/java/graphx_runner.h:39[m[K,
                 from [01m[K/data/gs/gs2/GraphScope/analytical_engine/core/java/graphx_runner.cc:15[m[K:
[01m[K/data/gs/gs2/GraphScope/analytical_engine/core/context/java_context_base.h:255:55:[m[K [01;35m[Kwarning: [m[K‘[01m[Kboost::filesystem::path boost::filesystem::path::branch_path() const[m[K’ is deprecated: Use path::parent_path() instead [[01;35m[K-Wdeprecated-declarations[m[K]
  255 |       std::string udf_work_space = [01;35m[Klib_dir.branch_path()[m[K.string();
      |                                    [01;35m[K~~~~~~~~~~~~~~~~~~~^~[m[K
In file included from [01m[K/data/gs/gs2/GraphScope/analytical_engine/core/context/java_context_base.h:33[m[K,
                 from [01m[K/data/gs/gs2/GraphScope/analytical_engine/core/context/java_pie_projected_context.h:39[m[K,
                 from [01m[K/data/gs/gs2/GraphScope/analytical_engine/apps/java_pie/java_pie_projected_default_app.h:28[m[K,
                 from [01m[K/data/gs/gs2/GraphScope/analytical_engine/core/java/graphx_runner.h:39[m[K,
                 from [01m[K/data/gs/gs2/GraphScope/analytical_engine/core/java/graphx_runner.cc:15[m[K:
[01m[K/usr/local/include/boost/filesystem/path.hpp:1128:10:[m[K [01;36m[Knote: [m[Kdeclared here
 1128 |     path [01;36m[Kbranch_path[m[K() const { return parent_path(); }
      |          [01;36m[K^~~~~~~~~~~[m[K
In file included from [01m[K/data/gs/gs2/GraphScope/analytical_engine/core/context/java_pie_projected_context.h:39[m[K,
                 from [01m[K/data/gs/gs2/GraphScope/analytical_engine/apps/java_pie/java_pie_projected_default_app.h:28[m[K,
                 from [01m[K/data/gs/gs2/GraphScope/analytical_engine/core/java/graphx_runner.h:39[m[K,
                 from [01m[K/data/gs/gs2/GraphScope/analytical_engine/core/java/graphx_runner.cc:15[m[K:
/data/gs/gs2/GraphScope/analytical_engine/core/context/java_context_base.h: In instantiation of ‘[01m[Kstd::string gs::JavaContextBase<FRAG_T>::libPath2UserClassPath(const boost::filesystem::path&, const boost::filesystem::path&, const string&) [with FRAG_T = gs::ArrowProjectedFragment<long int, long unsigned int, double, int, vineyard::ArrowVertexMap<long int, long unsigned int>, false>; std::string = std::basic_string<char>][m[K’:
[01m[K/data/gs/gs2/GraphScope/analytical_engine/core/context/java_context_base.h:338:23:[m[K   required from ‘[01m[Kstd::string gs::JavaContextBase<FRAG_T>::parseParamsAndSetupJVMEnv(const string&, std::string, std::string&, std::string&, std::string&, std::string&, int) [with FRAG_T = gs::ArrowProjectedFragment<long int, long unsigned int, double, int, vineyard::ArrowVertexMap<long int, long unsigned int>, false>; std::string = std::basic_string<char>][m[K’
[01m[K/data/gs/gs2/GraphScope/analytical_engine/core/context/java_context_base.h:153:28:[m[K   required from ‘[01m[Kvoid gs::JavaContextBase<FRAG_T>::init(jlong, const char*, const string&, const string&, int) [with FRAG_T = gs::ArrowProjectedFragment<long int, long unsigned int, double, int, vineyard::ArrowVertexMap<long int, long unsigned int>, false>; jlong = long int; std::string = std::basic_string<char>][m[K’
[01m[K/data/gs/gs2/GraphScope/analytical_engine/core/context/java_pie_projected_context.h:69:34:[m[K   required from ‘[01m[Kvoid gs::JavaPIEProjectedContext<FRAG_T>::init(jlong, const char*, const string&, const string&, int) [with FRAG_T = gs::ArrowProjectedFragment<long int, long unsigned int, double, int, vineyard::ArrowVertexMap<long int, long unsigned int>, false>; jlong = long int; std::string = std::basic_string<char>][m[K’
[01m[K/data/gs/gs2/GraphScope/analytical_engine/core/context/java_pie_projected_context.h:250:42:[m[K   required from ‘[01m[Kvoid gs::JavaPIEProjectedParallelContext<FRAG_T>::Init(grape::ParallelMessageManager&, const string&, const string&) [with FRAG_T = gs::ArrowProjectedFragment<long int, long unsigned int, double, int, vineyard::ArrowVertexMap<long int, long unsigned int>, false>; std::string = std::basic_string<char>][m[K’
[01m[K/usr/local/include/grape/worker/worker.h:93:5:[m[K   required from ‘[01m[Kvoid grape::Worker<APP_T, MESSAGE_MANAGER_T>::Query(Args&& ...) [with Args = {const std::basic_string<char, std::char_traits<char>, std::allocator<char> >&, const std::basic_string<char, std::char_traits<char>, std::allocator<char> >&}; APP_T = gs::JavaPIEProjectedParallelApp<gs::ArrowProjectedFragment<long int, long unsigned int, double, int, vineyard::ArrowVertexMap<long int, long unsigned int>, false> >; MESSAGE_MANAGER_T = grape::ParallelMessageManager][m[K’
[01m[K/data/gs/gs2/GraphScope/analytical_engine/core/java/graphx_runner.h:207:3:[m[K   required from ‘[01m[Kvoid gs::Query(grape::CommSpec&, std::shared_ptr<_Tp>, const string&, const string&) [with FRAG_T = gs::ArrowProjectedFragment<long int, long unsigned int, double, int, vineyard::ArrowVertexMap<long int, long unsigned int>, false>; APP_TYPE = gs::JavaPIEProjectedParallelAppIE<gs::ArrowProjectedFragment<long int, long unsigned int, double, int, vineyard::ArrowVertexMap<long int, long unsigned int>, false> >; std::string = std::basic_string<char>][m[K’
[01m[K/data/gs/gs2/GraphScope/analytical_engine/core/java/graphx_runner.h:272:45:[m[K   required from ‘[01m[Kvoid gs::RunGraphX(vineyard::Client&, grape::CommSpec&, std::string&) [with OID_T = long int; VID_T = long unsigned int; VD_T = double; ED_T = int; std::string = std::basic_string<char>][m[K’
[01m[K/data/gs/gs2/GraphScope/analytical_engine/core/java/graphx_runner.h:300:46:[m[K   required from ‘[01m[Kvoid gs::Run() [with OID_T = long int; VID_T = long unsigned int; VD_T = double; ED_T = int][m[K’
[01m[K/data/gs/gs2/GraphScope/analytical_engine/core/java/graphx_runner.cc:90:51:[m[K   required from here
[01m[K/data/gs/gs2/GraphScope/analytical_engine/core/context/java_context_base.h:255:55:[m[K [01;35m[Kwarning: [m[K‘[01m[Kboost::filesystem::path boost::filesystem::path::branch_path() const[m[K’ is deprecated: Use path::parent_path() instead [[01;35m[K-Wdeprecated-declarations[m[K]
  255 |       std::string udf_work_space = [01;35m[Klib_dir.branch_path()[m[K.string();
      |                                    [01;35m[K~~~~~~~~~~~~~~~~~~~^~[m[K
In file included from [01m[K/data/gs/gs2/GraphScope/analytical_engine/core/context/java_context_base.h:33[m[K,
                 from [01m[K/data/gs/gs2/GraphScope/analytical_engine/core/context/java_pie_projected_context.h:39[m[K,
                 from [01m[K/data/gs/gs2/GraphScope/analytical_engine/apps/java_pie/java_pie_projected_default_app.h:28[m[K,
                 from [01m[K/data/gs/gs2/GraphScope/analytical_engine/core/java/graphx_runner.h:39[m[K,
                 from [01m[K/data/gs/gs2/GraphScope/analytical_engine/core/java/graphx_runner.cc:15[m[K:
[01m[K/usr/local/include/boost/filesystem/path.hpp:1128:10:[m[K [01;36m[Knote: [m[Kdeclared here
 1128 |     path [01;36m[Kbranch_path[m[K() const { return parent_path(); }
      |          [01;36m[K^~~~~~~~~~~[m[K
In file included from [01m[K/data/gs/gs2/GraphScope/analytical_engine/core/context/java_pie_projected_context.h:39[m[K,
                 from [01m[K/data/gs/gs2/GraphScope/analytical_engine/apps/java_pie/java_pie_projected_default_app.h:28[m[K,
                 from [01m[K/data/gs/gs2/GraphScope/analytical_engine/core/java/graphx_runner.h:39[m[K,
                 from [01m[K/data/gs/gs2/GraphScope/analytical_engine/core/java/graphx_runner.cc:15[m[K:
[01m[K/data/gs/gs2/GraphScope/analytical_engine/core/context/java_context_base.h:255:55:[m[K [01;35m[Kwarning: [m[K‘[01m[Kboost::filesystem::path boost::filesystem::path::branch_path() const[m[K’ is deprecated: Use path::parent_path() instead [[01;35m[K-Wdeprecated-declarations[m[K]
  255 |       std::string udf_work_space = [01;35m[Klib_dir.branch_path()[m[K.string();
      |                                    [01;35m[K~~~~~~~~~~~~~~~~~~~^~[m[K
In file included from [01m[K/data/gs/gs2/GraphScope/analytical_engine/core/context/java_context_base.h:33[m[K,
                 from [01m[K/data/gs/gs2/GraphScope/analytical_engine/core/context/java_pie_projected_context.h:39[m[K,
                 from [01m[K/data/gs/gs2/GraphScope/analytical_engine/apps/java_pie/java_pie_projected_default_app.h:28[m[K,
                 from [01m[K/data/gs/gs2/GraphScope/analytical_engine/core/java/graphx_runner.h:39[m[K,
                 from [01m[K/data/gs/gs2/GraphScope/analytical_engine/core/java/graphx_runner.cc:15[m[K:
[01m[K/usr/local/include/boost/filesystem/path.hpp:1128:10:[m[K [01;36m[Knote: [m[Kdeclared here
 1128 |     path [01;36m[Kbranch_path[m[K() const { return parent_path(); }
      |          [01;36m[K^~~~~~~~~~~[m[K
In file included from [01m[K/data/gs/gs2/GraphScope/analytical_engine/core/context/java_pie_projected_context.h:39[m[K,
                 from [01m[K/data/gs/gs2/GraphScope/analytical_engine/apps/java_pie/java_pie_projected_default_app.h:28[m[K,
                 from [01m[K/data/gs/gs2/GraphScope/analytical_engine/core/java/graphx_runner.h:39[m[K,
                 from [01m[K/data/gs/gs2/GraphScope/analytical_engine/core/java/graphx_runner.cc:15[m[K:
/data/gs/gs2/GraphScope/analytical_engine/core/context/java_context_base.h: In instantiation of ‘[01m[Kstd::string gs::JavaContextBase<FRAG_T>::libPath2UserClassPath(const boost::filesystem::path&, const boost::filesystem::path&, const string&) [with FRAG_T = gs::ArrowProjectedFragment<long int, long unsigned int, double, double, vineyard::ArrowVertexMap<long int, long unsigned int>, false>; std::string = std::basic_string<char>][m[K’:
[01m[K/data/gs/gs2/GraphScope/analytical_engine/core/context/java_context_base.h:338:23:[m[K   required from ‘[01m[Kstd::string gs::JavaContextBase<FRAG_T>::parseParamsAndSetupJVMEnv(const string&, std::string, std::string&, std::string&, std::string&, std::string&, int) [with FRAG_T = gs::ArrowProjectedFragment<long int, long unsigned int, double, double, vineyard::ArrowVertexMap<long int, long unsigned int>, false>; std::string = std::basic_string<char>][m[K’
[01m[K/data/gs/gs2/GraphScope/analytical_engine/core/context/java_context_base.h:153:28:[m[K   required from ‘[01m[Kvoid gs::JavaContextBase<FRAG_T>::init(jlong, const char*, const string&, const string&, int) [with FRAG_T = gs::ArrowProjectedFragment<long int, long unsigned int, double, double, vineyard::ArrowVertexMap<long int, long unsigned int>, false>; jlong = long int; std::string = std::basic_string<char>][m[K’
[01m[K/data/gs/gs2/GraphScope/analytical_engine/core/context/java_pie_projected_context.h:69:34:[m[K   required from ‘[01m[Kvoid gs::JavaPIEProjectedContext<FRAG_T>::init(jlong, const char*, const string&, const string&, int) [with FRAG_T = gs::ArrowProjectedFragment<long int, long unsigned int, double, double, vineyard::ArrowVertexMap<long int, long unsigned int>, false>; jlong = long int; std::string = std::basic_string<char>][m[K’
[01m[K/data/gs/gs2/GraphScope/analytical_engine/core/context/java_pie_projected_context.h:250:42:[m[K   required from ‘[01m[Kvoid gs::JavaPIEProjectedParallelContext<FRAG_T>::Init(grape::ParallelMessageManager&, const string&, const string&) [with FRAG_T = gs::ArrowProjectedFragment<long int, long unsigned int, double, double, vineyard::ArrowVertexMap<long int, long unsigned int>, false>; std::string = std::basic_string<char>][m[K’
[01m[K/usr/local/include/grape/worker/worker.h:93:5:[m[K   required from ‘[01m[Kvoid grape::Worker<APP_T, MESSAGE_MANAGER_T>::Query(Args&& ...) [with Args = {const std::basic_string<char, std::char_traits<char>, std::allocator<char> >&, const std::basic_string<char, std::char_traits<char>, std::allocator<char> >&}; APP_T = gs::JavaPIEProjectedParallelApp<gs::ArrowProjectedFragment<long int, long unsigned int, double, double, vineyard::ArrowVertexMap<long int, long unsigned int>, false> >; MESSAGE_MANAGER_T = grape::ParallelMessageManager][m[K’
[01m[K/data/gs/gs2/GraphScope/analytical_engine/core/java/graphx_runner.h:207:3:[m[K   required from ‘[01m[Kvoid gs::Query(grape::CommSpec&, std::shared_ptr<_Tp>, const string&, const string&) [with FRAG_T = gs::ArrowProjectedFragment<long int, long unsigned int, double, double, vineyard::ArrowVertexMap<long int, long unsigned int>, false>; APP_TYPE = gs::JavaPIEProjectedParallelAppIE<gs::ArrowProjectedFragment<long int, long unsigned int, double, double, vineyard::ArrowVertexMap<long int, long unsigned int>, false> >; std::string = std::basic_string<char>][m[K’
[01m[K/data/gs/gs2/GraphScope/analytical_engine/core/java/graphx_runner.h:272:45:[m[K   required from ‘[01m[Kvoid gs::RunGraphX(vineyard::Client&, grape::CommSpec&, std::string&) [with OID_T = long int; VID_T = long unsigned int; VD_T = double; ED_T = double; std::string = std::basic_string<char>][m[K’
[01m[K/data/gs/gs2/GraphScope/analytical_engine/core/java/graphx_runner.h:300:46:[m[K   required from ‘[01m[Kvoid gs::Run() [with OID_T = long int; VID_T = long unsigned int; VD_T = double; ED_T = double][m[K’
[01m[K/data/gs/gs2/GraphScope/analytical_engine/core/java/graphx_runner.cc:92:50:[m[K   required from here
[01m[K/data/gs/gs2/GraphScope/analytical_engine/core/context/java_context_base.h:255:55:[m[K [01;35m[Kwarning: [m[K‘[01m[Kboost::filesystem::path boost::filesystem::path::branch_path() const[m[K’ is deprecated: Use path::parent_path() instead [[01;35m[K-Wdeprecated-declarations[m[K]
  255 |       std::string udf_work_space = [01;35m[Klib_dir.branch_path()[m[K.string();
      |                                    [01;35m[K~~~~~~~~~~~~~~~~~~~^~[m[K
In file included from [01m[K/data/gs/gs2/GraphScope/analytical_engine/core/context/java_context_base.h:33[m[K,
                 from [01m[K/data/gs/gs2/GraphScope/analytical_engine/core/context/java_pie_projected_context.h:39[m[K,
                 from [01m[K/data/gs/gs2/GraphScope/analytical_engine/apps/java_pie/java_pie_projected_default_app.h:28[m[K,
                 from [01m[K/data/gs/gs2/GraphScope/analytical_engine/core/java/graphx_runner.h:39[m[K,
                 from [01m[K/data/gs/gs2/GraphScope/analytical_engine/core/java/graphx_runner.cc:15[m[K:
[01m[K/usr/local/include/boost/filesystem/path.hpp:1128:10:[m[K [01;36m[Knote: [m[Kdeclared here
 1128 |     path [01;36m[Kbranch_path[m[K() const { return parent_path(); }
      |          [01;36m[K^~~~~~~~~~~[m[K
In file included from [01m[K/data/gs/gs2/GraphScope/analytical_engine/core/context/java_pie_projected_context.h:39[m[K,
                 from [01m[K/data/gs/gs2/GraphScope/analytical_engine/apps/java_pie/java_pie_projected_default_app.h:28[m[K,
                 from [01m[K/data/gs/gs2/GraphScope/analytical_engine/core/java/graphx_runner.h:39[m[K,
                 from [01m[K/data/gs/gs2/GraphScope/analytical_engine/core/java/graphx_runner.cc:15[m[K:
[01m[K/data/gs/gs2/GraphScope/analytical_engine/core/context/java_context_base.h:255:55:[m[K [01;35m[Kwarning: [m[K‘[01m[Kboost::filesystem::path boost::filesystem::path::branch_path() const[m[K’ is deprecated: Use path::parent_path() instead [[01;35m[K-Wdeprecated-declarations[m[K]
  255 |       std::string udf_work_space = [01;35m[Klib_dir.branch_path()[m[K.string();
      |                                    [01;35m[K~~~~~~~~~~~~~~~~~~~^~[m[K
In file included from [01m[K/data/gs/gs2/GraphScope/analytical_engine/core/context/java_context_base.h:33[m[K,
                 from [01m[K/data/gs/gs2/GraphScope/analytical_engine/core/context/java_pie_projected_context.h:39[m[K,
                 from [01m[K/data/gs/gs2/GraphScope/analytical_engine/apps/java_pie/java_pie_projected_default_app.h:28[m[K,
                 from [01m[K/data/gs/gs2/GraphScope/analytical_engine/core/java/graphx_runner.h:39[m[K,
                 from [01m[K/data/gs/gs2/GraphScope/analytical_engine/core/java/graphx_runner.cc:15[m[K:
[01m[K/usr/local/include/boost/filesystem/path.hpp:1128:10:[m[K [01;36m[Knote: [m[Kdeclared here
 1128 |     path [01;36m[Kbranch_path[m[K() const { return parent_path(); }
      |          [01;36m[K^~~~~~~~~~~[m[K
In file included from [01m[K/data/gs/gs2/GraphScope/analytical_engine/core/context/java_pie_projected_context.h:39[m[K,
                 from [01m[K/data/gs/gs2/GraphScope/analytical_engine/apps/java_pie/java_pie_projected_default_app.h:28[m[K,
                 from [01m[K/data/gs/gs2/GraphScope/analytical_engine/core/java/graphx_runner.h:39[m[K,
                 from [01m[K/data/gs/gs2/GraphScope/analytical_engine/core/java/graphx_runner.cc:15[m[K:
/data/gs/gs2/GraphScope/analytical_engine/core/context/java_context_base.h: In instantiation of ‘[01m[Kstd::string gs::JavaContextBase<FRAG_T>::libPath2UserClassPath(const boost::filesystem::path&, const boost::filesystem::path&, const string&) [with FRAG_T = gs::ArrowProjectedFragment<long int, long unsigned int, double, std::basic_string<char>, vineyard::ArrowVertexMap<long int, long unsigned int>, false>; std::string = std::basic_string<char>][m[K’:
[01m[K/data/gs/gs2/GraphScope/analytical_engine/core/context/java_context_base.h:338:23:[m[K   required from ‘[01m[Kstd::string gs::JavaContextBase<FRAG_T>::parseParamsAndSetupJVMEnv(const string&, std::string, std::string&, std::string&, std::string&, std::string&, int) [with FRAG_T = gs::ArrowProjectedFragment<long int, long unsigned int, double, std::basic_string<char>, vineyard::ArrowVertexMap<long int, long unsigned int>, false>; std::string = std::basic_string<char>][m[K’
[01m[K/data/gs/gs2/GraphScope/analytical_engine/core/context/java_context_base.h:153:28:[m[K   required from ‘[01m[Kvoid gs::JavaContextBase<FRAG_T>::init(jlong, const char*, const string&, const string&, int) [with FRAG_T = gs::ArrowProjectedFragment<long int, long unsigned int, double, std::basic_string<char>, vineyard::ArrowVertexMap<long int, long unsigned int>, false>; jlong = long int; std::string = std::basic_string<char>][m[K’
[01m[K/data/gs/gs2/GraphScope/analytical_engine/core/context/java_pie_projected_context.h:69:34:[m[K   required from ‘[01m[Kvoid gs::JavaPIEProjectedContext<FRAG_T>::init(jlong, const char*, const string&, const string&, int) [with FRAG_T = gs::ArrowProjectedFragment<long int, long unsigned int, double, std::basic_string<char>, vineyard::ArrowVertexMap<long int, long unsigned int>, false>; jlong = long int; std::string = std::basic_string<char>][m[K’
[01m[K/data/gs/gs2/GraphScope/analytical_engine/core/context/java_pie_projected_context.h:250:42:[m[K   required from ‘[01m[Kvoid gs::JavaPIEProjectedParallelContext<FRAG_T>::Init(grape::ParallelMessageManager&, const string&, const string&) [with FRAG_T = gs::ArrowProjectedFragment<long int, long unsigned int, double, std::basic_string<char>, vineyard::ArrowVertexMap<long int, long unsigned int>, false>; std::string = std::basic_string<char>][m[K’
[01m[K/usr/local/include/grape/worker/worker.h:93:5:[m[K   required from ‘[01m[Kvoid grape::Worker<APP_T, MESSAGE_MANAGER_T>::Query(Args&& ...) [with Args = {const std::basic_string<char, std::char_traits<char>, std::allocator<char> >&, const std::basic_string<char, std::char_traits<char>, std::allocator<char> >&}; APP_T = gs::JavaPIEProjectedParallelApp<gs::ArrowProjectedFragment<long int, long unsigned int, double, std::basic_string<char>, vineyard::ArrowVertexMap<long int, long unsigned int>, false> >; MESSAGE_MANAGER_T = grape::ParallelMessageManager][m[K’
[01m[K/data/gs/gs2/GraphScope/analytical_engine/core/java/graphx_runner.h:207:3:[m[K   required from ‘[01m[Kvoid gs::Query(grape::CommSpec&, std::shared_ptr<_Tp>, const string&, const string&) [with FRAG_T = gs::ArrowProjectedFragment<long int, long unsigned int, double, std::basic_string<char>, vineyard::ArrowVertexMap<long int, long unsigned int>, false>; APP_TYPE = gs::JavaPIEProjectedParallelAppIE<gs::ArrowProjectedFragment<long int, long unsigned int, double, std::basic_string<char>, vineyard::ArrowVertexMap<long int, long unsigned int>, false> >; std::string = std::basic_string<char>][m[K’
[01m[K/data/gs/gs2/GraphScope/analytical_engine/core/java/graphx_runner.h:272:45:[m[K   required from ‘[01m[Kvoid gs::RunGraphX(vineyard::Client&, grape::CommSpec&, std::string&) [with OID_T = long int; VID_T = long unsigned int; VD_T = double; ED_T = std::basic_string<char>; std::string = std::basic_string<char>][m[K’
[01m[K/data/gs/gs2/GraphScope/analytical_engine/core/java/graphx_runner.h:300:46:[m[K   required from ‘[01m[Kvoid gs::Run() [with OID_T = long int; VID_T = long unsigned int; VD_T = double; ED_T = std::basic_string<char>][m[K’
[01m[K/data/gs/gs2/GraphScope/analytical_engine/core/java/graphx_runner.cc:94:55:[m[K   required from here
[01m[K/data/gs/gs2/GraphScope/analytical_engine/core/context/java_context_base.h:255:55:[m[K [01;35m[Kwarning: [m[K‘[01m[Kboost::filesystem::path boost::filesystem::path::branch_path() const[m[K’ is deprecated: Use path::parent_path() instead [[01;35m[K-Wdeprecated-declarations[m[K]
  255 |       std::string udf_work_space = [01;35m[Klib_dir.branch_path()[m[K.string();
      |                                    [01;35m[K~~~~~~~~~~~~~~~~~~~^~[m[K
In file included from [01m[K/data/gs/gs2/GraphScope/analytical_engine/core/context/java_context_base.h:33[m[K,
                 from [01m[K/data/gs/gs2/GraphScope/analytical_engine/core/context/java_pie_projected_context.h:39[m[K,
                 from [01m[K/data/gs/gs2/GraphScope/analytical_engine/apps/java_pie/java_pie_projected_default_app.h:28[m[K,
                 from [01m[K/data/gs/gs2/GraphScope/analytical_engine/core/java/graphx_runner.h:39[m[K,
                 from [01m[K/data/gs/gs2/GraphScope/analytical_engine/core/java/graphx_runner.cc:15[m[K:
[01m[K/usr/local/include/boost/filesystem/path.hpp:1128:10:[m[K [01;36m[Knote: [m[Kdeclared here
 1128 |     path [01;36m[Kbranch_path[m[K() const { return parent_path(); }
      |          [01;36m[K^~~~~~~~~~~[m[K
In file included from [01m[K/data/gs/gs2/GraphScope/analytical_engine/core/context/java_pie_projected_context.h:39[m[K,
                 from [01m[K/data/gs/gs2/GraphScope/analytical_engine/apps/java_pie/java_pie_projected_default_app.h:28[m[K,
                 from [01m[K/data/gs/gs2/GraphScope/analytical_engine/core/java/graphx_runner.h:39[m[K,
                 from [01m[K/data/gs/gs2/GraphScope/analytical_engine/core/java/graphx_runner.cc:15[m[K:
[01m[K/data/gs/gs2/GraphScope/analytical_engine/core/context/java_context_base.h:255:55:[m[K [01;35m[Kwarning: [m[K‘[01m[Kboost::filesystem::path boost::filesystem::path::branch_path() const[m[K’ is deprecated: Use path::parent_path() instead [[01;35m[K-Wdeprecated-declarations[m[K]
  255 |       std::string udf_work_space = [01;35m[Klib_dir.branch_path()[m[K.string();
      |                                    [01;35m[K~~~~~~~~~~~~~~~~~~~^~[m[K
In file included from [01m[K/data/gs/gs2/GraphScope/analytical_engine/core/context/java_context_base.h:33[m[K,
                 from [01m[K/data/gs/gs2/GraphScope/analytical_engine/core/context/java_pie_projected_context.h:39[m[K,
                 from [01m[K/data/gs/gs2/GraphScope/analytical_engine/apps/java_pie/java_pie_projected_default_app.h:28[m[K,
                 from [01m[K/data/gs/gs2/GraphScope/analytical_engine/core/java/graphx_runner.h:39[m[K,
                 from [01m[K/data/gs/gs2/GraphScope/analytical_engine/core/java/graphx_runner.cc:15[m[K:
[01m[K/usr/local/include/boost/filesystem/path.hpp:1128:10:[m[K [01;36m[Knote: [m[Kdeclared here
 1128 |     path [01;36m[Kbranch_path[m[K() const { return parent_path(); }
      |          [01;36m[K^~~~~~~~~~~[m[K
In file included from [01m[K/data/gs/gs2/GraphScope/analytical_engine/core/context/java_pie_projected_context.h:39[m[K,
                 from [01m[K/data/gs/gs2/GraphScope/analytical_engine/apps/java_pie/java_pie_projected_default_app.h:28[m[K,
                 from [01m[K/data/gs/gs2/GraphScope/analytical_engine/core/java/graphx_runner.h:39[m[K,
                 from [01m[K/data/gs/gs2/GraphScope/analytical_engine/core/java/graphx_runner.cc:15[m[K:
/data/gs/gs2/GraphScope/analytical_engine/core/context/java_context_base.h: In instantiation of ‘[01m[Kstd::string gs::JavaContextBase<FRAG_T>::libPath2UserClassPath(const boost::filesystem::path&, const boost::filesystem::path&, const string&) [with FRAG_T = gs::ArrowProjectedFragment<long int, long unsigned int, std::basic_string<char>, long int, vineyard::ArrowVertexMap<long int, long unsigned int>, false>; std::string = std::basic_string<char>][m[K’:
[01m[K/data/gs/gs2/GraphScope/analytical_engine/core/context/java_context_base.h:338:23:[m[K   required from ‘[01m[Kstd::string gs::JavaContextBase<FRAG_T>::parseParamsAndSetupJVMEnv(const string&, std::string, std::string&, std::string&, std::string&, std::string&, int) [with FRAG_T = gs::ArrowProjectedFragment<long int, long unsigned int, std::basic_string<char>, long int, vineyard::ArrowVertexMap<long int, long unsigned int>, false>; std::string = std::basic_string<char>][m[K’
[01m[K/data/gs/gs2/GraphScope/analytical_engine/core/context/java_context_base.h:153:28:[m[K   required from ‘[01m[Kvoid gs::JavaContextBase<FRAG_T>::init(jlong, const char*, const string&, const string&, int) [with FRAG_T = gs::ArrowProjectedFragment<long int, long unsigned int, std::basic_string<char>, long int, vineyard::ArrowVertexMap<long int, long unsigned int>, false>; jlong = long int; std::string = std::basic_string<char>][m[K’
[01m[K/data/gs/gs2/GraphScope/analytical_engine/core/context/java_pie_projected_context.h:69:34:[m[K   required from ‘[01m[Kvoid gs::JavaPIEProjectedContext<FRAG_T>::init(jlong, const char*, const string&, const string&, int) [with FRAG_T = gs::ArrowProjectedFragment<long int, long unsigned int, std::basic_string<char>, long int, vineyard::ArrowVertexMap<long int, long unsigned int>, false>; jlong = long int; std::string = std::basic_string<char>][m[K’
[01m[K/data/gs/gs2/GraphScope/analytical_engine/core/context/java_pie_projected_context.h:250:42:[m[K   required from ‘[01m[Kvoid gs::JavaPIEProjectedParallelContext<FRAG_T>::Init(grape::ParallelMessageManager&, const string&, const string&) [with FRAG_T = gs::ArrowProjectedFragment<long int, long unsigned int, std::basic_string<char>, long int, vineyard::ArrowVertexMap<long int, long unsigned int>, false>; std::string = std::basic_string<char>][m[K’
[01m[K/usr/local/include/grape/worker/worker.h:93:5:[m[K   required from ‘[01m[Kvoid grape::Worker<APP_T, MESSAGE_MANAGER_T>::Query(Args&& ...) [with Args = {const std::basic_string<char, std::char_traits<char>, std::allocator<char> >&, const std::basic_string<char, std::char_traits<char>, std::allocator<char> >&}; APP_T = gs::JavaPIEProjectedParallelApp<gs::ArrowProjectedFragment<long int, long unsigned int, std::basic_string<char>, long int, vineyard::ArrowVertexMap<long int, long unsigned int>, false> >; MESSAGE_MANAGER_T = grape::ParallelMessageManager][m[K’
[01m[K/data/gs/gs2/GraphScope/analytical_engine/core/java/graphx_runner.h:207:3:[m[K   required from ‘[01m[Kvoid gs::Query(grape::CommSpec&, std::shared_ptr<_Tp>, const string&, const string&) [with FRAG_T = gs::ArrowProjectedFragment<long int, long unsigned int, std::basic_string<char>, long int, vineyard::ArrowVertexMap<long int, long unsigned int>, false>; APP_TYPE = gs::JavaPIEProjectedParallelAppIE<gs::ArrowProjectedFragment<long int, long unsigned int, std::basic_string<char>, long int, vineyard::ArrowVertexMap<long int, long unsigned int>, false> >; std::string = std::basic_string<char>][m[K’
[01m[K/data/gs/gs2/GraphScope/analytical_engine/core/java/graphx_runner.h:272:45:[m[K   required from ‘[01m[Kvoid gs::RunGraphX(vineyard::Client&, grape::CommSpec&, std::string&) [with OID_T = long int; VID_T = long unsigned int; VD_T = std::basic_string<char>; ED_T = long int; std::string = std::basic_string<char>][m[K’
[01m[K/data/gs/gs2/GraphScope/analytical_engine/core/java/graphx_runner.h:300:46:[m[K   required from ‘[01m[Kvoid gs::Run() [with OID_T = long int; VID_T = long unsigned int; VD_T = std::basic_string<char>; ED_T = long int][m[K’
[01m[K/data/gs/gs2/GraphScope/analytical_engine/core/java/graphx_runner.cc:100:56:[m[K   required from here
[01m[K/data/gs/gs2/GraphScope/analytical_engine/core/context/java_context_base.h:255:55:[m[K [01;35m[Kwarning: [m[K‘[01m[Kboost::filesystem::path boost::filesystem::path::branch_path() const[m[K’ is deprecated: Use path::parent_path() instead [[01;35m[K-Wdeprecated-declarations[m[K]
  255 |       std::string udf_work_space = [01;35m[Klib_dir.branch_path()[m[K.string();
      |                                    [01;35m[K~~~~~~~~~~~~~~~~~~~^~[m[K
In file included from [01m[K/data/gs/gs2/GraphScope/analytical_engine/core/context/java_context_base.h:33[m[K,
                 from [01m[K/data/gs/gs2/GraphScope/analytical_engine/core/context/java_pie_projected_context.h:39[m[K,
                 from [01m[K/data/gs/gs2/GraphScope/analytical_engine/apps/java_pie/java_pie_projected_default_app.h:28[m[K,
                 from [01m[K/data/gs/gs2/GraphScope/analytical_engine/core/java/graphx_runner.h:39[m[K,
                 from [01m[K/data/gs/gs2/GraphScope/analytical_engine/core/java/graphx_runner.cc:15[m[K:
[01m[K/usr/local/include/boost/filesystem/path.hpp:1128:10:[m[K [01;36m[Knote: [m[Kdeclared here
 1128 |     path [01;36m[Kbranch_path[m[K() const { return parent_path(); }
      |          [01;36m[K^~~~~~~~~~~[m[K
In file included from [01m[K/data/gs/gs2/GraphScope/analytical_engine/core/context/java_pie_projected_context.h:39[m[K,
                 from [01m[K/data/gs/gs2/GraphScope/analytical_engine/apps/java_pie/java_pie_projected_default_app.h:28[m[K,
                 from [01m[K/data/gs/gs2/GraphScope/analytical_engine/core/java/graphx_runner.h:39[m[K,
                 from [01m[K/data/gs/gs2/GraphScope/analytical_engine/core/java/graphx_runner.cc:15[m[K:
[01m[K/data/gs/gs2/GraphScope/analytical_engine/core/context/java_context_base.h:255:55:[m[K [01;35m[Kwarning: [m[K‘[01m[Kboost::filesystem::path boost::filesystem::path::branch_path() const[m[K’ is deprecated: Use path::parent_path() instead [[01;35m[K-Wdeprecated-declarations[m[K]
  255 |       std::string udf_work_space = [01;35m[Klib_dir.branch_path()[m[K.string();
      |                                    [01;35m[K~~~~~~~~~~~~~~~~~~~^~[m[K
In file included from [01m[K/data/gs/gs2/GraphScope/analytical_engine/core/context/java_context_base.h:33[m[K,
                 from [01m[K/data/gs/gs2/GraphScope/analytical_engine/core/context/java_pie_projected_context.h:39[m[K,
                 from [01m[K/data/gs/gs2/GraphScope/analytical_engine/apps/java_pie/java_pie_projected_default_app.h:28[m[K,
                 from [01m[K/data/gs/gs2/GraphScope/analytical_engine/core/java/graphx_runner.h:39[m[K,
                 from [01m[K/data/gs/gs2/GraphScope/analytical_engine/core/java/graphx_runner.cc:15[m[K:
[01m[K/usr/local/include/boost/filesystem/path.hpp:1128:10:[m[K [01;36m[Knote: [m[Kdeclared here
 1128 |     path [01;36m[Kbranch_path[m[K() const { return parent_path(); }
      |          [01;36m[K^~~~~~~~~~~[m[K
In file included from [01m[K/data/gs/gs2/GraphScope/analytical_engine/core/context/java_pie_projected_context.h:39[m[K,
                 from [01m[K/data/gs/gs2/GraphScope/analytical_engine/apps/java_pie/java_pie_projected_default_app.h:28[m[K,
                 from [01m[K/data/gs/gs2/GraphScope/analytical_engine/core/java/graphx_runner.h:39[m[K,
                 from [01m[K/data/gs/gs2/GraphScope/analytical_engine/core/java/graphx_runner.cc:15[m[K:
/data/gs/gs2/GraphScope/analytical_engine/core/context/java_context_base.h: In instantiation of ‘[01m[Kstd::string gs::JavaContextBase<FRAG_T>::libPath2UserClassPath(const boost::filesystem::path&, const boost::filesystem::path&, const string&) [with FRAG_T = gs::ArrowProjectedFragment<long int, long unsigned int, std::basic_string<char>, int, vineyard::ArrowVertexMap<long int, long unsigned int>, false>; std::string = std::basic_string<char>][m[K’:
[01m[K/data/gs/gs2/GraphScope/analytical_engine/core/context/java_context_base.h:338:23:[m[K   required from ‘[01m[Kstd::string gs::JavaContextBase<FRAG_T>::parseParamsAndSetupJVMEnv(const string&, std::string, std::string&, std::string&, std::string&, std::string&, int) [with FRAG_T = gs::ArrowProjectedFragment<long int, long unsigned int, std::basic_string<char>, int, vineyard::ArrowVertexMap<long int, long unsigned int>, false>; std::string = std::basic_string<char>][m[K’
[01m[K/data/gs/gs2/GraphScope/analytical_engine/core/context/java_context_base.h:153:28:[m[K   required from ‘[01m[Kvoid gs::JavaContextBase<FRAG_T>::init(jlong, const char*, const string&, const string&, int) [with FRAG_T = gs::ArrowProjectedFragment<long int, long unsigned int, std::basic_string<char>, int, vineyard::ArrowVertexMap<long int, long unsigned int>, false>; jlong = long int; std::string = std::basic_string<char>][m[K’
[01m[K/data/gs/gs2/GraphScope/analytical_engine/core/context/java_pie_projected_context.h:69:34:[m[K   required from ‘[01m[Kvoid gs::JavaPIEProjectedContext<FRAG_T>::init(jlong, const char*, const string&, const string&, int) [with FRAG_T = gs::ArrowProjectedFragment<long int, long unsigned int, std::basic_string<char>, int, vineyard::ArrowVertexMap<long int, long unsigned int>, false>; jlong = long int; std::string = std::basic_string<char>][m[K’
[01m[K/data/gs/gs2/GraphScope/analytical_engine/core/context/java_pie_projected_context.h:250:42:[m[K   required from ‘[01m[Kvoid gs::JavaPIEProjectedParallelContext<FRAG_T>::Init(grape::ParallelMessageManager&, const string&, const string&) [with FRAG_T = gs::ArrowProjectedFragment<long int, long unsigned int, std::basic_string<char>, int, vineyard::ArrowVertexMap<long int, long unsigned int>, false>; std::string = std::basic_string<char>][m[K’
[01m[K/usr/local/include/grape/worker/worker.h:93:5:[m[K   required from ‘[01m[Kvoid grape::Worker<APP_T, MESSAGE_MANAGER_T>::Query(Args&& ...) [with Args = {const std::basic_string<char, std::char_traits<char>, std::allocator<char> >&, const std::basic_string<char, std::char_traits<char>, std::allocator<char> >&}; APP_T = gs::JavaPIEProjectedParallelApp<gs::ArrowProjectedFragment<long int, long unsigned int, std::basic_string<char>, int, vineyard::ArrowVertexMap<long int, long unsigned int>, false> >; MESSAGE_MANAGER_T = grape::ParallelMessageManager][m[K’
[01m[K/data/gs/gs2/GraphScope/analytical_engine/core/java/graphx_runner.h:207:3:[m[K   required from ‘[01m[Kvoid gs::Query(grape::CommSpec&, std::shared_ptr<_Tp>, const string&, const string&) [with FRAG_T = gs::ArrowProjectedFragment<long int, long unsigned int, std::basic_string<char>, int, vineyard::ArrowVertexMap<long int, long unsigned int>, false>; APP_TYPE = gs::JavaPIEProjectedParallelAppIE<gs::ArrowProjectedFragment<long int, long unsigned int, std::basic_string<char>, int, vineyard::ArrowVertexMap<long int, long unsigned int>, false> >; std::string = std::basic_string<char>][m[K’
[01m[K/data/gs/gs2/GraphScope/analytical_engine/core/java/graphx_runner.h:272:45:[m[K   required from ‘[01m[Kvoid gs::RunGraphX(vineyard::Client&, grape::CommSpec&, std::string&) [with OID_T = long int; VID_T = long unsigned int; VD_T = std::basic_string<char>; ED_T = int; std::string = std::basic_string<char>][m[K’
[01m[K/data/gs/gs2/GraphScope/analytical_engine/core/java/graphx_runner.h:300:46:[m[K   required from ‘[01m[Kvoid gs::Run() [with OID_T = long int; VID_T = long unsigned int; VD_T = std::basic_string<char>; ED_T = int][m[K’
[01m[K/data/gs/gs2/GraphScope/analytical_engine/core/java/graphx_runner.cc:102:56:[m[K   required from here
[01m[K/data/gs/gs2/GraphScope/analytical_engine/core/context/java_context_base.h:255:55:[m[K [01;35m[Kwarning: [m[K‘[01m[Kboost::filesystem::path boost::filesystem::path::branch_path() const[m[K’ is deprecated: Use path::parent_path() instead [[01;35m[K-Wdeprecated-declarations[m[K]
  255 |       std::string udf_work_space = [01;35m[Klib_dir.branch_path()[m[K.string();
      |                                    [01;35m[K~~~~~~~~~~~~~~~~~~~^~[m[K
In file included from [01m[K/data/gs/gs2/GraphScope/analytical_engine/core/context/java_context_base.h:33[m[K,
                 from [01m[K/data/gs/gs2/GraphScope/analytical_engine/core/context/java_pie_projected_context.h:39[m[K,
                 from [01m[K/data/gs/gs2/GraphScope/analytical_engine/apps/java_pie/java_pie_projected_default_app.h:28[m[K,
                 from [01m[K/data/gs/gs2/GraphScope/analytical_engine/core/java/graphx_runner.h:39[m[K,
                 from [01m[K/data/gs/gs2/GraphScope/analytical_engine/core/java/graphx_runner.cc:15[m[K:
[01m[K/usr/local/include/boost/filesystem/path.hpp:1128:10:[m[K [01;36m[Knote: [m[Kdeclared here
 1128 |     path [01;36m[Kbranch_path[m[K() const { return parent_path(); }
      |          [01;36m[K^~~~~~~~~~~[m[K
In file included from [01m[K/data/gs/gs2/GraphScope/analytical_engine/core/context/java_pie_projected_context.h:39[m[K,
                 from [01m[K/data/gs/gs2/GraphScope/analytical_engine/apps/java_pie/java_pie_projected_default_app.h:28[m[K,
                 from [01m[K/data/gs/gs2/GraphScope/analytical_engine/core/java/graphx_runner.h:39[m[K,
                 from [01m[K/data/gs/gs2/GraphScope/analytical_engine/core/java/graphx_runner.cc:15[m[K:
[01m[K/data/gs/gs2/GraphScope/analytical_engine/core/context/java_context_base.h:255:55:[m[K [01;35m[Kwarning: [m[K‘[01m[Kboost::filesystem::path boost::filesystem::path::branch_path() const[m[K’ is deprecated: Use path::parent_path() instead [[01;35m[K-Wdeprecated-declarations[m[K]
  255 |       std::string udf_work_space = [01;35m[Klib_dir.branch_path()[m[K.string();
      |                                    [01;35m[K~~~~~~~~~~~~~~~~~~~^~[m[K
In file included from [01m[K/data/gs/gs2/GraphScope/analytical_engine/core/context/java_context_base.h:33[m[K,
                 from [01m[K/data/gs/gs2/GraphScope/analytical_engine/core/context/java_pie_projected_context.h:39[m[K,
                 from [01m[K/data/gs/gs2/GraphScope/analytical_engine/apps/java_pie/java_pie_projected_default_app.h:28[m[K,
                 from [01m[K/data/gs/gs2/GraphScope/analytical_engine/core/java/graphx_runner.h:39[m[K,
                 from [01m[K/data/gs/gs2/GraphScope/analytical_engine/core/java/graphx_runner.cc:15[m[K:
[01m[K/usr/local/include/boost/filesystem/path.hpp:1128:10:[m[K [01;36m[Knote: [m[Kdeclared here
 1128 |     path [01;36m[Kbranch_path[m[K() const { return parent_path(); }
      |          [01;36m[K^~~~~~~~~~~[m[K
In file included from [01m[K/data/gs/gs2/GraphScope/analytical_engine/core/context/java_pie_projected_context.h:39[m[K,
                 from [01m[K/data/gs/gs2/GraphScope/analytical_engine/apps/java_pie/java_pie_projected_default_app.h:28[m[K,
                 from [01m[K/data/gs/gs2/GraphScope/analytical_engine/core/java/graphx_runner.h:39[m[K,
                 from [01m[K/data/gs/gs2/GraphScope/analytical_engine/core/java/graphx_runner.cc:15[m[K:
/data/gs/gs2/GraphScope/analytical_engine/core/context/java_context_base.h: In instantiation of ‘[01m[Kstd::string gs::JavaContextBase<FRAG_T>::libPath2UserClassPath(const boost::filesystem::path&, const boost::filesystem::path&, const string&) [with FRAG_T = gs::ArrowProjectedFragment<long int, long unsigned int, std::basic_string<char>, double, vineyard::ArrowVertexMap<long int, long unsigned int>, false>; std::string = std::basic_string<char>][m[K’:
[01m[K/data/gs/gs2/GraphScope/analytical_engine/core/context/java_context_base.h:338:23:[m[K   required from ‘[01m[Kstd::string gs::JavaContextBase<FRAG_T>::parseParamsAndSetupJVMEnv(const string&, std::string, std::string&, std::string&, std::string&, std::string&, int) [with FRAG_T = gs::ArrowProjectedFragment<long int, long unsigned int, std::basic_string<char>, double, vineyard::ArrowVertexMap<long int, long unsigned int>, false>; std::string = std::basic_string<char>][m[K’
[01m[K/data/gs/gs2/GraphScope/analytical_engine/core/context/java_context_base.h:153:28:[m[K   required from ‘[01m[Kvoid gs::JavaContextBase<FRAG_T>::init(jlong, const char*, const string&, const string&, int) [with FRAG_T = gs::ArrowProjectedFragment<long int, long unsigned int, std::basic_string<char>, double, vineyard::ArrowVertexMap<long int, long unsigned int>, false>; jlong = long int; std::string = std::basic_string<char>][m[K’
[01m[K/data/gs/gs2/GraphScope/analytical_engine/core/context/java_pie_projected_context.h:69:34:[m[K   required from ‘[01m[Kvoid gs::JavaPIEProjectedContext<FRAG_T>::init(jlong, const char*, const string&, const string&, int) [with FRAG_T = gs::ArrowProjectedFragment<long int, long unsigned int, std::basic_string<char>, double, vineyard::ArrowVertexMap<long int, long unsigned int>, false>; jlong = long int; std::string = std::basic_string<char>][m[K’
[01m[K/data/gs/gs2/GraphScope/analytical_engine/core/context/java_pie_projected_context.h:250:42:[m[K   required from ‘[01m[Kvoid gs::JavaPIEProjectedParallelContext<FRAG_T>::Init(grape::ParallelMessageManager&, const string&, const string&) [with FRAG_T = gs::ArrowProjectedFragment<long int, long unsigned int, std::basic_string<char>, double, vineyard::ArrowVertexMap<long int, long unsigned int>, false>; std::string = std::basic_string<char>][m[K’
[01m[K/usr/local/include/grape/worker/worker.h:93:5:[m[K   required from ‘[01m[Kvoid grape::Worker<APP_T, MESSAGE_MANAGER_T>::Query(Args&& ...) [with Args = {const std::basic_string<char, std::char_traits<char>, std::allocator<char> >&, const std::basic_string<char, std::char_traits<char>, std::allocator<char> >&}; APP_T = gs::JavaPIEProjectedParallelApp<gs::ArrowProjectedFragment<long int, long unsigned int, std::basic_string<char>, double, vineyard::ArrowVertexMap<long int, long unsigned int>, false> >; MESSAGE_MANAGER_T = grape::ParallelMessageManager][m[K’
[01m[K/data/gs/gs2/GraphScope/analytical_engine/core/java/graphx_runner.h:207:3:[m[K   required from ‘[01m[Kvoid gs::Query(grape::CommSpec&, std::shared_ptr<_Tp>, const string&, const string&) [with FRAG_T = gs::ArrowProjectedFragment<long int, long unsigned int, std::basic_string<char>, double, vineyard::ArrowVertexMap<long int, long unsigned int>, false>; APP_TYPE = gs::JavaPIEProjectedParallelAppIE<gs::ArrowProjectedFragment<long int, long unsigned int, std::basic_string<char>, double, vineyard::ArrowVertexMap<long int, long unsigned int>, false> >; std::string = std::basic_string<char>][m[K’
[01m[K/data/gs/gs2/GraphScope/analytical_engine/core/java/graphx_runner.h:272:45:[m[K   required from ‘[01m[Kvoid gs::RunGraphX(vineyard::Client&, grape::CommSpec&, std::string&) [with OID_T = long int; VID_T = long unsigned int; VD_T = std::basic_string<char>; ED_T = double; std::string = std::basic_string<char>][m[K’
[01m[K/data/gs/gs2/GraphScope/analytical_engine/core/java/graphx_runner.h:300:46:[m[K   required from ‘[01m[Kvoid gs::Run() [with OID_T = long int; VID_T = long unsigned int; VD_T = std::basic_string<char>; ED_T = double][m[K’
[01m[K/data/gs/gs2/GraphScope/analytical_engine/core/java/graphx_runner.cc:104:55:[m[K   required from here
[01m[K/data/gs/gs2/GraphScope/analytical_engine/core/context/java_context_base.h:255:55:[m[K [01;35m[Kwarning: [m[K‘[01m[Kboost::filesystem::path boost::filesystem::path::branch_path() const[m[K’ is deprecated: Use path::parent_path() instead [[01;35m[K-Wdeprecated-declarations[m[K]
  255 |       std::string udf_work_space = [01;35m[Klib_dir.branch_path()[m[K.string();
      |                                    [01;35m[K~~~~~~~~~~~~~~~~~~~^~[m[K
In file included from [01m[K/data/gs/gs2/GraphScope/analytical_engine/core/context/java_context_base.h:33[m[K,
                 from [01m[K/data/gs/gs2/GraphScope/analytical_engine/core/context/java_pie_projected_context.h:39[m[K,
                 from [01m[K/data/gs/gs2/GraphScope/analytical_engine/apps/java_pie/java_pie_projected_default_app.h:28[m[K,
                 from [01m[K/data/gs/gs2/GraphScope/analytical_engine/core/java/graphx_runner.h:39[m[K,
                 from [01m[K/data/gs/gs2/GraphScope/analytical_engine/core/java/graphx_runner.cc:15[m[K:
[01m[K/usr/local/include/boost/filesystem/path.hpp:1128:10:[m[K [01;36m[Knote: [m[Kdeclared here
 1128 |     path [01;36m[Kbranch_path[m[K() const { return parent_path(); }
      |          [01;36m[K^~~~~~~~~~~[m[K
In file included from [01m[K/data/gs/gs2/GraphScope/analytical_engine/core/context/java_pie_projected_context.h:39[m[K,
                 from [01m[K/data/gs/gs2/GraphScope/analytical_engine/apps/java_pie/java_pie_projected_default_app.h:28[m[K,
                 from [01m[K/data/gs/gs2/GraphScope/analytical_engine/core/java/graphx_runner.h:39[m[K,
                 from [01m[K/data/gs/gs2/GraphScope/analytical_engine/core/java/graphx_runner.cc:15[m[K:
[01m[K/data/gs/gs2/GraphScope/analytical_engine/core/context/java_context_base.h:255:55:[m[K [01;35m[Kwarning: [m[K‘[01m[Kboost::filesystem::path boost::filesystem::path::branch_path() const[m[K’ is deprecated: Use path::parent_path() instead [[01;35m[K-Wdeprecated-declarations[m[K]
  255 |       std::string udf_work_space = [01;35m[Klib_dir.branch_path()[m[K.string();
      |                                    [01;35m[K~~~~~~~~~~~~~~~~~~~^~[m[K
In file included from [01m[K/data/gs/gs2/GraphScope/analytical_engine/core/context/java_context_base.h:33[m[K,
                 from [01m[K/data/gs/gs2/GraphScope/analytical_engine/core/context/java_pie_projected_context.h:39[m[K,
                 from [01m[K/data/gs/gs2/GraphScope/analytical_engine/apps/java_pie/java_pie_projected_default_app.h:28[m[K,
                 from [01m[K/data/gs/gs2/GraphScope/analytical_engine/core/java/graphx_runner.h:39[m[K,
                 from [01m[K/data/gs/gs2/GraphScope/analytical_engine/core/java/graphx_runner.cc:15[m[K:
[01m[K/usr/local/include/boost/filesystem/path.hpp:1128:10:[m[K [01;36m[Knote: [m[Kdeclared here
 1128 |     path [01;36m[Kbranch_path[m[K() const { return parent_path(); }
      |          [01;36m[K^~~~~~~~~~~[m[K
In file included from [01m[K/data/gs/gs2/GraphScope/analytical_engine/core/context/java_pie_projected_context.h:39[m[K,
                 from [01m[K/data/gs/gs2/GraphScope/analytical_engine/apps/java_pie/java_pie_projected_default_app.h:28[m[K,
                 from [01m[K/data/gs/gs2/GraphScope/analytical_engine/core/java/graphx_runner.h:39[m[K,
                 from [01m[K/data/gs/gs2/GraphScope/analytical_engine/core/java/graphx_runner.cc:15[m[K:
/data/gs/gs2/GraphScope/analytical_engine/core/context/java_context_base.h: In instantiation of ‘[01m[Kstd::string gs::JavaContextBase<FRAG_T>::libPath2UserClassPath(const boost::filesystem::path&, const boost::filesystem::path&, const string&) [with FRAG_T = gs::ArrowProjectedFragment<long int, long unsigned int, std::basic_string<char>, std::basic_string<char>, vineyard::ArrowVertexMap<long int, long unsigned int>, false>; std::string = std::basic_string<char>][m[K’:
[01m[K/data/gs/gs2/GraphScope/analytical_engine/core/context/java_context_base.h:338:23:[m[K   required from ‘[01m[Kstd::string gs::JavaContextBase<FRAG_T>::parseParamsAndSetupJVMEnv(const string&, std::string, std::string&, std::string&, std::string&, std::string&, int) [with FRAG_T = gs::ArrowProjectedFragment<long int, long unsigned int, std::basic_string<char>, std::basic_string<char>, vineyard::ArrowVertexMap<long int, long unsigned int>, false>; std::string = std::basic_string<char>][m[K’
[01m[K/data/gs/gs2/GraphScope/analytical_engine/core/context/java_context_base.h:153:28:[m[K   required from ‘[01m[Kvoid gs::JavaContextBase<FRAG_T>::init(jlong, const char*, const string&, const string&, int) [with FRAG_T = gs::ArrowProjectedFragment<long int, long unsigned int, std::basic_string<char>, std::basic_string<char>, vineyard::ArrowVertexMap<long int, long unsigned int>, false>; jlong = long int; std::string = std::basic_string<char>][m[K’
[01m[K/data/gs/gs2/GraphScope/analytical_engine/core/context/java_pie_projected_context.h:69:34:[m[K   required from ‘[01m[Kvoid gs::JavaPIEProjectedContext<FRAG_T>::init(jlong, const char*, const string&, const string&, int) [with FRAG_T = gs::ArrowProjectedFragment<long int, long unsigned int, std::basic_string<char>, std::basic_string<char>, vineyard::ArrowVertexMap<long int, long unsigned int>, false>; jlong = long int; std::string = std::basic_string<char>][m[K’
[01m[K/data/gs/gs2/GraphScope/analytical_engine/core/context/java_pie_projected_context.h:250:42:[m[K   required from ‘[01m[Kvoid gs::JavaPIEProjectedParallelContext<FRAG_T>::Init(grape::ParallelMessageManager&, const string&, const string&) [with FRAG_T = gs::ArrowProjectedFragment<long int, long unsigned int, std::basic_string<char>, std::basic_string<char>, vineyard::ArrowVertexMap<long int, long unsigned int>, false>; std::string = std::basic_string<char>][m[K’
[01m[K/usr/local/include/grape/worker/worker.h:93:5:[m[K   required from ‘[01m[Kvoid grape::Worker<APP_T, MESSAGE_MANAGER_T>::Query(Args&& ...) [with Args = {const std::basic_string<char, std::char_traits<char>, std::allocator<char> >&, const std::basic_string<char, std::char_traits<char>, std::allocator<char> >&}; APP_T = gs::JavaPIEProjectedParallelApp<gs::ArrowProjectedFragment<long int, long unsigned int, std::basic_string<char>, std::basic_string<char>, vineyard::ArrowVertexMap<long int, long unsigned int>, false> >; MESSAGE_MANAGER_T = grape::ParallelMessageManager][m[K’
[01m[K/data/gs/gs2/GraphScope/analytical_engine/core/java/graphx_runner.h:207:3:[m[K   required from ‘[01m[Kvoid gs::Query(grape::CommSpec&, std::shared_ptr<_Tp>, const string&, const string&) [with FRAG_T = gs::ArrowProjectedFragment<long int, long unsigned int, std::basic_string<char>, std::basic_string<char>, vineyard::ArrowVertexMap<long int, long unsigned int>, false>; APP_TYPE = gs::JavaPIEProjectedParallelAppIE<gs::ArrowProjectedFragment<long int, long unsigned int, std::basic_string<char>, std::basic_string<char>, vineyard::ArrowVertexMap<long int, long unsigned int>, false> >; std::string = std::basic_string<char>][m[K’
[01m[K/data/gs/gs2/GraphScope/analytical_engine/core/java/graphx_runner.h:272:45:[m[K   required from ‘[01m[Kvoid gs::RunGraphX(vineyard::Client&, grape::CommSpec&, std::string&) [with OID_T = long int; VID_T = long unsigned int; VD_T = std::basic_string<char>; ED_T = std::basic_string<char>; std::string = std::basic_string<char>][m[K’
[01m[K/data/gs/gs2/GraphScope/analytical_engine/core/java/graphx_runner.h:300:46:[m[K   required from ‘[01m[Kvoid gs::Run() [with OID_T = long int; VID_T = long unsigned int; VD_T = std::basic_string<char>; ED_T = std::basic_string<char>][m[K’
[01m[K/data/gs/gs2/GraphScope/analytical_engine/core/java/graphx_runner.cc:106:60:[m[K   required from here
[01m[K/data/gs/gs2/GraphScope/analytical_engine/core/context/java_context_base.h:255:55:[m[K [01;35m[Kwarning: [m[K‘[01m[Kboost::filesystem::path boost::filesystem::path::branch_path() const[m[K’ is deprecated: Use path::parent_path() instead [[01;35m[K-Wdeprecated-declarations[m[K]
  255 |       std::string udf_work_space = [01;35m[Klib_dir.branch_path()[m[K.string();
      |                                    [01;35m[K~~~~~~~~~~~~~~~~~~~^~[m[K
In file included from [01m[K/data/gs/gs2/GraphScope/analytical_engine/core/context/java_context_base.h:33[m[K,
                 from [01m[K/data/gs/gs2/GraphScope/analytical_engine/core/context/java_pie_projected_context.h:39[m[K,
                 from [01m[K/data/gs/gs2/GraphScope/analytical_engine/apps/java_pie/java_pie_projected_default_app.h:28[m[K,
                 from [01m[K/data/gs/gs2/GraphScope/analytical_engine/core/java/graphx_runner.h:39[m[K,
                 from [01m[K/data/gs/gs2/GraphScope/analytical_engine/core/java/graphx_runner.cc:15[m[K:
[01m[K/usr/local/include/boost/filesystem/path.hpp:1128:10:[m[K [01;36m[Knote: [m[Kdeclared here
 1128 |     path [01;36m[Kbranch_path[m[K() const { return parent_path(); }
      |          [01;36m[K^~~~~~~~~~~[m[K
In file included from [01m[K/data/gs/gs2/GraphScope/analytical_engine/core/context/java_pie_projected_context.h:39[m[K,
                 from [01m[K/data/gs/gs2/GraphScope/analytical_engine/apps/java_pie/java_pie_projected_default_app.h:28[m[K,
                 from [01m[K/data/gs/gs2/GraphScope/analytical_engine/core/java/graphx_runner.h:39[m[K,
                 from [01m[K/data/gs/gs2/GraphScope/analytical_engine/core/java/graphx_runner.cc:15[m[K:
[01m[K/data/gs/gs2/GraphScope/analytical_engine/core/context/java_context_base.h:255:55:[m[K [01;35m[Kwarning: [m[K‘[01m[Kboost::filesystem::path boost::filesystem::path::branch_path() const[m[K’ is deprecated: Use path::parent_path() instead [[01;35m[K-Wdeprecated-declarations[m[K]
  255 |       std::string udf_work_space = [01;35m[Klib_dir.branch_path()[m[K.string();
      |                                    [01;35m[K~~~~~~~~~~~~~~~~~~~^~[m[K
In file included from [01m[K/data/gs/gs2/GraphScope/analytical_engine/core/context/java_context_base.h:33[m[K,
                 from [01m[K/data/gs/gs2/GraphScope/analytical_engine/core/context/java_pie_projected_context.h:39[m[K,
                 from [01m[K/data/gs/gs2/GraphScope/analytical_engine/apps/java_pie/java_pie_projected_default_app.h:28[m[K,
                 from [01m[K/data/gs/gs2/GraphScope/analytical_engine/core/java/graphx_runner.h:39[m[K,
                 from [01m[K/data/gs/gs2/GraphScope/analytical_engine/core/java/graphx_runner.cc:15[m[K:
[01m[K/usr/local/include/boost/filesystem/path.hpp:1128:10:[m[K [01;36m[Knote: [m[Kdeclared here
 1128 |     path [01;36m[Kbranch_path[m[K() const { return parent_path(); }
      |          [01;36m[K^~~~~~~~~~~[m[K
[01m[Kcc1plus:[m[K [01;35m[Kwarning: [m[Kunrecognized command line option ‘[01m[K-Wno-undef-prefix[m[K’
[100%] Linking CXX executable graphx_runner
make[3]: 离开目录“/data/gs/gs2/GraphScope/analytical_engine/build”
[100%] Built target graphx_runner
make[3]: 离开目录“/data/gs/gs2/GraphScope/analytical_engine/build”
[100%] Built target grape_engine
make[3]: 离开目录“/data/gs/gs2/GraphScope/analytical_engine/build”
[100%] Built target grape_jni
make[2]: 离开目录“/data/gs/gs2/GraphScope/analytical_engine/build”
make[1]: 离开目录“/data/gs/gs2/GraphScope/analytical_engine/build”
